Archive member included to satisfy reference by file (symbol)

.\CortexM3\ARM_GCC_541\Release\firmware.a(ADC.o)
                              .\CortexM3\ARM_GCC_541\Release\main.o (ADC_Start)
.\CortexM3\ARM_GCC_541\Release\firmware.a(ADC_INT.o)
                              .\CortexM3\ARM_GCC_541\Release\firmware.a(ADC.o) (ADC_ISR1)
.\CortexM3\ARM_GCC_541\Release\firmware.a(ADC_STATUS.o)
                              .\CortexM3\ARM_GCC_541\Release\interruptions.o (ADC_STATUS_Read)
.\CortexM3\ARM_GCC_541\Release\firmware.a(DMA_dma.o)
                              .\CortexM3\ARM_GCC_541\Release\main.o (DMA_DmaInitialize)
.\CortexM3\ARM_GCC_541\Release\firmware.a(ADC_SOC.o)
                              .\CortexM3\ARM_GCC_541\Release\interruptions.o (ADC_SOC_Write)
.\CortexM3\ARM_GCC_541\Release\firmware.a(BLINK_05HZ.o)
                              .\CortexM3\ARM_GCC_541\Release\main.o (BLINK_05HZ_Start)
.\CortexM3\ARM_GCC_541\Release\firmware.a(LED_CTRL.o)
                              .\CortexM3\ARM_GCC_541\Release\utils.o (LED_CTRL_Write)
.\CortexM3\ARM_GCC_541\Release\firmware.a(BLINK_CTRL_EN.o)
                              .\CortexM3\ARM_GCC_541\Release\utils.o (BLINK_CTRL_EN_Write)
.\CortexM3\ARM_GCC_541\Release\firmware.a(BLINK_25HZ.o)
                              .\CortexM3\ARM_GCC_541\Release\main.o (BLINK_25HZ_Start)
.\CortexM3\ARM_GCC_541\Release\firmware.a(PWM_MOTORS.o)
                              .\CortexM3\ARM_GCC_541\Release\main.o (PWM_MOTORS_Start)
.\CortexM3\ARM_GCC_541\Release\firmware.a(EEPROM.o)
                              .\CortexM3\ARM_GCC_541\Release\main.o (EEPROM_Start)
.\CortexM3\ARM_GCC_541\Release\firmware.a(FTDI_ENABLE.o)
                              .\CortexM3\ARM_GCC_541\Release\command_processing.o (FTDI_ENABLE_Write)
.\CortexM3\ARM_GCC_541\Release\firmware.a(RS485_CTS.o)
                              .\CortexM3\ARM_GCC_541\Release\command_processing.o (RS485_CTS_Write)
.\CortexM3\ARM_GCC_541\Release\firmware.a(PACER_TIMER.o)
                              .\CortexM3\ARM_GCC_541\Release\main.o (PACER_TIMER_Start)
.\CortexM3\ARM_GCC_541\Release\firmware.a(RESET_FF.o)
                              .\CortexM3\ARM_GCC_541\Release\main.o (RESET_FF_Write)
.\CortexM3\ARM_GCC_541\Release\firmware.a(FF_STATUS.o)
                              .\CortexM3\ARM_GCC_541\Release\main.o (FF_STATUS_Read)
.\CortexM3\ARM_GCC_541\Release\firmware.a(MY_TIMER.o)
                              .\CortexM3\ARM_GCC_541\Release\main.o (MY_TIMER_Start)
.\CortexM3\ARM_GCC_541\Release\firmware.a(UART_RS485.o)
                              .\CortexM3\ARM_GCC_541\Release\main.o (UART_RS485_Start)
.\CortexM3\ARM_GCC_541\Release\firmware.a(UART_RS485_INT.o)
                              .\CortexM3\ARM_GCC_541\Release\firmware.a(UART_RS485.o) (UART_RS485_RXISR)
.\CortexM3\ARM_GCC_541\Release\firmware.a(ISR_RS485_RX.o)
                              .\CortexM3\ARM_GCC_541\Release\command_processing.o (ISR_RS485_RX_Disable)
.\CortexM3\ARM_GCC_541\Release\firmware.a(CLOCK_UART.o)
                              .\CortexM3\ARM_GCC_541\Release\command_processing.o (CLOCK_UART_SetDividerRegister)
.\CortexM3\ARM_GCC_541\Release\firmware.a(CYCLES_TIMER.o)
                              .\CortexM3\ARM_GCC_541\Release\main.o (CYCLES_TIMER_Start)
.\CortexM3\ARM_GCC_541\Release\firmware.a(ISR_CYCLES.o)
                              .\CortexM3\ARM_GCC_541\Release\main.o (ISR_CYCLES_StartEx)
.\CortexM3\ARM_GCC_541\Release\firmware.a(COUNTER_ENC.o)
                              .\CortexM3\ARM_GCC_541\Release\main.o (COUNTER_ENC_Start)
.\CortexM3\ARM_GCC_541\Release\firmware.a(SHIFTREG_ENC_3.o)
                              .\CortexM3\ARM_GCC_541\Release\main.o (SHIFTREG_ENC_3_Start)
.\CortexM3\ARM_GCC_541\Release\firmware.a(SHIFTREG_ENC_2.o)
                              .\CortexM3\ARM_GCC_541\Release\main.o (SHIFTREG_ENC_2_Start)
.\CortexM3\ARM_GCC_541\Release\firmware.a(SHIFTREG_ENC_1.o)
                              .\CortexM3\ARM_GCC_541\Release\main.o (SHIFTREG_ENC_1_Start)
.\CortexM3\ARM_GCC_541\Release\firmware.a(RESET_COUNTERS.o)
                              .\CortexM3\ARM_GCC_541\Release\Encoder_functions.o (RESET_COUNTERS_Write)
.\CortexM3\ARM_GCC_541\Release\firmware.a(ADC_AMux.o)
                              .\CortexM3\ARM_GCC_541\Release\firmware.a(ADC.o) (ADC_AMux_Select)
.\CortexM3\ARM_GCC_541\Release\firmware.a(ADC_Ext_CP_Clk.o)
                              .\CortexM3\ARM_GCC_541\Release\firmware.a(ADC.o) (ADC_Ext_CP_Clk_SetDividerRegister)
.\CortexM3\ARM_GCC_541\Release\firmware.a(ADC_theACLK.o)
                              .\CortexM3\ARM_GCC_541\Release\firmware.a(ADC.o) (ADC_theACLK_SetDividerRegister)
.\CortexM3\ARM_GCC_541\Release\firmware.a(CyDmac.o)
                              .\CortexM3\ARM_GCC_541\Release\Cm3Start.o (CyDmacConfigure)
.\CortexM3\ARM_GCC_541\Release\firmware.a(CyFlash.o)
                              .\CortexM3\ARM_GCC_541\Release\firmware.a(EEPROM.o) (dieTemperature)
[...]
Memory Configuration

Name             Origin             Length             Attributes
rom              0x00000000         0x00040000         xr
ram              0x1fff8000         0x00010000         xrw
*default*        0x00000000         0xffffffff

Linker script and memory map

LOAD c:/program files (x86)/cypress/psoc creator/4.2/psoc creator/import/gnu/arm/5.4.1/bin/../lib/gcc/arm-none-eabi/5.4.1/armv7-m/crti.o
LOAD c:/program files (x86)/cypress/psoc creator/4.2/psoc creator/import/gnu/arm/5.4.1/bin/../lib/gcc/arm-none-eabi/5.4.1/armv7-m/crtbegin.o
LOAD c:/program files (x86)/cypress/psoc creator/4.2/psoc creator/import/gnu/arm/5.4.1/bin/../lib/gcc/arm-none-eabi/5.4.1/../../../../arm-none-eabi/lib/armv7-m/crt0.o
START GROUP
LOAD .\CortexM3\ARM_GCC_541\Release\command_processing.o
LOAD .\CortexM3\ARM_GCC_541\Release\globals.o
LOAD .\CortexM3\ARM_GCC_541\Release\interruptions.o
LOAD .\CortexM3\ARM_GCC_541\Release\utils.o
LOAD .\CortexM3\ARM_GCC_541\Release\main.o
LOAD .\CortexM3\ARM_GCC_541\Release\FS_ConfigIO.o
LOAD .\CortexM3\ARM_GCC_541\Release\Encoder_functions.o
LOAD .\CortexM3\ARM_GCC_541\Release\SD_RTC_functions.o
LOAD .\CortexM3\ARM_GCC_541\Release\IMU_functions.o
LOAD .\CortexM3\ARM_GCC_541\Release\cyfitter_cfg.o
LOAD .\CortexM3\ARM_GCC_541\Release\cymetadata.o
LOAD .\CortexM3\ARM_GCC_541\Release\Cm3Start.o
LOAD .\CortexM3\ARM_GCC_541\Release\cybootloader.o
LOAD .\CortexM3\ARM_GCC_541\Release\firmware.a
LOAD C:\Program Files (x86)\Cypress\PSoC Creator\4.2\PSoC Creator\psoc\content\cycomponentlibrary\CyComponentLibrary.cylib\CortexM3\ARM_GCC_541\Release\CyComponentLibrary.a
LOAD ..\emFile_V322c\LinkLibrary\PSoC5\GCC\libemf16noslfn.a
LOAD c:/program files (x86)/cypress/psoc creator/4.2/psoc creator/import/gnu/arm/5.4.1/bin/../lib/gcc/arm-none-eabi/5.4.1/../../../../arm-none-eabi/lib/armv7-m\libm.a
END GROUP
START GROUP
LOAD c:/program files (x86)/cypress/psoc creator/4.2/psoc creator/import/gnu/arm/5.4.1/bin/../lib/gcc/arm-none-eabi/5.4.1/armv7-m\libgcc.a
LOAD c:/program files (x86)/cypress/psoc creator/4.2/psoc creator/import/gnu/arm/5.4.1/bin/../lib/gcc/arm-none-eabi/5.4.1/../../../../arm-none-eabi/lib/armv7-m\libg_nano.a
LOAD c:/program files (x86)/cypress/psoc creator/4.2/psoc creator/import/gnu/arm/5.4.1/bin/../lib/gcc/arm-none-eabi/5.4.1/../../../../arm-none-eabi/lib/armv7-m\libc_nano.a
END GROUP
START GROUP
LOAD c:/program files (x86)/cypress/psoc creator/4.2/psoc creator/import/gnu/arm/5.4.1/bin/../lib/gcc/arm-none-eabi/5.4.1/armv7-m\libgcc.a
LOAD c:/program files (x86)/cypress/psoc creator/4.2/psoc creator/import/gnu/arm/5.4.1/bin/../lib/gcc/arm-none-eabi/5.4.1/../../../../arm-none-eabi/lib/armv7-m\libc_nano.a
END GROUP
LOAD c:/program files (x86)/cypress/psoc creator/4.2/psoc creator/import/gnu/arm/5.4.1/bin/../lib/gcc/arm-none-eabi/5.4.1/armv7-m/crtend.o
LOAD c:/program files (x86)/cypress/psoc creator/4.2/psoc creator/import/gnu/arm/5.4.1/bin/../lib/gcc/arm-none-eabi/5.4.1/armv7-m/crtn.o
START GROUP
LOAD c:/program files (x86)/cypress/psoc creator/4.2/psoc creator/import/gnu/arm/5.4.1/bin/../lib/gcc/arm-none-eabi/5.4.1/armv7-m\libgcc.a
LOAD c:/program files (x86)/cypress/psoc creator/4.2/psoc creator/import/gnu/arm/5.4.1/bin/../lib/gcc/arm-none-eabi/5.4.1/../../../../arm-none-eabi/lib/armv7-m\libc.a
LOAD c:/program files (x86)/cypress/psoc creator/4.2/psoc creator/import/gnu/arm/5.4.1/bin/../lib/gcc/arm-none-eabi/5.4.1/../../../../arm-none-eabi/lib/armv7-m\libnosys.a
END GROUP
                0x00000000                CY_APPL_ORIGIN = 0x0
                0x00000100                CY_FLASH_ROW_SIZE = 0x100
                0x00000020                CY_ECC_ROW_SIZE = 0x20
                0x00000000                CY_EE_IN_BTLDR = 0x0
                0x00000001                CY_APPL_LOADABLE = 0x1
                0x00000800                CY_EE_SIZE = 0x800
                0x00000001                CY_APPL_NUM = 0x1
                0x00000001                CY_APPL_MAX = 0x1
                0x00000040                CY_METADATA_SIZE = 0x40
                0x00000001                CY_APPL_LOADABLE = 0x1
                0x00000000                CY_CHECKSUM_EXCLUDE_SIZE = ALIGN (0x0, CY_FLASH_ROW_SIZE)
                [!provide]                PROVIDE (__cy_heap_start, _end)
                0x00000001                PROVIDE (__cy_region_num, ((__cy_regions_end - __cy_regions) / 0x10))
                0x20008000                PROVIDE (__cy_stack, (ORIGIN (ram) + LENGTH (ram)))
                [!provide]                PROVIDE (__cy_heap_end, (__cy_stack - 0x800))

.cybootloader   0x00000000     0x1d00
 *(.cybootloader)
 .cybootloader  0x00000000     0x1d00 .\CortexM3\ARM_GCC_541\Release\cybootloader.o
                0x00000000                cy_bootloader
                0x00001d00                appl1_start = CY_APPL_ORIGIN?CY_APPL_ORIGIN:ALIGN (CY_FLASH_ROW_SIZE)
                0x00020e00                appl2_start = (appl1_start + ALIGN ((((LENGTH (rom) - appl1_start) - (0x2 * CY_FLASH_ROW_SIZE)) / 0x2), CY_FLASH_ROW_SIZE))
                0x00001d00                appl_start = (CY_APPL_NUM == 0x1)?appl1_start:appl2_start
                0x000003a0                ecc_offset = ((appl_start / CY_FLASH_ROW_SIZE) * CY_ECC_ROW_SIZE)
                0x00000000                ee_offset = (CY_APPL_LOADABLE && ! (CY_EE_IN_BTLDR))?((CY_EE_SIZE / CY_APPL_MAX) * (CY_APPL_NUM - 0x1)):0x0
                0x00000800                ee_size = (CY_APPL_LOADABLE && ! (CY_EE_IN_BTLDR))?(CY_EE_SIZE / CY_APPL_MAX):CY_EE_SIZE
                0x000003a0                PROVIDE (CY_ECC_OFFSET, ecc_offset)

.text           0x00001d00    0x17dd8
 CREATE_OBJECT_SYMBOLS
                0x00001d00                PROVIDE (__cy_interrupt_vector, RomVectors)
 *(.romvectors)
 .romvectors    0x00001d00       0x10 .\CortexM3\ARM_GCC_541\Release\Cm3Start.o
                0x00001d00                RomVectors
                0x00000001                ASSERT ((. != __cy_interrupt_vector), No interrupt vector)
                0x00000001                ASSERT (CY_APPL_ORIGIN?(SIZEOF (.cybootloader) <= CY_APPL_ORIGIN):0x1, Wrong image location)
                0x00001d10                PROVIDE (__cy_reset, Reset)
 *(.text.Reset)
 .text.Reset    0x00001d10        0x8 .\CortexM3\ARM_GCC_541\Release\Cm3Start.o
                0x00001d10                Reset
                0x00000001                ASSERT ((. != __cy_reset), No reset code)
 *(.dma_init)
                0x00000001                ASSERT ((((appl_start + .) <= 0x10000) || 0x1), DMA Init must be within the first 64k of flash)
 *(.text .text.* .gnu.linkonce.t.*)
 .text          0x00001d18       0x5c c:/program files (x86)/cypress/psoc creator/4.2/psoc creator/import/gnu/arm/5.4.1/bin/../lib/gcc/arm-none-eabi/5.4.1/armv7-m/crtbegin.o
 .text.commProcess
                0x00001d74      0x4dc .\CortexM3\ARM_GCC_541\Release\command_processing.o
                0x00001d74                commProcess
 .text.infoGet  0x00002250       0x70 .\CortexM3\ARM_GCC_541\Release\command_processing.o
                0x00002250                infoGet
 .text.get_param_list
                0x000022c0     0x196c .\CortexM3\ARM_GCC_541\Release\command_processing.o
                0x000022c0                get_param_list
 .text.manage_param_list
                0x00003c2c      0xbbc .\CortexM3\ARM_GCC_541\Release\command_processing.o
                0x00003c2c                manage_param_list
 .text.get_IMU_param_list
                0x000047e8      0xdf4 .\CortexM3\ARM_GCC_541\Release\command_processing.o
                0x000047e8                get_IMU_param_list
 .text.setZeros
                0x000055dc       0x5c .\CortexM3\ARM_GCC_541\Release\command_processing.o
                0x000055dc                setZeros
 .text.prepare_generic_info
                0x00005638     0x175c .\CortexM3\ARM_GCC_541\Release\command_processing.o
                0x00005638                prepare_generic_info
 .text.prepare_counter_info
                0x00006d94      0x358 .\CortexM3\ARM_GCC_541\Release\command_processing.o
                0x00006d94                prepare_counter_info
 .text.prepare_SD_param_info
                0x000070ec      0x9ec .\CortexM3\ARM_GCC_541\Release\command_processing.o
                0x000070ec                prepare_SD_param_info
 .text.prepare_SD_legend
                0x00007ad8       0xc8 .\CortexM3\ARM_GCC_541\Release\command_processing.o
                0x00007ad8                prepare_SD_legend
 .text.prepare_SD_info
                0x00007ba0      0x130 .\CortexM3\ARM_GCC_541\Release\command_processing.o
                0x00007ba0                prepare_SD_info
 .text.IMU_reading_info
                0x00007cd0      0x374 .\CortexM3\ARM_GCC_541\Release\command_processing.o
                0x00007cd0                IMU_reading_info
 .text.commWrite_old_id
                0x00008044       0x84 .\CortexM3\ARM_GCC_541\Release\command_processing.o
                0x00008044                commWrite_old_id
 .text.commWrite
                0x000080c8       0x88 .\CortexM3\ARM_GCC_541\Release\command_processing.o
                0x000080c8                commWrite
 .text.commWrite_to_cuff
                0x00008150       0x80 .\CortexM3\ARM_GCC_541\Release\command_processing.o
                0x00008150                commWrite_to_cuff
 .text.LCRChecksum
                0x000081d0       0x40 .\CortexM3\ARM_GCC_541\Release\command_processing.o
                0x000081d0                LCRChecksum
 .text.sendAcknowledgment
                0x00008210       0x30 .\CortexM3\ARM_GCC_541\Release\command_processing.o
                0x00008210                sendAcknowledgment
 .text.memStore
                0x00008240       0x98 .\CortexM3\ARM_GCC_541\Release\command_processing.o
                0x00008240                memStore
 .text.memRecall
                0x000082d8       0x64 .\CortexM3\ARM_GCC_541\Release\command_processing.o
                0x000082d8                memRecall
 .text.memRestore
                0x0000833c       0x5c .\CortexM3\ARM_GCC_541\Release\command_processing.o
                0x0000833c                memRestore
 .text.memInit  0x00008398      0x37c .\CortexM3\ARM_GCC_541\Release\command_processing.o
                0x00008398                memInit
 .text.memInit_SoftHand
                0x00008714       0xb4 .\CortexM3\ARM_GCC_541\Release\command_processing.o
                0x00008714                memInit_SoftHand
 .text.cmd_get_measurements
                0x000087c8       0x8c .\CortexM3\ARM_GCC_541\Release\command_processing.o
                0x000087c8                cmd_get_measurements
 .text.cmd_get_velocities
                0x00008854       0x90 .\CortexM3\ARM_GCC_541\Release\command_processing.o
                0x00008854                cmd_get_velocities
 .text.cmd_get_accelerations
                0x000088e4       0x8c .\CortexM3\ARM_GCC_541\Release\command_processing.o
                0x000088e4                cmd_get_accelerations
 .text.cmd_set_inputs
                0x00008970       0xcc .\CortexM3\ARM_GCC_541\Release\command_processing.o
                0x00008970                cmd_set_inputs
 .text.cmd_activate
                0x00008a3c       0x48 .\CortexM3\ARM_GCC_541\Release\command_processing.o
                0x00008a3c                cmd_activate
 .text.cmd_get_activate
                0x00008a84       0x34 .\CortexM3\ARM_GCC_541\Release\command_processing.o
                0x00008a84                cmd_get_activate
 .text.cmd_get_curr_and_meas
                0x00008ab8       0xd8 .\CortexM3\ARM_GCC_541\Release\command_processing.o
                0x00008ab8                cmd_get_curr_and_meas
 .text.cmd_get_currents
                0x00008b90       0x78 .\CortexM3\ARM_GCC_541\Release\command_processing.o
                0x00008b90                cmd_get_currents
 .text.cmd_get_currents_for_cuff
                0x00008c08       0x44 .\CortexM3\ARM_GCC_541\Release\command_processing.o
                0x00008c08                cmd_get_currents_for_cuff
 .text.cmd_set_baudrate
                0x00008c4c       0x34 .\CortexM3\ARM_GCC_541\Release\command_processing.o
                0x00008c4c                cmd_set_baudrate
 .text.cmd_ping
                0x00008c80       0x20 .\CortexM3\ARM_GCC_541\Release\command_processing.o
                0x00008c80                cmd_ping
 .text.cmd_get_inputs
                0x00008ca0       0x54 .\CortexM3\ARM_GCC_541\Release\command_processing.o
                0x00008ca0                cmd_get_inputs
 .text.cmd_store_params
                0x00008cf4      0x170 .\CortexM3\ARM_GCC_541\Release\command_processing.o
                0x00008cf4                cmd_store_params
 .text.cmd_get_emg
                0x00008e64       0x60 .\CortexM3\ARM_GCC_541\Release\command_processing.o
                0x00008e64                cmd_get_emg
 .text.cmd_get_imu_readings
                0x00008ec4      0x598 .\CortexM3\ARM_GCC_541\Release\command_processing.o
                0x00008ec4                cmd_get_imu_readings
 .text.cmd_get_encoder_map
                0x0000945c       0x88 .\CortexM3\ARM_GCC_541\Release\command_processing.o
                0x0000945c                cmd_get_encoder_map
 .text.cmd_get_encoder_raw
                0x000094e4       0xe8 .\CortexM3\ARM_GCC_541\Release\command_processing.o
                0x000094e4                cmd_get_encoder_raw
 .text.cmd_get_ADC_map
                0x000095cc       0x5c .\CortexM3\ARM_GCC_541\Release\command_processing.o
                0x000095cc                cmd_get_ADC_map
 .text.cmd_get_ADC_raw
                0x00009628       0xc0 .\CortexM3\ARM_GCC_541\Release\command_processing.o
                0x00009628                cmd_get_ADC_raw
 .text.ISR_RS485_RX_ExInterrupt
                0x000096e8       0x18 .\CortexM3\ARM_GCC_541\Release\interruptions.o
                0x000096e8                ISR_RS485_RX_ExInterrupt
 .text.ISR_CYCLES_Handler
                0x00009700       0x20 .\CortexM3\ARM_GCC_541\Release\interruptions.o
                0x00009700                ISR_CYCLES_Handler
 .text.interrupt_manager
                0x00009720      0x1f4 .\CortexM3\ARM_GCC_541\Release\interruptions.o
                0x00009720                interrupt_manager
 .text.function_scheduler
                0x00009914      0x2e4 .\CortexM3\ARM_GCC_541\Release\interruptions.o
                0x00009914                function_scheduler
 .text.motor_control_SH
                0x00009bf8      0x9c0 .\CortexM3\ARM_GCC_541\Release\interruptions.o
                0x00009bf8                motor_control_SH
 .text.encoder_reading_SPI
                0x0000a5b8      0x544 .\CortexM3\ARM_GCC_541\Release\interruptions.o
                0x0000a5b8                encoder_reading_SPI
 .text.analog_read_end
                0x0000aafc      0x99c .\CortexM3\ARM_GCC_541\Release\interruptions.o
                0x0000aafc                analog_read_end
 .text.overcurrent_control
                0x0000b498       0x74 .\CortexM3\ARM_GCC_541\Release\interruptions.o
                0x0000b498                overcurrent_control
 .text.pwm_limit_search
                0x0000b50c       0x64 .\CortexM3\ARM_GCC_541\Release\interruptions.o
                0x0000b50c                pwm_limit_search
 .text.cycles_counter_update
                0x0000b570      0x334 .\CortexM3\ARM_GCC_541\Release\interruptions.o
                0x0000b570                cycles_counter_update
 .text.save_cycles_eeprom
                0x0000b8a4      0x108 .\CortexM3\ARM_GCC_541\Release\interruptions.o
                0x0000b8a4                save_cycles_eeprom
 .text.curr_estim
                0x0000b9ac      0x1d0 .\CortexM3\ARM_GCC_541\Release\utils.o
                0x0000b9ac                curr_estim
 .text.filter   0x0000bb7c       0x50 .\CortexM3\ARM_GCC_541\Release\utils.o
                0x0000bb7c                filter
 .text.my_mod   0x0000bbcc       0x50 .\CortexM3\ARM_GCC_541\Release\utils.o
                0x0000bbcc                my_mod
 .text.calibration
                0x0000bc1c       0xac .\CortexM3\ARM_GCC_541\Release\utils.o
                0x0000bc1c                calibration
 .text.calc_turns_fcn
                0x0000bcc8       0xb0 .\CortexM3\ARM_GCC_541\Release\utils.o
                0x0000bcc8                calc_turns_fcn
 .text.check_rest_position
                0x0000bd78      0x284 .\CortexM3\ARM_GCC_541\Release\utils.o
                0x0000bd78                check_rest_position
 .text.LED_control
                0x0000bffc       0x90 .\CortexM3\ARM_GCC_541\Release\utils.o
                0x0000bffc                LED_control
 *fill*         0x0000c08c        0x4 
 .text.battery_management
                0x0000c090      0x218 .\CortexM3\ARM_GCC_541\Release\utils.o
                0x0000c090                battery_management
 .text.ADC_Set_N_Channels
                0x0000c2a8       0x20 .\CortexM3\ARM_GCC_541\Release\utils.o
                0x0000c2a8                ADC_Set_N_Channels
 .text.reset_counters
                0x0000c2c8       0x78 .\CortexM3\ARM_GCC_541\Release\utils.o
                0x0000c2c8                reset_counters
 .text.invSqrt  0x0000c340       0x78 .\CortexM3\ARM_GCC_541\Release\utils.o
                0x0000c340                invSqrt
 .text.v3_normalize
                0x0000c3b8       0xb0 .\CortexM3\ARM_GCC_541\Release\utils.o
                0x0000c3b8                v3_normalize
 .text.v4_normalize
                0x0000c468       0xec .\CortexM3\ARM_GCC_541\Release\utils.o
                0x0000c468                v4_normalize
 .text.main     0x0000c554      0x3f8 .\CortexM3\ARM_GCC_541\Release\main.o
                0x0000c554                main
 .text.Change_CS_EncoderLine
                0x0000c94c       0x40 .\CortexM3\ARM_GCC_541\Release\Encoder_functions.o
                0x0000c94c                Change_CS_EncoderLine
 .text.InitEncoderGeneral
                0x0000c98c       0x54 .\CortexM3\ARM_GCC_541\Release\Encoder_functions.o
                0x0000c98c                InitEncoderGeneral
 .text.InitEncoderLine
                0x0000c9e0       0x7c .\CortexM3\ARM_GCC_541\Release\Encoder_functions.o
                0x0000c9e0                InitEncoderLine
 .text.ReadEncoderLine
                0x0000ca5c      0x1e8 .\CortexM3\ARM_GCC_541\Release\Encoder_functions.o
                0x0000ca5c                ReadEncoderLine
 .text.DS1302_write
                0x0000cc44       0x48 .\CortexM3\ARM_GCC_541\Release\SD_RTC_functions.o
                0x0000cc44                DS1302_write
 .text.DS1302_writeByte
                0x0000cc8c       0x1c .\CortexM3\ARM_GCC_541\Release\SD_RTC_functions.o
                0x0000cc8c                DS1302_writeByte
 .text.DS1302_read
                0x0000cca8       0x44 .\CortexM3\ARM_GCC_541\Release\SD_RTC_functions.o
                0x0000cca8                DS1302_read
 .text.DS1302_readByte
                0x0000ccec       0x5c .\CortexM3\ARM_GCC_541\Release\SD_RTC_functions.o
                0x0000ccec                DS1302_readByte
 .text.shiftOut_RTC
                0x0000cd48       0x4c .\CortexM3\ARM_GCC_541\Release\SD_RTC_functions.o
                0x0000cd48                shiftOut_RTC
 .text.store_RTC_current_time
                0x0000cd94      0x11c .\CortexM3\ARM_GCC_541\Release\SD_RTC_functions.o
                0x0000cd94                store_RTC_current_time
 .text.set_RTC_time
                0x0000ceb0      0x16c .\CortexM3\ARM_GCC_541\Release\SD_RTC_functions.o
                0x0000ceb0                set_RTC_time
 .text.InitSD_FS
                0x0000d01c      0x314 .\CortexM3\ARM_GCC_541\Release\SD_RTC_functions.o
                0x0000d01c                InitSD_FS
 .text.InitIMU  0x0000d330       0xdc .\CortexM3\ARM_GCC_541\Release\IMU_functions.o
                0x0000d330                InitIMU
 .text.InitIMUMagCal
                0x0000d40c       0xdc .\CortexM3\ARM_GCC_541\Release\IMU_functions.o
                0x0000d40c                InitIMUMagCal
 .text.ChipSelectorIMU
                0x0000d4e8       0x20 .\CortexM3\ARM_GCC_541\Release\IMU_functions.o
                0x0000d4e8                ChipSelectorIMU
 .text.InitIMUgeneral
                0x0000d508      0x2c0 .\CortexM3\ARM_GCC_541\Release\IMU_functions.o
                0x0000d508                InitIMUgeneral
 .text.ReadIMU  0x0000d7c8       0xa0 .\CortexM3\ARM_GCC_541\Release\IMU_functions.o
                0x0000d7c8                ReadIMU
 .text.ReadAcc  0x0000d868      0x104 .\CortexM3\ARM_GCC_541\Release\IMU_functions.o
                0x0000d868                ReadAcc
 .text.ReadGyro
                0x0000d96c      0x104 .\CortexM3\ARM_GCC_541\Release\IMU_functions.o
                0x0000d96c                ReadGyro
 .text.ReadMag  0x0000da70       0xfc .\CortexM3\ARM_GCC_541\Release\IMU_functions.o
                0x0000da70                ReadMag
 .text.ReadMagCal
                0x0000db6c       0x7c .\CortexM3\ARM_GCC_541\Release\IMU_functions.o
                0x0000db6c                ReadMagCal
 .text.ReadQuat
                0x0000dbe8      0xb10 .\CortexM3\ARM_GCC_541\Release\IMU_functions.o
                0x0000dbe8                ReadQuat
 .text.ReadAllIMUs
                0x0000e6f8      0x288 .\CortexM3\ARM_GCC_541\Release\IMU_functions.o
                0x0000e6f8                ReadAllIMUs
 .text.ReadTemp
                0x0000e980       0x5c .\CortexM3\ARM_GCC_541\Release\IMU_functions.o
                0x0000e980                ReadTemp
 .text.WriteControlRegisterIMU
                0x0000e9dc       0x54 .\CortexM3\ARM_GCC_541\Release\IMU_functions.o
                0x0000e9dc                WriteControlRegisterIMU
 .text.ReadControlRegisterIMU
                0x0000ea30       0x54 .\CortexM3\ARM_GCC_541\Release\IMU_functions.o
                0x0000ea30                ReadControlRegisterIMU
 .text.SPI_delay
                0x0000ea84       0x2c .\CortexM3\ARM_GCC_541\Release\IMU_functions.o
                0x0000ea84                SPI_delay
 .text.CYMEMZERO
                0x0000eab0       0x1c .\CortexM3\ARM_GCC_541\Release\cyfitter_cfg.o
 .text.CYCONFIGCPY
                0x0000eacc       0x20 .\CortexM3\ARM_GCC_541\Release\cyfitter_cfg.o
 .text.CyClockStartupError
                0x0000eaec        0xc .\CortexM3\ARM_GCC_541\Release\cyfitter_cfg.o
 .text.cfg_write_bytes32
                0x0000eaf8       0x74 .\CortexM3\ARM_GCC_541\Release\cyfitter_cfg.o
 .text.ClockSetup
                0x0000eb6c      0x1d8 .\CortexM3\ARM_GCC_541\Release\cyfitter_cfg.o
 .text.AnalogSetDefault
                0x0000ed44       0x80 .\CortexM3\ARM_GCC_541\Release\cyfitter_cfg.o
 .text.ADC_AMux_Set
                0x0000edc4       0x40 .\CortexM3\ARM_GCC_541\Release\cyfitter_cfg.o
                0x0000edc4                ADC_AMux_Set
 .text.ADC_AMux_Unset
                0x0000ee04       0x44 .\CortexM3\ARM_GCC_541\Release\cyfitter_cfg.o
                0x0000ee04                ADC_AMux_Unset
 .text.cyfitter_cfg
                0x0000ee48      0x1f4 .\CortexM3\ARM_GCC_541\Release\cyfitter_cfg.o
                0x0000ee48                cyfitter_cfg
 .text.IntDefaultHandler
                0x0000f03c       0x14 .\CortexM3\ARM_GCC_541\Release\Cm3Start.o
                0x0000f03c                IntDefaultHandler
 .text._sbrk    0x0000f050       0x54 .\CortexM3\ARM_GCC_541\Release\Cm3Start.o
                0x0000f050                _sbrk
 .text.Start_c  0x0000f0a4       0x98 .\CortexM3\ARM_GCC_541\Release\Cm3Start.o
                0x0000f0a4                Start_c
 .text.initialize_psoc
                0x0000f13c       0x94 .\CortexM3\ARM_GCC_541\Release\Cm3Start.o
                0x0000f13c                initialize_psoc
 .text.ADC_Init
                0x0000f1d0      0x11c .\CortexM3\ARM_GCC_541\Release\firmware.a(ADC.o)
                0x0000f1d0                ADC_Init
 .text.ADC_Enable
                0x0000f2ec      0x158 .\CortexM3\ARM_GCC_541\Release\firmware.a(ADC.o)
                0x0000f2ec                ADC_Enable
 .text.ADC_Start
                0x0000f444       0x30 .\CortexM3\ARM_GCC_541\Release\firmware.a(ADC.o)
                0x0000f444                ADC_Start
 .text.ADC_InitConfig
                0x0000f474      0x164 .\CortexM3\ARM_GCC_541\Release\firmware.a(ADC.o)
 .text.ADC_GainCompensation
                0x0000f5d8      0x16c .\CortexM3\ARM_GCC_541\Release\firmware.a(ADC.o)
 .text.ADC_SetDSMRef0Reg
                0x0000f744       0x7c .\CortexM3\ARM_GCC_541\Release\firmware.a(ADC.o)
 .text.ADC_ISR1
                0x0000f7c0        0xc .\CortexM3\ARM_GCC_541\Release\firmware.a(ADC_INT.o)
                0x0000f7c0                ADC_ISR1
 .text.ADC_STATUS_Read
                0x0000f7cc       0x18 .\CortexM3\ARM_GCC_541\Release\firmware.a(ADC_STATUS.o)
                0x0000f7cc                ADC_STATUS_Read
 .text.DMA_DmaInitialize
                0x0000f7e4       0x64 .\CortexM3\ARM_GCC_541\Release\firmware.a(DMA_dma.o)
                0x0000f7e4                DMA_DmaInitialize
 .text.ADC_SOC_Write
                0x0000f848       0x20 .\CortexM3\ARM_GCC_541\Release\firmware.a(ADC_SOC.o)
                0x0000f848                ADC_SOC_Write
 .text.BLINK_05HZ_Start
                0x0000f868       0x24 .\CortexM3\ARM_GCC_541\Release\firmware.a(BLINK_05HZ.o)
                0x0000f868                BLINK_05HZ_Start
 .text.BLINK_05HZ_Init
                0x0000f88c       0x6c .\CortexM3\ARM_GCC_541\Release\firmware.a(BLINK_05HZ.o)
                0x0000f88c                BLINK_05HZ_Init
 .text.BLINK_05HZ_Enable
                0x0000f8f8       0x20 .\CortexM3\ARM_GCC_541\Release\firmware.a(BLINK_05HZ.o)
                0x0000f8f8                BLINK_05HZ_Enable
 .text.BLINK_05HZ_WriteCounter
                0x0000f918       0x20 .\CortexM3\ARM_GCC_541\Release\firmware.a(BLINK_05HZ.o)
                0x0000f918                BLINK_05HZ_WriteCounter
 .text.BLINK_05HZ_WritePeriod
                0x0000f938       0x20 .\CortexM3\ARM_GCC_541\Release\firmware.a(BLINK_05HZ.o)
                0x0000f938                BLINK_05HZ_WritePeriod
 .text.BLINK_05HZ_WriteCompare
                0x0000f958       0x20 .\CortexM3\ARM_GCC_541\Release\firmware.a(BLINK_05HZ.o)
                0x0000f958                BLINK_05HZ_WriteCompare
 .text.LED_CTRL_Write
                0x0000f978       0x20 .\CortexM3\ARM_GCC_541\Release\firmware.a(LED_CTRL.o)
                0x0000f978                LED_CTRL_Write
 .text.BLINK_CTRL_EN_Write
                0x0000f998       0x20 .\CortexM3\ARM_GCC_541\Release\firmware.a(BLINK_CTRL_EN.o)
                0x0000f998                BLINK_CTRL_EN_Write
 .text.BLINK_25HZ_Start
                0x0000f9b8       0x24 .\CortexM3\ARM_GCC_541\Release\firmware.a(BLINK_25HZ.o)
                0x0000f9b8                BLINK_25HZ_Start
 .text.BLINK_25HZ_Init
                0x0000f9dc       0x50 .\CortexM3\ARM_GCC_541\Release\firmware.a(BLINK_25HZ.o)
                0x0000f9dc                BLINK_25HZ_Init
 .text.BLINK_25HZ_Enable
                0x0000fa2c       0x20 .\CortexM3\ARM_GCC_541\Release\firmware.a(BLINK_25HZ.o)
                0x0000fa2c                BLINK_25HZ_Enable
 .text.BLINK_25HZ_WriteCounter
                0x0000fa4c       0x20 .\CortexM3\ARM_GCC_541\Release\firmware.a(BLINK_25HZ.o)
                0x0000fa4c                BLINK_25HZ_WriteCounter
 .text.BLINK_25HZ_WritePeriod
                0x0000fa6c       0x20 .\CortexM3\ARM_GCC_541\Release\firmware.a(BLINK_25HZ.o)
                0x0000fa6c                BLINK_25HZ_WritePeriod
 .text.BLINK_25HZ_WriteCompare
                0x0000fa8c       0x20 .\CortexM3\ARM_GCC_541\Release\firmware.a(BLINK_25HZ.o)
                0x0000fa8c                BLINK_25HZ_WriteCompare
 .text.PWM_MOTORS_Start
                0x0000faac       0x24 .\CortexM3\ARM_GCC_541\Release\firmware.a(PWM_MOTORS.o)
                0x0000faac                PWM_MOTORS_Start
 .text.PWM_MOTORS_Init
                0x0000fad0       0x58 .\CortexM3\ARM_GCC_541\Release\firmware.a(PWM_MOTORS.o)
                0x0000fad0                PWM_MOTORS_Init
 .text.PWM_MOTORS_Enable
                0x0000fb28       0x20 .\CortexM3\ARM_GCC_541\Release\firmware.a(PWM_MOTORS.o)
                0x0000fb28                PWM_MOTORS_Enable
 .text.PWM_MOTORS_WriteCounter
                0x0000fb48       0x20 .\CortexM3\ARM_GCC_541\Release\firmware.a(PWM_MOTORS.o)
                0x0000fb48                PWM_MOTORS_WriteCounter
 .text.PWM_MOTORS_WritePeriod
                0x0000fb68       0x20 .\CortexM3\ARM_GCC_541\Release\firmware.a(PWM_MOTORS.o)
                0x0000fb68                PWM_MOTORS_WritePeriod
 .text.PWM_MOTORS_WriteCompare1
                0x0000fb88       0x20 .\CortexM3\ARM_GCC_541\Release\firmware.a(PWM_MOTORS.o)
                0x0000fb88                PWM_MOTORS_WriteCompare1
 .text.PWM_MOTORS_WriteCompare2
                0x0000fba8       0x20 .\CortexM3\ARM_GCC_541\Release\firmware.a(PWM_MOTORS.o)
                0x0000fba8                PWM_MOTORS_WriteCompare2
 .text.EEPROM_Enable
                0x0000fbc8       0x10 .\CortexM3\ARM_GCC_541\Release\firmware.a(EEPROM.o)
                0x0000fbc8                EEPROM_Enable
 .text.EEPROM_Start
                0x0000fbd8        0xc .\CortexM3\ARM_GCC_541\Release\firmware.a(EEPROM.o)
                0x0000fbd8                EEPROM_Start
 .text.EEPROM_UpdateTemperature
                0x0000fbe4       0x10 .\CortexM3\ARM_GCC_541\Release\firmware.a(EEPROM.o)
                0x0000fbe4                EEPROM_UpdateTemperature
 .text.EEPROM_Write
                0x0000fbf4       0xf0 .\CortexM3\ARM_GCC_541\Release\firmware.a(EEPROM.o)
                0x0000fbf4                EEPROM_Write
 .text.EEPROM_StartWrite
                0x0000fce4       0xb8 .\CortexM3\ARM_GCC_541\Release\firmware.a(EEPROM.o)
                0x0000fce4                EEPROM_StartWrite
 .text.EEPROM_Query
                0x0000fd9c       0x58 .\CortexM3\ARM_GCC_541\Release\firmware.a(EEPROM.o)
                0x0000fd9c                EEPROM_Query
 .text.FTDI_ENABLE_Write
                0x0000fdf4       0x3c .\CortexM3\ARM_GCC_541\Release\firmware.a(FTDI_ENABLE.o)
                0x0000fdf4                FTDI_ENABLE_Write
 .text.RS485_CTS_Write
                0x0000fe30       0x3c .\CortexM3\ARM_GCC_541\Release\firmware.a(RS485_CTS.o)
                0x0000fe30                RS485_CTS_Write
 .text.PACER_TIMER_Init
                0x0000fe6c       0xa0 .\CortexM3\ARM_GCC_541\Release\firmware.a(PACER_TIMER.o)
                0x0000fe6c                PACER_TIMER_Init
 .text.PACER_TIMER_Enable
                0x0000ff0c       0x48 .\CortexM3\ARM_GCC_541\Release\firmware.a(PACER_TIMER.o)
                0x0000ff0c                PACER_TIMER_Enable
 .text.PACER_TIMER_Start
                0x0000ff54       0x24 .\CortexM3\ARM_GCC_541\Release\firmware.a(PACER_TIMER.o)
                0x0000ff54                PACER_TIMER_Start
 .text.PACER_TIMER_SetInterruptMode
                0x0000ff78       0x20 .\CortexM3\ARM_GCC_541\Release\firmware.a(PACER_TIMER.o)
                0x0000ff78                PACER_TIMER_SetInterruptMode
 .text.PACER_TIMER_WritePeriod
                0x0000ff98       0x24 .\CortexM3\ARM_GCC_541\Release\firmware.a(PACER_TIMER.o)
                0x0000ff98                PACER_TIMER_WritePeriod
 .text.PACER_TIMER_WriteCounter
                0x0000ffbc       0x20 .\CortexM3\ARM_GCC_541\Release\firmware.a(PACER_TIMER.o)
                0x0000ffbc                PACER_TIMER_WriteCounter
 .text.RESET_FF_Write
                0x0000ffdc       0x20 .\CortexM3\ARM_GCC_541\Release\firmware.a(RESET_FF.o)
                0x0000ffdc                RESET_FF_Write
 .text.FF_STATUS_Read
                0x0000fffc       0x18 .\CortexM3\ARM_GCC_541\Release\firmware.a(FF_STATUS.o)
                0x0000fffc                FF_STATUS_Read
 .text.MY_TIMER_Init
                0x00010014       0xa0 .\CortexM3\ARM_GCC_541\Release\firmware.a(MY_TIMER.o)
                0x00010014                MY_TIMER_Init
 .text.MY_TIMER_Enable
                0x000100b4       0x48 .\CortexM3\ARM_GCC_541\Release\firmware.a(MY_TIMER.o)
                0x000100b4                MY_TIMER_Enable
 .text.MY_TIMER_Start
                0x000100fc       0x24 .\CortexM3\ARM_GCC_541\Release\firmware.a(MY_TIMER.o)
                0x000100fc                MY_TIMER_Start
 .text.MY_TIMER_SetInterruptMode
                0x00010120       0x20 .\CortexM3\ARM_GCC_541\Release\firmware.a(MY_TIMER.o)
                0x00010120                MY_TIMER_SetInterruptMode
 .text.MY_TIMER_WritePeriod
                0x00010140       0x24 .\CortexM3\ARM_GCC_541\Release\firmware.a(MY_TIMER.o)
                0x00010140                MY_TIMER_WritePeriod
 .text.MY_TIMER_WriteCounter
                0x00010164       0x20 .\CortexM3\ARM_GCC_541\Release\firmware.a(MY_TIMER.o)
                0x00010164                MY_TIMER_WriteCounter
 .text.MY_TIMER_ReadCounter
                0x00010184       0x20 .\CortexM3\ARM_GCC_541\Release\firmware.a(MY_TIMER.o)
                0x00010184                MY_TIMER_ReadCounter
 .text.UART_RS485_Start
                0x000101a4       0x24 .\CortexM3\ARM_GCC_541\Release\firmware.a(UART_RS485.o)
                0x000101a4                UART_RS485_Start
 .text.UART_RS485_Init
                0x000101c8       0x58 .\CortexM3\ARM_GCC_541\Release\firmware.a(UART_RS485.o)
                0x000101c8                UART_RS485_Init
 .text.UART_RS485_Enable
                0x00010220       0x64 .\CortexM3\ARM_GCC_541\Release\firmware.a(UART_RS485.o)
                0x00010220                UART_RS485_Enable
 .text.UART_RS485_Stop
                0x00010284       0x64 .\CortexM3\ARM_GCC_541\Release\firmware.a(UART_RS485.o)
                0x00010284                UART_RS485_Stop
 .text.UART_RS485_ReadRxStatus
                0x000102e8       0x40 .\CortexM3\ARM_GCC_541\Release\firmware.a(UART_RS485.o)
                0x000102e8                UART_RS485_ReadRxStatus
 .text.UART_RS485_GetChar
                0x00010328       0xb4 .\CortexM3\ARM_GCC_541\Release\firmware.a(UART_RS485.o)
                0x00010328                UART_RS485_GetChar
 .text.UART_RS485_GetRxBufferSize
                0x000103dc       0x90 .\CortexM3\ARM_GCC_541\Release\firmware.a(UART_RS485.o)
                0x000103dc                UART_RS485_GetRxBufferSize
 .text.UART_RS485_ClearRxBuffer
                0x0001046c       0x80 .\CortexM3\ARM_GCC_541\Release\firmware.a(UART_RS485.o)
                0x0001046c                UART_RS485_ClearRxBuffer
 .text.UART_RS485_ReadTxStatus
                0x000104ec       0x18 .\CortexM3\ARM_GCC_541\Release\firmware.a(UART_RS485.o)
                0x000104ec                UART_RS485_ReadTxStatus
 .text.UART_RS485_PutChar
                0x00010504       0x34 .\CortexM3\ARM_GCC_541\Release\firmware.a(UART_RS485.o)
                0x00010504                UART_RS485_PutChar
 .text.UART_RS485_PutString
                0x00010538       0x44 .\CortexM3\ARM_GCC_541\Release\firmware.a(UART_RS485.o)
                0x00010538                UART_RS485_PutString
 .text.UART_RS485_ClearTxBuffer
                0x0001057c       0x44 .\CortexM3\ARM_GCC_541\Release\firmware.a(UART_RS485.o)
                0x0001057c                UART_RS485_ClearTxBuffer
 .text.UART_RS485_RXISR
                0x000105c0       0xd8 .\CortexM3\ARM_GCC_541\Release\firmware.a(UART_RS485_INT.o)
                0x000105c0                UART_RS485_RXISR
 .text.ISR_RS485_RX_StartEx
                0x00010698       0x24 .\CortexM3\ARM_GCC_541\Release\firmware.a(ISR_RS485_RX.o)
                0x00010698                ISR_RS485_RX_StartEx
 .text.ISR_RS485_RX_SetVector
                0x000106bc       0x24 .\CortexM3\ARM_GCC_541\Release\firmware.a(ISR_RS485_RX.o)
                0x000106bc                ISR_RS485_RX_SetVector
 .text.ISR_RS485_RX_SetPriority
                0x000106e0       0x24 .\CortexM3\ARM_GCC_541\Release\firmware.a(ISR_RS485_RX.o)
                0x000106e0                ISR_RS485_RX_SetPriority
 .text.ISR_RS485_RX_Enable
                0x00010704       0x18 .\CortexM3\ARM_GCC_541\Release\firmware.a(ISR_RS485_RX.o)
                0x00010704                ISR_RS485_RX_Enable
 .text.ISR_RS485_RX_Disable
                0x0001071c       0x18 .\CortexM3\ARM_GCC_541\Release\firmware.a(ISR_RS485_RX.o)
                0x0001071c                ISR_RS485_RX_Disable
 .text.CLOCK_UART_SetDividerRegister
                0x00010734      0x164 .\CortexM3\ARM_GCC_541\Release\firmware.a(CLOCK_UART.o)
                0x00010734                CLOCK_UART_SetDividerRegister
 .text.CLOCK_UART_GetDividerRegister
                0x00010898       0x18 .\CortexM3\ARM_GCC_541\Release\firmware.a(CLOCK_UART.o)
                0x00010898                CLOCK_UART_GetDividerRegister
 .text.CLOCK_UART_GetSourceRegister
                0x000108b0       0x1c .\CortexM3\ARM_GCC_541\Release\firmware.a(CLOCK_UART.o)
                0x000108b0                CLOCK_UART_GetSourceRegister
 .text.CYCLES_TIMER_Init
                0x000108cc       0xa0 .\CortexM3\ARM_GCC_541\Release\firmware.a(CYCLES_TIMER.o)
                0x000108cc                CYCLES_TIMER_Init
 .text.CYCLES_TIMER_Enable
                0x0001096c       0x48 .\CortexM3\ARM_GCC_541\Release\firmware.a(CYCLES_TIMER.o)
                0x0001096c                CYCLES_TIMER_Enable
 .text.CYCLES_TIMER_Start
                0x000109b4       0x24 .\CortexM3\ARM_GCC_541\Release\firmware.a(CYCLES_TIMER.o)
                0x000109b4                CYCLES_TIMER_Start
 .text.CYCLES_TIMER_SetInterruptMode
                0x000109d8       0x20 .\CortexM3\ARM_GCC_541\Release\firmware.a(CYCLES_TIMER.o)
                0x000109d8                CYCLES_TIMER_SetInterruptMode
 .text.CYCLES_TIMER_WritePeriod
                0x000109f8       0x24 .\CortexM3\ARM_GCC_541\Release\firmware.a(CYCLES_TIMER.o)
                0x000109f8                CYCLES_TIMER_WritePeriod
 .text.CYCLES_TIMER_WriteCounter
                0x00010a1c       0x20 .\CortexM3\ARM_GCC_541\Release\firmware.a(CYCLES_TIMER.o)
                0x00010a1c                CYCLES_TIMER_WriteCounter
 .text.CYCLES_TIMER_ReadCounter
                0x00010a3c       0x20 .\CortexM3\ARM_GCC_541\Release\firmware.a(CYCLES_TIMER.o)
                0x00010a3c                CYCLES_TIMER_ReadCounter
 .text.ISR_CYCLES_StartEx
                0x00010a5c       0x24 .\CortexM3\ARM_GCC_541\Release\firmware.a(ISR_CYCLES.o)
                0x00010a5c                ISR_CYCLES_StartEx
 .text.ISR_CYCLES_SetVector
                0x00010a80       0x24 .\CortexM3\ARM_GCC_541\Release\firmware.a(ISR_CYCLES.o)
                0x00010a80                ISR_CYCLES_SetVector
 .text.ISR_CYCLES_SetPriority
                0x00010aa4       0x24 .\CortexM3\ARM_GCC_541\Release\firmware.a(ISR_CYCLES.o)
                0x00010aa4                ISR_CYCLES_SetPriority
 .text.ISR_CYCLES_Enable
                0x00010ac8       0x18 .\CortexM3\ARM_GCC_541\Release\firmware.a(ISR_CYCLES.o)
                0x00010ac8                ISR_CYCLES_Enable
 .text.ISR_CYCLES_Disable
                0x00010ae0       0x18 .\CortexM3\ARM_GCC_541\Release\firmware.a(ISR_CYCLES.o)
                0x00010ae0                ISR_CYCLES_Disable
 .text.COUNTER_ENC_Init
                0x00010af8       0x7c .\CortexM3\ARM_GCC_541\Release\firmware.a(COUNTER_ENC.o)
                0x00010af8                COUNTER_ENC_Init
 .text.COUNTER_ENC_Enable
                0x00010b74       0x20 .\CortexM3\ARM_GCC_541\Release\firmware.a(COUNTER_ENC.o)
                0x00010b74                COUNTER_ENC_Enable
 .text.COUNTER_ENC_Start
                0x00010b94       0x24 .\CortexM3\ARM_GCC_541\Release\firmware.a(COUNTER_ENC.o)
                0x00010b94                COUNTER_ENC_Start
 .text.COUNTER_ENC_SetInterruptMode
                0x00010bb8       0x20 .\CortexM3\ARM_GCC_541\Release\firmware.a(COUNTER_ENC.o)
                0x00010bb8                COUNTER_ENC_SetInterruptMode
 .text.COUNTER_ENC_ReadStatusRegister
                0x00010bd8       0x18 .\CortexM3\ARM_GCC_541\Release\firmware.a(COUNTER_ENC.o)
                0x00010bd8                COUNTER_ENC_ReadStatusRegister
 .text.COUNTER_ENC_WriteCounter
                0x00010bf0       0x20 .\CortexM3\ARM_GCC_541\Release\firmware.a(COUNTER_ENC.o)
                0x00010bf0                COUNTER_ENC_WriteCounter
 .text.COUNTER_ENC_ReadCapture
                0x00010c10       0x18 .\CortexM3\ARM_GCC_541\Release\firmware.a(COUNTER_ENC.o)
                0x00010c10                COUNTER_ENC_ReadCapture
 .text.COUNTER_ENC_WritePeriod
                0x00010c28       0x20 .\CortexM3\ARM_GCC_541\Release\firmware.a(COUNTER_ENC.o)
                0x00010c28                COUNTER_ENC_WritePeriod
 .text.COUNTER_ENC_WriteCompare
                0x00010c48       0x20 .\CortexM3\ARM_GCC_541\Release\firmware.a(COUNTER_ENC.o)
                0x00010c48                COUNTER_ENC_WriteCompare
 .text.COUNTER_ENC_ClearFIFO
                0x00010c68       0x1c .\CortexM3\ARM_GCC_541\Release\firmware.a(COUNTER_ENC.o)
                0x00010c68                COUNTER_ENC_ClearFIFO
 .text.SHIFTREG_ENC_3_Start
                0x00010c84       0x24 .\CortexM3\ARM_GCC_541\Release\firmware.a(SHIFTREG_ENC_3.o)
                0x00010c84                SHIFTREG_ENC_3_Start
 .text.SHIFTREG_ENC_3_Enable
                0x00010ca8       0x20 .\CortexM3\ARM_GCC_541\Release\firmware.a(SHIFTREG_ENC_3.o)
                0x00010ca8                SHIFTREG_ENC_3_Enable
 .text.SHIFTREG_ENC_3_Init
                0x00010cc8       0x10 .\CortexM3\ARM_GCC_541\Release\firmware.a(SHIFTREG_ENC_3.o)
                0x00010cc8                SHIFTREG_ENC_3_Init
 .text.SHIFTREG_ENC_3_EnableInt
                0x00010cd8       0x34 .\CortexM3\ARM_GCC_541\Release\firmware.a(SHIFTREG_ENC_3.o)
                0x00010cd8                SHIFTREG_ENC_3_EnableInt
 .text.SHIFTREG_ENC_3_SetIntMode
                0x00010d0c       0x40 .\CortexM3\ARM_GCC_541\Release\firmware.a(SHIFTREG_ENC_3.o)
                0x00010d0c                SHIFTREG_ENC_3_SetIntMode
 .text.SHIFTREG_ENC_3_ReadData
                0x00010d4c       0x14 .\CortexM3\ARM_GCC_541\Release\firmware.a(SHIFTREG_ENC_3.o)
                0x00010d4c                SHIFTREG_ENC_3_ReadData
 .text.SHIFTREG_ENC_2_Start
                0x00010d60       0x24 .\CortexM3\ARM_GCC_541\Release\firmware.a(SHIFTREG_ENC_2.o)
                0x00010d60                SHIFTREG_ENC_2_Start
 .text.SHIFTREG_ENC_2_Enable
                0x00010d84       0x20 .\CortexM3\ARM_GCC_541\Release\firmware.a(SHIFTREG_ENC_2.o)
                0x00010d84                SHIFTREG_ENC_2_Enable
 .text.SHIFTREG_ENC_2_Init
                0x00010da4       0x10 .\CortexM3\ARM_GCC_541\Release\firmware.a(SHIFTREG_ENC_2.o)
                0x00010da4                SHIFTREG_ENC_2_Init
 .text.SHIFTREG_ENC_2_EnableInt
                0x00010db4       0x34 .\CortexM3\ARM_GCC_541\Release\firmware.a(SHIFTREG_ENC_2.o)
                0x00010db4                SHIFTREG_ENC_2_EnableInt
 .text.SHIFTREG_ENC_2_SetIntMode
                0x00010de8       0x40 .\CortexM3\ARM_GCC_541\Release\firmware.a(SHIFTREG_ENC_2.o)
                0x00010de8                SHIFTREG_ENC_2_SetIntMode
 .text.SHIFTREG_ENC_2_ReadData
                0x00010e28       0x14 .\CortexM3\ARM_GCC_541\Release\firmware.a(SHIFTREG_ENC_2.o)
                0x00010e28                SHIFTREG_ENC_2_ReadData
 .text.SHIFTREG_ENC_1_Start
                0x00010e3c       0x24 .\CortexM3\ARM_GCC_541\Release\firmware.a(SHIFTREG_ENC_1.o)
                0x00010e3c                SHIFTREG_ENC_1_Start
 .text.SHIFTREG_ENC_1_Enable
                0x00010e60       0x20 .\CortexM3\ARM_GCC_541\Release\firmware.a(SHIFTREG_ENC_1.o)
                0x00010e60                SHIFTREG_ENC_1_Enable
 .text.SHIFTREG_ENC_1_Init
                0x00010e80       0x10 .\CortexM3\ARM_GCC_541\Release\firmware.a(SHIFTREG_ENC_1.o)
                0x00010e80                SHIFTREG_ENC_1_Init
 .text.SHIFTREG_ENC_1_EnableInt
                0x00010e90       0x34 .\CortexM3\ARM_GCC_541\Release\firmware.a(SHIFTREG_ENC_1.o)
                0x00010e90                SHIFTREG_ENC_1_EnableInt
 .text.SHIFTREG_ENC_1_SetIntMode
                0x00010ec4       0x40 .\CortexM3\ARM_GCC_541\Release\firmware.a(SHIFTREG_ENC_1.o)
                0x00010ec4                SHIFTREG_ENC_1_SetIntMode
 .text.SHIFTREG_ENC_1_ReadData
                0x00010f04       0x14 .\CortexM3\ARM_GCC_541\Release\firmware.a(SHIFTREG_ENC_1.o)
                0x00010f04                SHIFTREG_ENC_1_ReadData
 .text.RESET_COUNTERS_Write
                0x00010f18       0x20 .\CortexM3\ARM_GCC_541\Release\firmware.a(RESET_COUNTERS.o)
                0x00010f18                RESET_COUNTERS_Write
 .text.ADC_AMux_Start
                0x00010f38       0x34 .\CortexM3\ARM_GCC_541\Release\firmware.a(ADC_AMux.o)
                0x00010f38                ADC_AMux_Start
 .text.ADC_AMux_Select
                0x00010f6c       0x28 .\CortexM3\ARM_GCC_541\Release\firmware.a(ADC_AMux.o)
                0x00010f6c                ADC_AMux_Select
 .text.ADC_Ext_CP_Clk_SetDividerRegister
                0x00010f94      0x164 .\CortexM3\ARM_GCC_541\Release\firmware.a(ADC_Ext_CP_Clk.o)
                0x00010f94                ADC_Ext_CP_Clk_SetDividerRegister
 .text.ADC_Ext_CP_Clk_GetDividerRegister
                0x000110f8       0x18 .\CortexM3\ARM_GCC_541\Release\firmware.a(ADC_Ext_CP_Clk.o)
                0x000110f8                ADC_Ext_CP_Clk_GetDividerRegister
 .text.ADC_Ext_CP_Clk_SetModeRegister
                0x00011110       0x34 .\CortexM3\ARM_GCC_541\Release\firmware.a(ADC_Ext_CP_Clk.o)
                0x00011110                ADC_Ext_CP_Clk_SetModeRegister
 .text.ADC_Ext_CP_Clk_GetSourceRegister
                0x00011144       0x1c .\CortexM3\ARM_GCC_541\Release\firmware.a(ADC_Ext_CP_Clk.o)
                0x00011144                ADC_Ext_CP_Clk_GetSourceRegister
 .text.ADC_theACLK_SetDividerRegister
                0x00011160      0x164 .\CortexM3\ARM_GCC_541\Release\firmware.a(ADC_theACLK.o)
                0x00011160                ADC_theACLK_SetDividerRegister
 .text.ADC_theACLK_GetDividerRegister
                0x000112c4       0x18 .\CortexM3\ARM_GCC_541\Release\firmware.a(ADC_theACLK.o)
                0x000112c4                ADC_theACLK_GetDividerRegister
 .text.ADC_theACLK_SetModeRegister
                0x000112dc       0x34 .\CortexM3\ARM_GCC_541\Release\firmware.a(ADC_theACLK.o)
                0x000112dc                ADC_theACLK_SetModeRegister
 .text.ADC_theACLK_GetSourceRegister
                0x00011310       0x1c .\CortexM3\ARM_GCC_541\Release\firmware.a(ADC_theACLK.o)
                0x00011310                ADC_theACLK_GetSourceRegister
 .text.CyDmacConfigure
                0x0001132c       0x5c .\CortexM3\ARM_GCC_541\Release\firmware.a(CyDmac.o)
                0x0001132c                CyDmacConfigure
 .text.CyDmaChEnable
                0x00011388       0x8c .\CortexM3\ARM_GCC_541\Release\firmware.a(CyDmac.o)
                0x00011388                CyDmaChEnable
 .text.CyDmaChPriority
                0x00011414       0x64 .\CortexM3\ARM_GCC_541\Release\firmware.a(CyDmac.o)
                0x00011414                CyDmaChPriority
 .text.CyDmaChSetExtendedAddress
                0x00011478       0x78 .\CortexM3\ARM_GCC_541\Release\firmware.a(CyDmac.o)
                0x00011478                CyDmaChSetExtendedAddress
 .text.CyDmaChSetInitialTd
                0x000114f0       0x3c .\CortexM3\ARM_GCC_541\Release\firmware.a(CyDmac.o)
                0x000114f0                CyDmaChSetInitialTd
 .text.CyDmaChSetConfiguration
                0x0001152c       0xa0 .\CortexM3\ARM_GCC_541\Release\firmware.a(CyDmac.o)
                0x0001152c                CyDmaChSetConfiguration
 .text.CyDmaTdAllocate
                0x000115cc       0x5c .\CortexM3\ARM_GCC_541\Release\firmware.a(CyDmac.o)
                0x000115cc                CyDmaTdAllocate
 .text.CyDmaTdSetConfiguration
                0x00011628       0x80 .\CortexM3\ARM_GCC_541\Release\firmware.a(CyDmac.o)
                0x00011628                CyDmaTdSetConfiguration
 .text.CyDmaTdSetAddress
                0x000116a8       0x5c .\CortexM3\ARM_GCC_541\Release\firmware.a(CyDmac.o)
                0x000116a8                CyDmaTdSetAddress
 .text.CySetTempInt
                0x00011704       0x7c .\CortexM3\ARM_GCC_541\Release\firmware.a(CyFlash.o)
 .text.CyFlashGetSpcAlgorithm
                0x00011780       0x70 .\CortexM3\ARM_GCC_541\Release\firmware.a(CyFlash.o)
                0x00011780                CyFlashGetSpcAlgorithm
 .text.CySetTemp
                0x000117f0       0x24 .\CortexM3\ARM_GCC_541\Release\firmware.a(CyFlash.o)
                0x000117f0                CySetTemp
 .text.CyEEPROM_Start
                0x00011814       0x8c .\CortexM3\ARM_GCC_541\Release\firmware.a(CyFlash.o)
                0x00011814                CyEEPROM_Start
 .text.CySoftwareReset
                0x000118a0       0x20 .\CortexM3\ARM_GCC_541\Release\firmware.a(CyLib.o)
                0x000118a0                CySoftwareReset
 .text.CyDelay  0x000118c0       0x44 .\CortexM3\ARM_GCC_541\Release\firmware.a(CyLib.o)
                0x000118c0                CyDelay
 .text.CyDelayUs
                0x00011904       0x28 .\CortexM3\ARM_GCC_541\Release\firmware.a(CyLib.o)
                0x00011904                CyDelayUs
 .text.CyIntSetVector
                0x0001192c       0x48 .\CortexM3\ARM_GCC_541\Release\firmware.a(CyLib.o)
                0x0001192c                CyIntSetVector
 .text.CyIntSetPriority
                0x00011974       0x30 .\CortexM3\ARM_GCC_541\Release\firmware.a(CyLib.o)
                0x00011974                CyIntSetPriority
 .text.CySpcStart
                0x000119a4       0x48 .\CortexM3\ARM_GCC_541\Release\firmware.a(CySpc.o)
                0x000119a4                CySpcStart
 .text.CySpcReadData
                0x000119ec       0x54 .\CortexM3\ARM_GCC_541\Release\firmware.a(CySpc.o)
                0x000119ec                CySpcReadData
 .text.CySpcLoadRow
                0x00011a40       0x88 .\CortexM3\ARM_GCC_541\Release\firmware.a(CySpc.o)
                0x00011a40                CySpcLoadRow
 .text.CySpcWriteRow
                0x00011ac8       0x98 .\CortexM3\ARM_GCC_541\Release\firmware.a(CySpc.o)
                0x00011ac8                CySpcWriteRow
 .text.CySpcGetTemp
                0x00011b60       0x64 .\CortexM3\ARM_GCC_541\Release\firmware.a(CySpc.o)
                0x00011b60                CySpcGetTemp
 .text.CySpcLock
                0x00011bc4       0x68 .\CortexM3\ARM_GCC_541\Release\firmware.a(CySpc.o)
                0x00011bc4                CySpcLock
 .text.CySpcUnlock
                0x00011c2c       0x50 .\CortexM3\ARM_GCC_541\Release\firmware.a(CySpc.o)
                0x00011c2c                CySpcUnlock
 .text.CySpcGetAlgorithm
                0x00011c7c       0x44 .\CortexM3\ARM_GCC_541\Release\firmware.a(CySpc.o)
                0x00011c7c                CySpcGetAlgorithm
 .text.SPI_IMU_Init
                0x00011cc0       0x34 .\CortexM3\ARM_GCC_541\Release\firmware.a(SPI_IMU.o)
                0x00011cc0                SPI_IMU_Init
 .text.SPI_IMU_Enable
                0x00011cf4       0x64 .\CortexM3\ARM_GCC_541\Release\firmware.a(SPI_IMU.o)
                0x00011cf4                SPI_IMU_Enable
 .text.SPI_IMU_Start
                0x00011d58       0x24 .\CortexM3\ARM_GCC_541\Release\firmware.a(SPI_IMU.o)
                0x00011d58                SPI_IMU_Start
 .text.SPI_IMU_EnableTxInt
                0x00011d7c        0xc .\CortexM3\ARM_GCC_541\Release\firmware.a(SPI_IMU.o)
                0x00011d7c                SPI_IMU_EnableTxInt
 .text.SPI_IMU_EnableRxInt
                0x00011d88        0xc .\CortexM3\ARM_GCC_541\Release\firmware.a(SPI_IMU.o)
                0x00011d88                SPI_IMU_EnableRxInt
 .text.SPI_IMU_ReadTxStatus
                0x00011d94       0x1c .\CortexM3\ARM_GCC_541\Release\firmware.a(SPI_IMU.o)
                0x00011d94                SPI_IMU_ReadTxStatus
 .text.SPI_IMU_ReadRxStatus
                0x00011db0       0x1c .\CortexM3\ARM_GCC_541\Release\firmware.a(SPI_IMU.o)
                0x00011db0                SPI_IMU_ReadRxStatus
 .text.SPI_IMU_WriteTxData
                0x00011dcc       0x34 .\CortexM3\ARM_GCC_541\Release\firmware.a(SPI_IMU.o)
                0x00011dcc                SPI_IMU_WriteTxData
 .text.SPI_IMU_ReadRxData
                0x00011e00       0x1c .\CortexM3\ARM_GCC_541\Release\firmware.a(SPI_IMU.o)
                0x00011e00                SPI_IMU_ReadRxData
 .text.SPI_IMU_ClearRxBuffer
                0x00011e1c       0x28 .\CortexM3\ARM_GCC_541\Release\firmware.a(SPI_IMU.o)
                0x00011e1c                SPI_IMU_ClearRxBuffer
 .text.SPI_IMU_ClearTxBuffer
                0x00011e44       0x44 .\CortexM3\ARM_GCC_541\Release\firmware.a(SPI_IMU.o)
                0x00011e44                SPI_IMU_ClearTxBuffer
 .text.SPI_IMU_ClearFIFO
                0x00011e88       0x60 .\CortexM3\ARM_GCC_541\Release\firmware.a(SPI_IMU.o)
                0x00011e88                SPI_IMU_ClearFIFO
 .text.SPI_IMU_ReadStatus
                0x00011ee8       0x34 .\CortexM3\ARM_GCC_541\Release\firmware.a(SPI_IMU.o)
                0x00011ee8                SPI_IMU_ReadStatus
 .text.Bootloadable_Load
                0x00011f1c       0x18 .\CortexM3\ARM_GCC_541\Release\firmware.a(Bootloadable.o)
                0x00011f1c                Bootloadable_Load
 .text.MOTOR_ON_OFF_1_Write
                0x00011f34       0x20 .\CortexM3\ARM_GCC_541\Release\firmware.a(MOTOR_ON_OFF_1.o)
                0x00011f34                MOTOR_ON_OFF_1_Write
 .text.MISO_RTC_Read
                0x00011f54       0x20 .\CortexM3\ARM_GCC_541\Release\firmware.a(MISO_RTC.o)
                0x00011f54                MISO_RTC_Read
 .text.MOSI_RTC_Write
                0x00011f74       0x3c .\CortexM3\ARM_GCC_541\Release\firmware.a(MOSI_RTC.o)
                0x00011f74                MOSI_RTC_Write
 .text.CLK_RTC_Write
                0x00011fb0       0x3c .\CortexM3\ARM_GCC_541\Release\firmware.a(CLK_RTC.o)
                0x00011fb0                CLK_RTC_Write
 .text.CS_RTC_Write
                0x00011fec       0x3c .\CortexM3\ARM_GCC_541\Release\firmware.a(CS_RTC.o)
                0x00011fec                CS_RTC_Write
 .text.Chip_Select_ENCODER_LINE_Write
                0x00012028       0x20 .\CortexM3\ARM_GCC_541\Release\firmware.a(Chip_Select_ENCODER_LINE.o)
                0x00012028                Chip_Select_ENCODER_LINE_Write
 .text.Chip_Select_ENCODER_LINE_Read
                0x00012048       0x18 .\CortexM3\ARM_GCC_541\Release\firmware.a(Chip_Select_ENCODER_LINE.o)
                0x00012048                Chip_Select_ENCODER_LINE_Read
 .text.MOTOR_DIR_1_Write
                0x00012060       0x20 .\CortexM3\ARM_GCC_541\Release\firmware.a(MOTOR_DIR_1.o)
                0x00012060                MOTOR_DIR_1_Write
 .text.Chip_Select_IMU_Write
                0x00012080       0x20 .\CortexM3\ARM_GCC_541\Release\firmware.a(Chip_Select_IMU.o)
                0x00012080                Chip_Select_IMU_Write
 .text.ADC_N_CHANNELS_USED_Write
                0x000120a0       0x20 .\CortexM3\ARM_GCC_541\Release\firmware.a(ADC_N_CHANNELS_USED.o)
                0x000120a0                ADC_N_CHANNELS_USED_Write
 .text.MY_TIMER_REG_Write
                0x000120c0       0x20 .\CortexM3\ARM_GCC_541\Release\firmware.a(MY_TIMER_REG.o)
                0x000120c0                MY_TIMER_REG_Write
 .text          0x000120e0       0x20 .\CortexM3\ARM_GCC_541\Release\firmware.a(CyBootAsmGnu.o)
                0x000120e0                CyDelayCycles
                0x000120f0                CyEnterCriticalSection
                0x000120f8                CyExitCriticalSection
 .text._CopyString
                0x00012100       0x1c ..\emFile_V322c\LinkLibrary\PSoC5\GCC\libemf16noslfn.a(FAT_LFN.o)
 .text._CalcNumChar
                0x0001211c       0x1e ..\emFile_V322c\LinkLibrary\PSoC5\GCC\libemf16noslfn.a(FAT_LFN.o)
 .text._WriteName
                0x0001213a       0x32 ..\emFile_V322c\LinkLibrary\PSoC5\GCC\libemf16noslfn.a(FAT_LFN.o)
 .text._ToUpper
                0x0001216c       0x10 ..\emFile_V322c\LinkLibrary\PSoC5\GCC\libemf16noslfn.a(FAT_LFN.o)
 .text._CompareChar
                0x0001217c       0x44 ..\emFile_V322c\LinkLibrary\PSoC5\GCC\libemf16noslfn.a(FAT_LFN.o)
 .text._CalcCheckSum
                0x000121c0       0x24 ..\emFile_V322c\LinkLibrary\PSoC5\GCC\libemf16noslfn.a(FAT_LFN.o)
 .text._SetDirPosIndex
                0x000121e4        0x8 ..\emFile_V322c\LinkLibrary\PSoC5\GCC\libemf16noslfn.a(FAT_LFN.o)
 .text.FS_FAT_SupportLFN
                0x000121ec       0x10 ..\emFile_V322c\LinkLibrary\PSoC5\GCC\libemf16noslfn.a(FAT_LFN.o)
                0x000121ec                FS_FAT_SupportLFN
 .text._LFN_DelLongEntry
                0x000121fc       0x5e ..\emFile_V322c\LinkLibrary\PSoC5\GCC\libemf16noslfn.a(FAT_LFN.o)
 .text._CorrectTrail
                0x0001225a       0x28 ..\emFile_V322c\LinkLibrary\PSoC5\GCC\libemf16noslfn.a(FAT_LFN.o)
 .text._CalcNumLongEntries
                0x00012282       0x16 ..\emFile_V322c\LinkLibrary\PSoC5\GCC\libemf16noslfn.a(FAT_LFN.o)
 .text._ComputeLongDirEntry
                0x00012298       0x88 ..\emFile_V322c\LinkLibrary\PSoC5\GCC\libemf16noslfn.a(FAT_LFN.o)
 .text._LFN_FindDirEntry
                0x00012320      0x146 ..\emFile_V322c\LinkLibrary\PSoC5\GCC\libemf16noslfn.a(FAT_LFN.o)
 .text._GenerateShortEntry
                0x00012466       0xce ..\emFile_V322c\LinkLibrary\PSoC5\GCC\libemf16noslfn.a(FAT_LFN.o)
 .text._LFN_ReadDirEntryInfo
                0x00012534      0x1c6 ..\emFile_V322c\LinkLibrary\PSoC5\GCC\libemf16noslfn.a(FAT_LFN.o)
 .text._LFN_CreateDirEntry
                0x000126fa      0x2a4 ..\emFile_V322c\LinkLibrary\PSoC5\GCC\libemf16noslfn.a(FAT_LFN.o)
 .text._ClusterId2FATOff
                0x0001299e       0x18 ..\emFile_V322c\LinkLibrary\PSoC5\GCC\libemf16noslfn.a(FAT_Misc.o)
 .text._CalcLogClusterPos
                0x000129b6        0xe ..\emFile_V322c\LinkLibrary\PSoC5\GCC\libemf16noslfn.a(FAT_Misc.o)
 .text._ReadFromFreeClusterCache
                0x000129c4       0x46 ..\emFile_V322c\LinkLibrary\PSoC5\GCC\libemf16noslfn.a(FAT_Misc.o)
 .text.FS_FAT_GetFATType
                0x00012a0a       0x1a ..\emFile_V322c\LinkLibrary\PSoC5\GCC\libemf16noslfn.a(FAT_Misc.o)
                0x00012a0a                FS_FAT_GetFATType
 .text.FS_FAT_ClusterId2SectorNo
                0x00012a24        0xc ..\emFile_V322c\LinkLibrary\PSoC5\GCC\libemf16noslfn.a(FAT_Misc.o)
                0x00012a24                FS_FAT_ClusterId2SectorNo
 .text.FS_FAT_IsValidShortNameChar
                0x00012a30       0x34 ..\emFile_V322c\LinkLibrary\PSoC5\GCC\libemf16noslfn.a(FAT_Misc.o)
                0x00012a30                FS_FAT_IsValidShortNameChar
 .text.FS_FAT_CopyShortName
                0x00012a64       0x56 ..\emFile_V322c\LinkLibrary\PSoC5\GCC\libemf16noslfn.a(FAT_Misc.o)
                0x00012a64                FS_FAT_CopyShortName
 .text._SFN_CreateDirEntry
                0x00012aba       0x5a ..\emFile_V322c\LinkLibrary\PSoC5\GCC\libemf16noslfn.a(FAT_Misc.o)
 .text._SFN_FindDirEntry
                0x00012b14       0x10 ..\emFile_V322c\LinkLibrary\PSoC5\GCC\libemf16noslfn.a(FAT_Misc.o)
 .text.FS_FAT_FindDirEntry
                0x00012b24       0x60 ..\emFile_V322c\LinkLibrary\PSoC5\GCC\libemf16noslfn.a(FAT_Misc.o)
                0x00012b24                FS_FAT_FindDirEntry
 .text.FS_FAT_CopyDirEntryInfo
                0x00012b84       0x50 ..\emFile_V322c\LinkLibrary\PSoC5\GCC\libemf16noslfn.a(FAT_Misc.o)
                0x00012b84                FS_FAT_CopyDirEntryInfo
 .text._SFN_ReadDirEntryInfo
                0x00012bd4       0x6e ..\emFile_V322c\LinkLibrary\PSoC5\GCC\libemf16noslfn.a(FAT_Misc.o)
 .text._SetFATSector
                0x00012c42        0x6 ..\emFile_V322c\LinkLibrary\PSoC5\GCC\libemf16noslfn.a(FAT_Misc.o)
 .text._WriteFATEntry
                0x00012c48      0x152 ..\emFile_V322c\LinkLibrary\PSoC5\GCC\libemf16noslfn.a(FAT_Misc.o)
 .text.FS_FAT_MarkClusterEOC
                0x00012d9a        0x8 ..\emFile_V322c\LinkLibrary\PSoC5\GCC\libemf16noslfn.a(FAT_Misc.o)
                0x00012d9a                FS_FAT_MarkClusterEOC
 .text.FS_FAT_SyncFAT
                0x00012da2       0x3c ..\emFile_V322c\LinkLibrary\PSoC5\GCC\libemf16noslfn.a(FAT_Misc.o)
                0x00012da2                FS_FAT_SyncFAT
 .text.FS_FAT_LinkCluster
                0x00012dde       0x1c ..\emFile_V322c\LinkLibrary\PSoC5\GCC\libemf16noslfn.a(FAT_Misc.o)
                0x00012dde                FS_FAT_LinkCluster
 .text.FS_FAT_ReadFATEntry
                0x00012dfa       0xb2 ..\emFile_V322c\LinkLibrary\PSoC5\GCC\libemf16noslfn.a(FAT_Misc.o)
                0x00012dfa                FS_FAT_ReadFATEntry
 .text.FS_FAT_GetNumAdjClustersInChain
                0x00012eac       0x64 ..\emFile_V322c\LinkLibrary\PSoC5\GCC\libemf16noslfn.a(FAT_Misc.o)
                0x00012eac                FS_FAT_GetNumAdjClustersInChain
 .text.FS_FAT_WalkClusterEx
                0x00012f10       0x5c ..\emFile_V322c\LinkLibrary\PSoC5\GCC\libemf16noslfn.a(FAT_Misc.o)
                0x00012f10                FS_FAT_WalkClusterEx
 .text.FS_FAT_GotoCluster
                0x00012f6c       0x88 ..\emFile_V322c\LinkLibrary\PSoC5\GCC\libemf16noslfn.a(FAT_Misc.o)
                0x00012f6c                FS_FAT_GotoCluster
 .text.FS_FAT_WalkCluster
                0x00012ff4       0x18 ..\emFile_V322c\LinkLibrary\PSoC5\GCC\libemf16noslfn.a(FAT_Misc.o)
                0x00012ff4                FS_FAT_WalkCluster
 .text.FS_FAT_FindLastCluster
                0x0001300c       0x34 ..\emFile_V322c\LinkLibrary\PSoC5\GCC\libemf16noslfn.a(FAT_Misc.o)
                0x0001300c                FS_FAT_FindLastCluster
 .text._CalcFreeClusterCnt
                0x00013040       0x88 ..\emFile_V322c\LinkLibrary\PSoC5\GCC\libemf16noslfn.a(FAT_Misc.o)
 .text.FS_FAT_FindFreeCluster
                0x000130c8       0xa8 ..\emFile_V322c\LinkLibrary\PSoC5\GCC\libemf16noslfn.a(FAT_Misc.o)
                0x000130c8                FS_FAT_FindFreeCluster
 .text.FS_FAT_AllocCluster
                0x00013170       0x20 ..\emFile_V322c\LinkLibrary\PSoC5\GCC\libemf16noslfn.a(FAT_Misc.o)
                0x00013170                FS_FAT_AllocCluster
 .text._WriteEmptyFATSectors
                0x00013190       0x3c ..\emFile_V322c\LinkLibrary\PSoC5\GCC\libemf16noslfn.a(FAT_Misc.o)
 .text.FS_FAT_FreeClusterChain
                0x000131cc       0xe0 ..\emFile_V322c\LinkLibrary\PSoC5\GCC\libemf16noslfn.a(FAT_Misc.o)
                0x000131cc                FS_FAT_FreeClusterChain
 .text.FS_FAT_CheckBPB
                0x000132ac      0x14c ..\emFile_V322c\LinkLibrary\PSoC5\GCC\libemf16noslfn.a(FAT_Misc.o)
                0x000132ac                FS_FAT_CheckBPB
 .text.FS_FAT_InitDirEntryScan
                0x000133f8       0x14 ..\emFile_V322c\LinkLibrary\PSoC5\GCC\libemf16noslfn.a(FAT_Open.o)
                0x000133f8                FS_FAT_InitDirEntryScan
 .text.FS_FAT_IncDirPos
                0x0001340c        0x8 ..\emFile_V322c\LinkLibrary\PSoC5\GCC\libemf16noslfn.a(FAT_Open.o)
                0x0001340c                FS_FAT_IncDirPos
 .text._CopyDirText
                0x00013414       0x44 ..\emFile_V322c\LinkLibrary\PSoC5\GCC\libemf16noslfn.a(FAT_Open.o)
 .text.FS_FAT_Make83Name
                0x00013458       0xb0 ..\emFile_V322c\LinkLibrary\PSoC5\GCC\libemf16noslfn.a(FAT_Open.o)
                0x00013458                FS_FAT_Make83Name
 .text.FS_FAT_GetDirEntry
                0x00013508       0xb2 ..\emFile_V322c\LinkLibrary\PSoC5\GCC\libemf16noslfn.a(FAT_Open.o)
                0x00013508                FS_FAT_GetDirEntry
 .text.FS_FAT_FindDirEntryShortEx
                0x000135ba       0x5a ..\emFile_V322c\LinkLibrary\PSoC5\GCC\libemf16noslfn.a(FAT_Open.o)
                0x000135ba                FS_FAT_FindDirEntryShortEx
 .text.FS_FAT_FindDirEntryShort
                0x00013614       0x36 ..\emFile_V322c\LinkLibrary\PSoC5\GCC\libemf16noslfn.a(FAT_Open.o)
                0x00013614                FS_FAT_FindDirEntryShort
 .text.FS_FAT_FindEmptyDirEntry
                0x0001364a       0xb0 ..\emFile_V322c\LinkLibrary\PSoC5\GCC\libemf16noslfn.a(FAT_Open.o)
                0x0001364a                FS_FAT_FindEmptyDirEntry
 .text.FS_FAT_GetFirstCluster
                0x000136fa       0x1a ..\emFile_V322c\LinkLibrary\PSoC5\GCC\libemf16noslfn.a(FAT_Open.o)
                0x000136fa                FS_FAT_GetFirstCluster
 .text.FS_FAT_FindPath
                0x00013714       0x7a ..\emFile_V322c\LinkLibrary\PSoC5\GCC\libemf16noslfn.a(FAT_Open.o)
                0x00013714                FS_FAT_FindPath
 .text.FS_FAT_DeleteFileOrDir
                0x0001378e       0x48 ..\emFile_V322c\LinkLibrary\PSoC5\GCC\libemf16noslfn.a(FAT_Open.o)
                0x0001378e                FS_FAT_DeleteFileOrDir
 *fill*         0x000137d6        0x2 
 .text.FS_FAT_Open
                0x000137d8      0x1dc ..\emFile_V322c\LinkLibrary\PSoC5\GCC\libemf16noslfn.a(FAT_Open.o)
                0x000137d8                FS_FAT_Open
 .text.FS_FAT_WriteDirEntryCluster
                0x000139b4       0x1c ..\emFile_V322c\LinkLibrary\PSoC5\GCC\libemf16noslfn.a(FAT_Open.o)
                0x000139b4                FS_FAT_WriteDirEntryCluster
 .text.FS_FAT_WriteDirEntry83
                0x000139d0       0x6c ..\emFile_V322c\LinkLibrary\PSoC5\GCC\libemf16noslfn.a(FAT_Open.o)
                0x000139d0                FS_FAT_WriteDirEntry83
 .text._WriteBurst
                0x00013a3c       0x24 ..\emFile_V322c\LinkLibrary\PSoC5\GCC\libemf16noslfn.a(FAT_Write.o)
 .text.FS_FAT_GotoClusterAllocIfReq
                0x00013a60       0xa8 ..\emFile_V322c\LinkLibrary\PSoC5\GCC\libemf16noslfn.a(FAT_Write.o)
                0x00013a60                FS_FAT_GotoClusterAllocIfReq
 .text.FS_FAT_UpdateDirEntry
                0x00013b08       0x68 ..\emFile_V322c\LinkLibrary\PSoC5\GCC\libemf16noslfn.a(FAT_Write.o)
                0x00013b08                FS_FAT_UpdateDirEntry
 .text.FS_FAT_Close
                0x00013b70       0x44 ..\emFile_V322c\LinkLibrary\PSoC5\GCC\libemf16noslfn.a(FAT_Write.o)
                0x00013b70                FS_FAT_Close
 .text.FS_FAT_Write
                0x00013bb4      0x1c8 ..\emFile_V322c\LinkLibrary\PSoC5\GCC\libemf16noslfn.a(FAT_Write.o)
                0x00013bb4                FS_FAT_Write
 .text.FS__CLIB_memcmp
                0x00013d7c       0x20 ..\emFile_V322c\LinkLibrary\PSoC5\GCC\libemf16noslfn.a(FS_CLib.o)
                0x00013d7c                FS__CLIB_memcmp
 .text.FS__CLIB_memset
                0x00013d9c       0x6c ..\emFile_V322c\LinkLibrary\PSoC5\GCC\libemf16noslfn.a(FS_CLib.o)
                0x00013d9c                FS__CLIB_memset
 .text.FS__CLIB_strcmp
                0x00013e08       0x1a ..\emFile_V322c\LinkLibrary\PSoC5\GCC\libemf16noslfn.a(FS_CLib.o)
                0x00013e08                FS__CLIB_strcmp
 .text.FS__CLIB_strlen
                0x00013e22       0x10 ..\emFile_V322c\LinkLibrary\PSoC5\GCC\libemf16noslfn.a(FS_CLib.o)
                0x00013e22                FS__CLIB_strlen
 .text.FS__CLIB_strncmp
                0x00013e32       0x26 ..\emFile_V322c\LinkLibrary\PSoC5\GCC\libemf16noslfn.a(FS_CLib.o)
                0x00013e32                FS__CLIB_strncmp
 .text.FS__CLIB_toupper
                0x00013e58        0xe ..\emFile_V322c\LinkLibrary\PSoC5\GCC\libemf16noslfn.a(FS_CLib.o)
                0x00013e58                FS__CLIB_toupper
 .text.FS__strchr
                0x00013e66       0x14 ..\emFile_V322c\LinkLibrary\PSoC5\GCC\libemf16noslfn.a(FS_Core.o)
                0x00013e66                FS__strchr
 .text.FS_LoadU32BE
                0x00013e7a       0x18 ..\emFile_V322c\LinkLibrary\PSoC5\GCC\libemf16noslfn.a(FS_Core.o)
                0x00013e7a                FS_LoadU32BE
 .text.FS_LoadU32LE
                0x00013e92       0x16 ..\emFile_V322c\LinkLibrary\PSoC5\GCC\libemf16noslfn.a(FS_Core.o)
                0x00013e92                FS_LoadU32LE
 .text.FS_StoreU32LE
                0x00013ea8       0x14 ..\emFile_V322c\LinkLibrary\PSoC5\GCC\libemf16noslfn.a(FS_Core.o)
                0x00013ea8                FS_StoreU32LE
 .text.FS_StoreU16LE
                0x00013ebc        0x8 ..\emFile_V322c\LinkLibrary\PSoC5\GCC\libemf16noslfn.a(FS_Core.o)
                0x00013ebc                FS_StoreU16LE
 .text.FS_LoadU16LE
                0x00013ec4        0xa ..\emFile_V322c\LinkLibrary\PSoC5\GCC\libemf16noslfn.a(FS_Core.o)
                0x00013ec4                FS_LoadU16LE
 *fill*         0x00013ece        0x2 
 .text._Alloc   0x00013ed0       0x30 ..\emFile_V322c\LinkLibrary\PSoC5\GCC\libemf16noslfn.a(FS_Core.o)
 .text.FS_Alloc
                0x00013f00        0xc ..\emFile_V322c\LinkLibrary\PSoC5\GCC\libemf16noslfn.a(FS_Core.o)
                0x00013f00                FS_Alloc
 .text.FS_TryAlloc
                0x00013f0c        0x4 ..\emFile_V322c\LinkLibrary\PSoC5\GCC\libemf16noslfn.a(FS_Core.o)
                0x00013f0c                FS_TryAlloc
 .text.FS_Free  0x00013f10       0x1c ..\emFile_V322c\LinkLibrary\PSoC5\GCC\libemf16noslfn.a(FS_Core.o)
                0x00013f10                FS_Free
 .text.FS_AssignMemory
                0x00013f2c        0xc ..\emFile_V322c\LinkLibrary\PSoC5\GCC\libemf16noslfn.a(FS_Core.o)
                0x00013f2c                FS_AssignMemory
 .text.FS_AllocZeroed
                0x00013f38       0x16 ..\emFile_V322c\LinkLibrary\PSoC5\GCC\libemf16noslfn.a(FS_Core.o)
                0x00013f38                FS_AllocZeroed
 *fill*         0x00013f4e        0x2 
 .text.FS_STORAGE_Init
                0x00013f50       0x28 ..\emFile_V322c\LinkLibrary\PSoC5\GCC\libemf16noslfn.a(FS_Core.o)
                0x00013f50                FS_STORAGE_Init
 .text.FS__MkDir
                0x00013f78       0x24 ..\emFile_V322c\LinkLibrary\PSoC5\GCC\libemf16noslfn.a(FS_Dir.o)
                0x00013f78                FS__MkDir
 .text.FS_MkDir
                0x00013f9c        0x4 ..\emFile_V322c\LinkLibrary\PSoC5\GCC\libemf16noslfn.a(FS_Dir.o)
                0x00013f9c                FS_MkDir
 .text._FreeDirHandle
                0x00013fa0        0xa ..\emFile_V322c\LinkLibrary\PSoC5\GCC\libemf16noslfn.a(FS_DirOld.o)
 .text.FS__RewindDir
                0x00013faa        0xa ..\emFile_V322c\LinkLibrary\PSoC5\GCC\libemf16noslfn.a(FS_DirOld.o)
                0x00013faa                FS__RewindDir
 .text.FS__DirEnt2Attr
                0x00013fb4        0xc ..\emFile_V322c\LinkLibrary\PSoC5\GCC\libemf16noslfn.a(FS_DirOld.o)
                0x00013fb4                FS__DirEnt2Attr
 .text.FS__CloseDir
                0x00013fc0       0x20 ..\emFile_V322c\LinkLibrary\PSoC5\GCC\libemf16noslfn.a(FS_DirOld.o)
                0x00013fc0                FS__CloseDir
 .text.FS_CloseDir
                0x00013fe0        0x4 ..\emFile_V322c\LinkLibrary\PSoC5\GCC\libemf16noslfn.a(FS_DirOld.o)
                0x00013fe0                FS_CloseDir
 .text.FS__ReadDir
                0x00013fe4       0x4c ..\emFile_V322c\LinkLibrary\PSoC5\GCC\libemf16noslfn.a(FS_DirOld.o)
                0x00013fe4                FS__ReadDir
 .text.FS__OpenDir
                0x00014030       0x48 ..\emFile_V322c\LinkLibrary\PSoC5\GCC\libemf16noslfn.a(FS_DirOld.o)
                0x00014030                FS__OpenDir
 .text.FS_OpenDir
                0x00014078        0x4 ..\emFile_V322c\LinkLibrary\PSoC5\GCC\libemf16noslfn.a(FS_DirOld.o)
                0x00014078                FS_OpenDir
 .text.FS_FRead
                0x0001407c       0x1c ..\emFile_V322c\LinkLibrary\PSoC5\GCC\libemf16noslfn.a(FS_FRead.o)
                0x0001407c                FS_FRead
 .text.FS__GetNumFiles
                0x00014098       0x56 ..\emFile_V322c\LinkLibrary\PSoC5\GCC\libemf16noslfn.a(FS_GetNumFiles.o)
                0x00014098                FS__GetNumFiles
 .text.FS_GetNumFiles
                0x000140ee        0x4 ..\emFile_V322c\LinkLibrary\PSoC5\GCC\libemf16noslfn.a(FS_GetNumFiles.o)
                0x000140ee                FS_GetNumFiles
 .text._ClrBusyLED
                0x000140f2        0xc ..\emFile_V322c\LinkLibrary\PSoC5\GCC\libemf16noslfn.a(FS_LogBlock.o)
 .text._SetBusyLED
                0x000140fe        0xc ..\emFile_V322c\LinkLibrary\PSoC5\GCC\libemf16noslfn.a(FS_LogBlock.o)
 .text._Read    0x0001410a        0xc ..\emFile_V322c\LinkLibrary\PSoC5\GCC\libemf16noslfn.a(FS_LogBlock.o)
 .text._Write   0x00014116       0x12 ..\emFile_V322c\LinkLibrary\PSoC5\GCC\libemf16noslfn.a(FS_LogBlock.o)
 .text.FS_LB_GetStatus
                0x00014128        0xc ..\emFile_V322c\LinkLibrary\PSoC5\GCC\libemf16noslfn.a(FS_LogBlock.o)
                0x00014128                FS_LB_GetStatus
 .text.FS_LB_InitMedium
                0x00014134       0x1a ..\emFile_V322c\LinkLibrary\PSoC5\GCC\libemf16noslfn.a(FS_LogBlock.o)
                0x00014134                FS_LB_InitMedium
 .text.FS_LB_InitMediumIfRequired
                0x0001414e       0x10 ..\emFile_V322c\LinkLibrary\PSoC5\GCC\libemf16noslfn.a(FS_LogBlock.o)
                0x0001414e                FS_LB_InitMediumIfRequired
 .text.FS_LB_ReadDevice
                0x0001415e       0x2e ..\emFile_V322c\LinkLibrary\PSoC5\GCC\libemf16noslfn.a(FS_LogBlock.o)
                0x0001415e                FS_LB_ReadDevice
 .text.FS_LB_ReadPart
                0x0001418c        0xe ..\emFile_V322c\LinkLibrary\PSoC5\GCC\libemf16noslfn.a(FS_LogBlock.o)
                0x0001418c                FS_LB_ReadPart
 .text.FS_LB_ReadBurst
                0x0001419a       0x38 ..\emFile_V322c\LinkLibrary\PSoC5\GCC\libemf16noslfn.a(FS_LogBlock.o)
                0x0001419a                FS_LB_ReadBurst
 .text.FS_LB_ReadBurstPart
                0x000141d2       0x14 ..\emFile_V322c\LinkLibrary\PSoC5\GCC\libemf16noslfn.a(FS_LogBlock.o)
                0x000141d2                FS_LB_ReadBurstPart
 .text.FS_LB_WriteBurst
                0x000141e6       0x30 ..\emFile_V322c\LinkLibrary\PSoC5\GCC\libemf16noslfn.a(FS_LogBlock.o)
                0x000141e6                FS_LB_WriteBurst
 .text.FS_LB_WriteBurstPart
                0x00014216       0x14 ..\emFile_V322c\LinkLibrary\PSoC5\GCC\libemf16noslfn.a(FS_LogBlock.o)
                0x00014216                FS_LB_WriteBurstPart
 .text.FS_LB_WriteMultiple
                0x0001422a       0x30 ..\emFile_V322c\LinkLibrary\PSoC5\GCC\libemf16noslfn.a(FS_LogBlock.o)
                0x0001422a                FS_LB_WriteMultiple
 .text.FS_LB_WriteMultiplePart
                0x0001425a       0x14 ..\emFile_V322c\LinkLibrary\PSoC5\GCC\libemf16noslfn.a(FS_LogBlock.o)
                0x0001425a                FS_LB_WriteMultiplePart
 .text.FS_LB_WriteDevice
                0x0001426e       0x36 ..\emFile_V322c\LinkLibrary\PSoC5\GCC\libemf16noslfn.a(FS_LogBlock.o)
                0x0001426e                FS_LB_WriteDevice
 .text.FS_LB_WritePart
                0x000142a4        0xe ..\emFile_V322c\LinkLibrary\PSoC5\GCC\libemf16noslfn.a(FS_LogBlock.o)
                0x000142a4                FS_LB_WritePart
 .text.FS_GetSectorSize
                0x000142b2       0x28 ..\emFile_V322c\LinkLibrary\PSoC5\GCC\libemf16noslfn.a(FS_LogBlock.o)
                0x000142b2                FS_GetSectorSize
 .text.FS_LB_GetDeviceInfo
                0x000142da       0x26 ..\emFile_V322c\LinkLibrary\PSoC5\GCC\libemf16noslfn.a(FS_LogBlock.o)
                0x000142da                FS_LB_GetDeviceInfo
 .text.FS_memcpy
                0x00014300      0x120 ..\emFile_V322c\LinkLibrary\PSoC5\GCC\libemf16noslfn.a(FS_memcpy.o)
                0x00014300                FS_memcpy
 .text.FS__AllocSectorBuffer
                0x00014420       0x2c ..\emFile_V322c\LinkLibrary\PSoC5\GCC\libemf16noslfn.a(FS_Misc.o)
                0x00014420                FS__AllocSectorBuffer
 .text.FS__FreeSectorBuffer
                0x0001444c       0x28 ..\emFile_V322c\LinkLibrary\PSoC5\GCC\libemf16noslfn.a(FS_Misc.o)
                0x0001444c                FS__FreeSectorBuffer
 .text.FS__SB_MarkDirty
                0x00014474        0x6 ..\emFile_V322c\LinkLibrary\PSoC5\GCC\libemf16noslfn.a(FS_Misc.o)
                0x00014474                FS__SB_MarkDirty
 .text.FS__SB_MarkNotDirty
                0x0001447a        0x6 ..\emFile_V322c\LinkLibrary\PSoC5\GCC\libemf16noslfn.a(FS_Misc.o)
                0x0001447a                FS__SB_MarkNotDirty
 .text.FS__FreeFileHandle
                0x00014480        0xa ..\emFile_V322c\LinkLibrary\PSoC5\GCC\libemf16noslfn.a(FS_Misc.o)
                0x00014480                FS__FreeFileHandle
 .text.FS__FreeFileObj
                0x0001448a        0xc ..\emFile_V322c\LinkLibrary\PSoC5\GCC\libemf16noslfn.a(FS_Misc.o)
                0x0001448a                FS__FreeFileObj
 *fill*         0x00014496        0x2 
 .text.FS_Init  0x00014498       0x58 ..\emFile_V322c\LinkLibrary\PSoC5\GCC\libemf16noslfn.a(FS_Misc.o)
                0x00014498                FS_Init
 .text.FS__SB_Create
                0x000144f0       0x28 ..\emFile_V322c\LinkLibrary\PSoC5\GCC\libemf16noslfn.a(FS_Misc.o)
                0x000144f0                FS__SB_Create
 .text.FS__FCloseNL
                0x00014518       0x1e ..\emFile_V322c\LinkLibrary\PSoC5\GCC\libemf16noslfn.a(FS_Misc.o)
                0x00014518                FS__FCloseNL
 .text.FS__FClose
                0x00014536       0x1a ..\emFile_V322c\LinkLibrary\PSoC5\GCC\libemf16noslfn.a(FS_Misc.o)
                0x00014536                FS__FClose
 .text.FS_FClose
                0x00014550        0xa ..\emFile_V322c\LinkLibrary\PSoC5\GCC\libemf16noslfn.a(FS_Misc.o)
                0x00014550                FS_FClose
 *fill*         0x0001455a        0x2 
 .text.FS__AllocFileObj
                0x0001455c       0x48 ..\emFile_V322c\LinkLibrary\PSoC5\GCC\libemf16noslfn.a(FS_Misc.o)
                0x0001455c                FS__AllocFileObj
 .text.FS__AllocFileHandle
                0x000145a4       0x40 ..\emFile_V322c\LinkLibrary\PSoC5\GCC\libemf16noslfn.a(FS_Misc.o)
                0x000145a4                FS__AllocFileHandle
 .text.FS__OpenEx
                0x000145e4       0x58 ..\emFile_V322c\LinkLibrary\PSoC5\GCC\libemf16noslfn.a(FS_Misc.o)
                0x000145e4                FS__OpenEx
 .text.FS__FOpenEx
                0x0001463c       0x56 ..\emFile_V322c\LinkLibrary\PSoC5\GCC\libemf16noslfn.a(FS_Misc.o)
                0x0001463c                FS__FOpenEx
 *fill*         0x00014692        0x2 
 .text.FS__FOpen
                0x00014694       0x48 ..\emFile_V322c\LinkLibrary\PSoC5\GCC\libemf16noslfn.a(FS_Misc.o)
                0x00014694                FS__FOpen
 .text.FS_FOpen
                0x000146dc        0x4 ..\emFile_V322c\LinkLibrary\PSoC5\GCC\libemf16noslfn.a(FS_Misc.o)
                0x000146dc                FS_FOpen
 .text.FS__SB_Write
                0x000146e0       0x24 ..\emFile_V322c\LinkLibrary\PSoC5\GCC\libemf16noslfn.a(FS_Misc.o)
                0x000146e0                FS__SB_Write
 .text._SB_Clean
                0x00014704       0x24 ..\emFile_V322c\LinkLibrary\PSoC5\GCC\libemf16noslfn.a(FS_Misc.o)
 .text.FS__SB_SetSector
                0x00014728       0x20 ..\emFile_V322c\LinkLibrary\PSoC5\GCC\libemf16noslfn.a(FS_Misc.o)
                0x00014728                FS__SB_SetSector
 .text.FS__SB_MarkValid
                0x00014748       0x10 ..\emFile_V322c\LinkLibrary\PSoC5\GCC\libemf16noslfn.a(FS_Misc.o)
                0x00014748                FS__SB_MarkValid
 .text.FS__SB_Clean
                0x00014758        0x4 ..\emFile_V322c\LinkLibrary\PSoC5\GCC\libemf16noslfn.a(FS_Misc.o)
                0x00014758                FS__SB_Clean
 .text.FS__SB_Delete
                0x0001475c       0x12 ..\emFile_V322c\LinkLibrary\PSoC5\GCC\libemf16noslfn.a(FS_Misc.o)
                0x0001475c                FS__SB_Delete
 .text.FS__SB_Flush
                0x0001476e        0x8 ..\emFile_V322c\LinkLibrary\PSoC5\GCC\libemf16noslfn.a(FS_Misc.o)
                0x0001476e                FS__SB_Flush
 .text.FS__SB_Read
                0x00014776       0x2a ..\emFile_V322c\LinkLibrary\PSoC5\GCC\libemf16noslfn.a(FS_Misc.o)
                0x00014776                FS__SB_Read
 .text.FS__Read
                0x000147a0       0x2e ..\emFile_V322c\LinkLibrary\PSoC5\GCC\libemf16noslfn.a(FS_Read.o)
                0x000147a0                FS__Read
 .text.FS__AddPhysDevice
                0x000147ce       0x10 ..\emFile_V322c\LinkLibrary\PSoC5\GCC\libemf16noslfn.a(FS_Storage.o)
                0x000147ce                FS__AddPhysDevice
 *fill*         0x000147de        0x2 
 .text.FS__FindVolume
                0x000147e0       0x78 ..\emFile_V322c\LinkLibrary\PSoC5\GCC\libemf16noslfn.a(FS_Storage.o)
                0x000147e0                FS__FindVolume
 .text.FS__AddDevice
                0x00014858       0x68 ..\emFile_V322c\LinkLibrary\PSoC5\GCC\libemf16noslfn.a(FS_Storage.o)
                0x00014858                FS__AddDevice
 .text.FS_AddDevice
                0x000148c0        0x4 ..\emFile_V322c\LinkLibrary\PSoC5\GCC\libemf16noslfn.a(FS_Storage.o)
                0x000148c0                FS_AddDevice
 .text._Mount   0x000148c4       0x2e ..\emFile_V322c\LinkLibrary\PSoC5\GCC\libemf16noslfn.a(FS_Volume.o)
 .text.FS__AutoMount
                0x000148f2       0x14 ..\emFile_V322c\LinkLibrary\PSoC5\GCC\libemf16noslfn.a(FS_Volume.o)
                0x000148f2                FS__AutoMount
 .text.FS__Write
                0x00014906       0x3a ..\emFile_V322c\LinkLibrary\PSoC5\GCC\libemf16noslfn.a(FS_Write.o)
                0x00014906                FS__Write
 .text.FS_Write
                0x00014940        0x4 ..\emFile_V322c\LinkLibrary\PSoC5\GCC\libemf16noslfn.a(FS_Write.o)
                0x00014940                FS_Write
 .text.FS_FAT_CloseDir
                0x00014944        0xc ..\emFile_V322c\LinkLibrary\PSoC5\GCC\libemf16noslfn.a(FAT_Dir.o)
                0x00014944                FS_FAT_CloseDir
 .text.FS_FAT_ReadDir
                0x00014950       0x38 ..\emFile_V322c\LinkLibrary\PSoC5\GCC\libemf16noslfn.a(FAT_Dir.o)
                0x00014950                FS_FAT_ReadDir
 .text.FS_FAT_OpenDir
                0x00014988       0x72 ..\emFile_V322c\LinkLibrary\PSoC5\GCC\libemf16noslfn.a(FAT_Dir.o)
                0x00014988                FS_FAT_OpenDir
 *fill*         0x000149fa        0x2 
 .text.FS_FAT_CreateDirEx
                0x000149fc      0x110 ..\emFile_V322c\LinkLibrary\PSoC5\GCC\libemf16noslfn.a(FAT_Dir.o)
                0x000149fc                FS_FAT_CreateDirEx
 .text.FS_FAT_CreateDir
                0x00014b0c       0x64 ..\emFile_V322c\LinkLibrary\PSoC5\GCC\libemf16noslfn.a(FAT_Dir.o)
                0x00014b0c                FS_FAT_CreateDir
 .text._ReadBurst
                0x00014b70       0x24 ..\emFile_V322c\LinkLibrary\PSoC5\GCC\libemf16noslfn.a(FAT_Read.o)
 .text.FS_FAT_Read
                0x00014b94      0x194 ..\emFile_V322c\LinkLibrary\PSoC5\GCC\libemf16noslfn.a(FAT_Read.o)
                0x00014b94                FS_FAT_Read
 .text._IsBPB   0x00014d28       0x1e ..\emFile_V322c\LinkLibrary\PSoC5\GCC\libemf16noslfn.a(FS_Partition.o)
 .text._HasSignature
                0x00014d46       0x18 ..\emFile_V322c\LinkLibrary\PSoC5\GCC\libemf16noslfn.a(FS_Partition.o)
 .text._GetPartitionStartSector
                0x00014d5e        0xc ..\emFile_V322c\LinkLibrary\PSoC5\GCC\libemf16noslfn.a(FS_Partition.o)
 .text.FS__GetMediaStartSecEx
                0x00014d6a       0x6e ..\emFile_V322c\LinkLibrary\PSoC5\GCC\libemf16noslfn.a(FS_Partition.o)
                0x00014d6a                FS__GetMediaStartSecEx
 .text.FS__LocatePartition
                0x00014dd8       0x44 ..\emFile_V322c\LinkLibrary\PSoC5\GCC\libemf16noslfn.a(FS_Partition.o)
                0x00014dd8                FS__LocatePartition
 .text.sqrt     0x00014e1c       0xb8 c:/program files (x86)/cypress/psoc creator/4.2/psoc creator/import/gnu/arm/5.4.1/bin/../lib/gcc/arm-none-eabi/5.4.1/../../../../arm-none-eabi/lib/armv7-m\libm.a(lib_a-w_sqrt.o)
                0x00014e1c                sqrt
 .text.__ieee754_sqrt
                0x00014ed4      0x188 c:/program files (x86)/cypress/psoc creator/4.2/psoc creator/import/gnu/arm/5.4.1/bin/../lib/gcc/arm-none-eabi/5.4.1/../../../../arm-none-eabi/lib/armv7-m\libm.a(lib_a-e_sqrt.o)
                0x00014ed4                __ieee754_sqrt
 .text.matherr  0x0001505c        0x4 c:/program files (x86)/cypress/psoc creator/4.2/psoc creator/import/gnu/arm/5.4.1/bin/../lib/gcc/arm-none-eabi/5.4.1/../../../../arm-none-eabi/lib/armv7-m\libm.a(lib_a-s_matherr.o)
                0x0001505c                matherr
 .text.FS_X_AddDevices
                0x00015060       0x20 .\CortexM3\ARM_GCC_541\Release\firmware.a(SD_ConfigMMC_SPI.o)
                0x00015060                FS_X_AddDevices
 .text.FS_X_GetTimeDate
                0x00015080       0x58 .\CortexM3\ARM_GCC_541\Release\firmware.a(SD_ConfigMMC_SPI.o)
                0x00015080                FS_X_GetTimeDate
 .text._CalcDataCRC16Dummy
                0x000150d8        0x6 ..\emFile_V322c\LinkLibrary\PSoC5\GCC\libemf16noslfn.a(MMC_Drv.o)
 *fill*         0x000150de        0x2 
 .text._MMC_GetNumUnits
                0x000150e0        0xc ..\emFile_V322c\LinkLibrary\PSoC5\GCC\libemf16noslfn.a(MMC_Drv.o)
 .text._MMC_GetDriverName
                0x000150ec        0x8 ..\emFile_V322c\LinkLibrary\PSoC5\GCC\libemf16noslfn.a(MMC_Drv.o)
 .text._MMC_GetStatus
                0x000150f4        0x4 ..\emFile_V322c\LinkLibrary\PSoC5\GCC\libemf16noslfn.a(MMC_Drv.o)
 .text._CheckR1
                0x000150f8       0x38 ..\emFile_V322c\LinkLibrary\PSoC5\GCC\libemf16noslfn.a(MMC_Drv.o)
 .text._WaitToGetReady
                0x00015130       0x26 ..\emFile_V322c\LinkLibrary\PSoC5\GCC\libemf16noslfn.a(MMC_Drv.o)
 .text._SendEmptyCycles
                0x00015156       0x24 ..\emFile_V322c\LinkLibrary\PSoC5\GCC\libemf16noslfn.a(MMC_Drv.o)
 *fill*         0x0001517a        0x2 
 .text._MMC_AddDevice
                0x0001517c       0x2c ..\emFile_V322c\LinkLibrary\PSoC5\GCC\libemf16noslfn.a(MMC_Drv.o)
 .text.T.53     0x000151a8       0x14 ..\emFile_V322c\LinkLibrary\PSoC5\GCC\libemf16noslfn.a(MMC_Drv.o)
 .text._GetFromCSD
                0x000151bc       0x34 ..\emFile_V322c\LinkLibrary\PSoC5\GCC\libemf16noslfn.a(MMC_Drv.o)
 .text._ExecCmdR1
                0x000151f0       0x98 ..\emFile_V322c\LinkLibrary\PSoC5\GCC\libemf16noslfn.a(MMC_Drv.o)
 .text._ReadCSD
                0x00015288       0x86 ..\emFile_V322c\LinkLibrary\PSoC5\GCC\libemf16noslfn.a(MMC_Drv.o)
 *fill*         0x0001530e        0x2 
 .text._MMC_Read
                0x00015310      0x130 ..\emFile_V322c\LinkLibrary\PSoC5\GCC\libemf16noslfn.a(MMC_Drv.o)
 .text._MMC_Write
                0x00015440      0x13c ..\emFile_V322c\LinkLibrary\PSoC5\GCC\libemf16noslfn.a(MMC_Drv.o)
 .text._ApplyCSD
                0x0001557c      0x228 ..\emFile_V322c\LinkLibrary\PSoC5\GCC\libemf16noslfn.a(MMC_Drv.o)
 .text._MMC_Init
                0x000157a4      0x1c0 ..\emFile_V322c\LinkLibrary\PSoC5\GCC\libemf16noslfn.a(MMC_Drv.o)
 .text._MMC_InitMedium
                0x00015964       0x28 ..\emFile_V322c\LinkLibrary\PSoC5\GCC\libemf16noslfn.a(MMC_Drv.o)
 .text._MMC_IoCtl
                0x0001598c       0x60 ..\emFile_V322c\LinkLibrary\PSoC5\GCC\libemf16noslfn.a(MMC_Drv.o)
 .text.SD_Init  0x000159ec       0x6c .\CortexM3\ARM_GCC_541\Release\firmware.a(SD_MMC_HW_SPI.o)
 .text.SD_ReadWriteSPI
                0x00015a58       0x68 .\CortexM3\ARM_GCC_541\Release\firmware.a(SD_MMC_HW_SPI.o)
 .text.FS_MMC_HW_X_EnableCS
                0x00015ac0       0x28 .\CortexM3\ARM_GCC_541\Release\firmware.a(SD_MMC_HW_SPI.o)
                0x00015ac0                FS_MMC_HW_X_EnableCS
 .text.FS_MMC_HW_X_DisableCS
                0x00015ae8       0x28 .\CortexM3\ARM_GCC_541\Release\firmware.a(SD_MMC_HW_SPI.o)
                0x00015ae8                FS_MMC_HW_X_DisableCS
 .text.FS_MMC_HW_X_IsWriteProtected
                0x00015b10       0x28 .\CortexM3\ARM_GCC_541\Release\firmware.a(SD_MMC_HW_SPI.o)
                0x00015b10                FS_MMC_HW_X_IsWriteProtected
 .text.FS_MMC_HW_X_SetMaxSpeed
                0x00015b38       0x88 .\CortexM3\ARM_GCC_541\Release\firmware.a(SD_MMC_HW_SPI.o)
                0x00015b38                FS_MMC_HW_X_SetMaxSpeed
 .text.FS_MMC_HW_X_SetVoltage
                0x00015bc0       0x68 .\CortexM3\ARM_GCC_541\Release\firmware.a(SD_MMC_HW_SPI.o)
                0x00015bc0                FS_MMC_HW_X_SetVoltage
 .text.FS_MMC_HW_X_IsPresent
                0x00015c28       0x30 .\CortexM3\ARM_GCC_541\Release\firmware.a(SD_MMC_HW_SPI.o)
                0x00015c28                FS_MMC_HW_X_IsPresent
 .text.FS_MMC_HW_X_Read
                0x00015c58       0x38 .\CortexM3\ARM_GCC_541\Release\firmware.a(SD_MMC_HW_SPI.o)
                0x00015c58                FS_MMC_HW_X_Read
 .text.FS_MMC_HW_X_Write
                0x00015c90       0x34 .\CortexM3\ARM_GCC_541\Release\firmware.a(SD_MMC_HW_SPI.o)
                0x00015c90                FS_MMC_HW_X_Write
 .text.SD_SPI0_Init
                0x00015cc4       0x34 .\CortexM3\ARM_GCC_541\Release\firmware.a(SD_SPI0.o)
                0x00015cc4                SD_SPI0_Init
 .text.SD_SPI0_Enable
                0x00015cf8       0x64 .\CortexM3\ARM_GCC_541\Release\firmware.a(SD_SPI0.o)
                0x00015cf8                SD_SPI0_Enable
 .text.SD_SPI0_Start
                0x00015d5c       0x24 .\CortexM3\ARM_GCC_541\Release\firmware.a(SD_SPI0.o)
                0x00015d5c                SD_SPI0_Start
 .text.SD_SPI0_EnableTxInt
                0x00015d80        0xc .\CortexM3\ARM_GCC_541\Release\firmware.a(SD_SPI0.o)
                0x00015d80                SD_SPI0_EnableTxInt
 .text.SD_SPI0_EnableRxInt
                0x00015d8c        0xc .\CortexM3\ARM_GCC_541\Release\firmware.a(SD_SPI0.o)
                0x00015d8c                SD_SPI0_EnableRxInt
 .text.SD_SPI0_ReadTxStatus
                0x00015d98       0x1c .\CortexM3\ARM_GCC_541\Release\firmware.a(SD_SPI0.o)
                0x00015d98                SD_SPI0_ReadTxStatus
 .text.SD_SPI0_ReadRxStatus
                0x00015db4       0x1c .\CortexM3\ARM_GCC_541\Release\firmware.a(SD_SPI0.o)
                0x00015db4                SD_SPI0_ReadRxStatus
 .text.SD_SPI0_WriteTxData
                0x00015dd0       0x34 .\CortexM3\ARM_GCC_541\Release\firmware.a(SD_SPI0.o)
                0x00015dd0                SD_SPI0_WriteTxData
 .text.SD_SPI0_ReadRxData
                0x00015e04       0x1c .\CortexM3\ARM_GCC_541\Release\firmware.a(SD_SPI0.o)
                0x00015e04                SD_SPI0_ReadRxData
 .text.SD_SPI0_ClearFIFO
                0x00015e20       0x60 .\CortexM3\ARM_GCC_541\Release\firmware.a(SD_SPI0.o)
                0x00015e20                SD_SPI0_ClearFIFO
 .text.SD_Clock_1_Start
                0x00015e80       0x34 .\CortexM3\ARM_GCC_541\Release\firmware.a(SD_Clock_1.o)
                0x00015e80                SD_Clock_1_Start
 .text.SD_Clock_1_Stop
                0x00015eb4       0x34 .\CortexM3\ARM_GCC_541\Release\firmware.a(SD_Clock_1.o)
                0x00015eb4                SD_Clock_1_Stop
 .text.SD_Clock_1_SetDividerRegister
                0x00015ee8      0x164 .\CortexM3\ARM_GCC_541\Release\firmware.a(SD_Clock_1.o)
                0x00015ee8                SD_Clock_1_SetDividerRegister
 .text.SD_Clock_1_GetDividerRegister
                0x0001604c       0x18 .\CortexM3\ARM_GCC_541\Release\firmware.a(SD_Clock_1.o)
                0x0001604c                SD_Clock_1_GetDividerRegister
 .text.SD_Clock_1_GetSourceRegister
                0x00016064       0x1c .\CortexM3\ARM_GCC_541\Release\firmware.a(SD_Clock_1.o)
                0x00016064                SD_Clock_1_GetSourceRegister
 .text.SD_SPI0_CS_Write
                0x00016080       0x3c .\CortexM3\ARM_GCC_541\Release\firmware.a(SD_SPI0_CS.o)
                0x00016080                SD_SPI0_CS_Write
 .text          0x000160bc      0x370 c:/program files (x86)/cypress/psoc creator/4.2/psoc creator/import/gnu/arm/5.4.1/bin/../lib/gcc/arm-none-eabi/5.4.1/armv7-m\libgcc.a(_arm_addsubdf3.o)
                0x000160bc                __aeabi_drsub
                0x000160c4                __aeabi_dsub
                0x000160c4                __subdf3
                0x000160c8                __aeabi_dadd
                0x000160c8                __adddf3
                0x00016340                __floatunsidf
                0x00016340                __aeabi_ui2d
                0x00016360                __floatsidf
                0x00016360                __aeabi_i2d
                0x00016384                __aeabi_f2d
                0x00016384                __extendsfdf2
                0x000163c0                __floatundidf
                0x000163c0                __aeabi_ul2d
                0x000163d0                __floatdidf
                0x000163d0                __aeabi_l2d
 .text          0x0001642c      0x424 c:/program files (x86)/cypress/psoc creator/4.2/psoc creator/import/gnu/arm/5.4.1/bin/../lib/gcc/arm-none-eabi/5.4.1/armv7-m\libgcc.a(_arm_muldivdf3.o)
                0x0001642c                __aeabi_dmul
                0x0001642c                __muldf3
                0x00016680                __divdf3
                0x00016680                __aeabi_ddiv
 .text          0x00016850      0x110 c:/program files (x86)/cypress/psoc creator/4.2/psoc creator/import/gnu/arm/5.4.1/bin/../lib/gcc/arm-none-eabi/5.4.1/armv7-m\libgcc.a(_arm_cmpdf2.o)
                0x00016850                __gtdf2
                0x00016850                __gedf2
                0x00016858                __ltdf2
                0x00016858                __ledf2
                0x00016860                __nedf2
                0x00016860                __eqdf2
                0x00016860                __cmpdf2
                0x000168dc                __aeabi_cdrcmple
                0x000168ec                __aeabi_cdcmpeq
                0x000168ec                __aeabi_cdcmple
                0x000168fc                __aeabi_dcmpeq
                0x00016910                __aeabi_dcmplt
                0x00016924                __aeabi_dcmple