Archive member included to satisfy reference by file (symbol)

.\CortexM3\ARM_GCC_541\Release\firmware.a(ADC.o)
                              .\CortexM3\ARM_GCC_541\Release\main.o (ADC_Start)
.\CortexM3\ARM_GCC_541\Release\firmware.a(ADC_INT.o)
                              .\CortexM3\ARM_GCC_541\Release\firmware.a(ADC.o) (ADC_ISR1)
.\CortexM3\ARM_GCC_541\Release\firmware.a(ADC_STATUS.o)
                              .\CortexM3\ARM_GCC_541\Release\interruptions.o (ADC_STATUS_Read)
.\CortexM3\ARM_GCC_541\Release\firmware.a(DMA_dma.o)
                              .\CortexM3\ARM_GCC_541\Release\main.o (DMA_DmaInitialize)
.\CortexM3\ARM_GCC_541\Release\firmware.a(ADC_SOC.o)
                              .\CortexM3\ARM_GCC_541\Release\interruptions.o (ADC_SOC_Write)
.\CortexM3\ARM_GCC_541\Release\firmware.a(BLINK_05HZ.o)
                              .\CortexM3\ARM_GCC_541\Release\main.o (BLINK_05HZ_Start)
.\CortexM3\ARM_GCC_541\Release\firmware.a(LED_CTRL.o)
                              .\CortexM3\ARM_GCC_541\Release\utils.o (LED_CTRL_Write)
.\CortexM3\ARM_GCC_541\Release\firmware.a(BLINK_CTRL_EN.o)
                              .\CortexM3\ARM_GCC_541\Release\utils.o (BLINK_CTRL_EN_Write)
.\CortexM3\ARM_GCC_541\Release\firmware.a(BLINK_25HZ.o)
                              .\CortexM3\ARM_GCC_541\Release\main.o (BLINK_25HZ_Start)
.\CortexM3\ARM_GCC_541\Release\firmware.a(PWM_MOTORS.o)
                              .\CortexM3\ARM_GCC_541\Release\main.o (PWM_MOTORS_Start)
.\CortexM3\ARM_GCC_541\Release\firmware.a(EEPROM.o)
                              .\CortexM3\ARM_GCC_541\Release\main.o (EEPROM_Start)
.\CortexM3\ARM_GCC_541\Release\firmware.a(FTDI_ENABLE.o)
                              .\CortexM3\ARM_GCC_541\Release\command_processing.o (FTDI_ENABLE_Write)
.\CortexM3\ARM_GCC_541\Release\firmware.a(RS485_CTS.o)
                              .\CortexM3\ARM_GCC_541\Release\command_processing.o (RS485_CTS_Write)
.\CortexM3\ARM_GCC_541\Release\firmware.a(PACER_TIMER.o)
                              .\CortexM3\ARM_GCC_541\Release\main.o (PACER_TIMER_Start)
.\CortexM3\ARM_GCC_541\Release\firmware.a(RESET_FF.o)
                              .\CortexM3\ARM_GCC_541\Release\main.o (RESET_FF_Write)
.\CortexM3\ARM_GCC_541\Release\firmware.a(FF_STATUS.o)
                              .\CortexM3\ARM_GCC_541\Release\main.o (FF_STATUS_Read)
.\CortexM3\ARM_GCC_541\Release\firmware.a(MY_TIMER.o)
                              .\CortexM3\ARM_GCC_541\Release\main.o (MY_TIMER_Start)
.\CortexM3\ARM_GCC_541\Release\firmware.a(UART_RS485.o)
                              .\CortexM3\ARM_GCC_541\Release\main.o (UART_RS485_Start)
.\CortexM3\ARM_GCC_541\Release\firmware.a(UART_RS485_INT.o)
                              .\CortexM3\ARM_GCC_541\Release\firmware.a(UART_RS485.o) (UART_RS485_RXISR)
.\CortexM3\ARM_GCC_541\Release\firmware.a(ISR_RS485_RX.o)
                              .\CortexM3\ARM_GCC_541\Release\command_processing.o (ISR_RS485_RX_Disable)
.\CortexM3\ARM_GCC_541\Release\firmware.a(CLOCK_UART.o)
                              .\CortexM3\ARM_GCC_541\Release\command_processing.o (CLOCK_UART_SetDividerRegister)
.\CortexM3\ARM_GCC_541\Release\firmware.a(CYCLES_TIMER.o)
                              .\CortexM3\ARM_GCC_541\Release\main.o (CYCLES_TIMER_Start)
.\CortexM3\ARM_GCC_541\Release\firmware.a(ISR_CYCLES.o)
                              .\CortexM3\ARM_GCC_541\Release\main.o (ISR_CYCLES_StartEx)
.\CortexM3\ARM_GCC_541\Release\firmware.a(COUNTER_ENC.o)
                              .\CortexM3\ARM_GCC_541\Release\main.o (COUNTER_ENC_Start)
.\CortexM3\ARM_GCC_541\Release\firmware.a(SHIFTREG_ENC_3.o)
                              .\CortexM3\ARM_GCC_541\Release\main.o (SHIFTREG_ENC_3_Start)
.\CortexM3\ARM_GCC_541\Release\firmware.a(SHIFTREG_ENC_2.o)
                              .\CortexM3\ARM_GCC_541\Release\main.o (SHIFTREG_ENC_2_Start)
.\CortexM3\ARM_GCC_541\Release\firmware.a(SHIFTREG_ENC_1.o)
                              .\CortexM3\ARM_GCC_541\Release\main.o (SHIFTREG_ENC_1_Start)
.\CortexM3\ARM_GCC_541\Release\firmware.a(RESET_COUNTERS.o)
                              .\CortexM3\ARM_GCC_541\Release\Encoder_functions.o (RESET_COUNTERS_Write)
.\CortexM3\ARM_GCC_541\Release\firmware.a(ADC_AMux.o)
                              .\CortexM3\ARM_GCC_541\Release\firmware.a(ADC.o) (ADC_AMux_Select)
.\CortexM3\ARM_GCC_541\Release\firmware.a(ADC_Ext_CP_Clk.o)
                              .\CortexM3\ARM_GCC_541\Release\firmware.a(ADC.o) (ADC_Ext_CP_Clk_SetDividerRegister)
.\CortexM3\ARM_GCC_541\Release\firmware.a(ADC_theACLK.o)
                              .\CortexM3\ARM_GCC_541\Release\firmware.a(ADC.o) (ADC_theACLK_SetDividerRegister)
.\CortexM3\ARM_GCC_541\Release\firmware.a(CyDmac.o)
                              .\CortexM3\ARM_GCC_541\Release\Cm3Start.o (CyDmacConfigure)
.\CortexM3\ARM_GCC_541\Release\firmware.a(CyFlash.o)
                              .\CortexM3\ARM_GCC_541\Release\firmware.a(EEPROM.o) (dieTemperature)
[...]
Memory Configuration

Name             Origin             Length             Attributes
rom              0x00000000         0x00040000         xr
ram              0x1fff8000         0x00010000         xrw
*default*        0x00000000         0xffffffff

Linker script and memory map

LOAD c:/program files (x86)/cypress/psoc creator/4.2/psoc creator/import/gnu/arm/5.4.1/bin/../lib/gcc/arm-none-eabi/5.4.1/armv7-m/crti.o
LOAD c:/program files (x86)/cypress/psoc creator/4.2/psoc creator/import/gnu/arm/5.4.1/bin/../lib/gcc/arm-none-eabi/5.4.1/armv7-m/crtbegin.o
LOAD c:/program files (x86)/cypress/psoc creator/4.2/psoc creator/import/gnu/arm/5.4.1/bin/../lib/gcc/arm-none-eabi/5.4.1/../../../../arm-none-eabi/lib/armv7-m/crt0.o
START GROUP
LOAD .\CortexM3\ARM_GCC_541\Release\command_processing.o
LOAD .\CortexM3\ARM_GCC_541\Release\globals.o
LOAD .\CortexM3\ARM_GCC_541\Release\interruptions.o
LOAD .\CortexM3\ARM_GCC_541\Release\utils.o
LOAD .\CortexM3\ARM_GCC_541\Release\main.o
LOAD .\CortexM3\ARM_GCC_541\Release\FS_ConfigIO.o
LOAD .\CortexM3\ARM_GCC_541\Release\Encoder_functions.o
LOAD .\CortexM3\ARM_GCC_541\Release\SD_RTC_functions.o
LOAD .\CortexM3\ARM_GCC_541\Release\IMU_functions.o
LOAD .\CortexM3\ARM_GCC_541\Release\cyfitter_cfg.o
LOAD .\CortexM3\ARM_GCC_541\Release\cymetadata.o
LOAD .\CortexM3\ARM_GCC_541\Release\Cm3Start.o
LOAD .\CortexM3\ARM_GCC_541\Release\cybootloader.o
LOAD .\CortexM3\ARM_GCC_541\Release\firmware.a
LOAD C:\Program Files (x86)\Cypress\PSoC Creator\4.2\PSoC Creator\psoc\content\cycomponentlibrary\CyComponentLibrary.cylib\CortexM3\ARM_GCC_541\Release\CyComponentLibrary.a
LOAD ..\emFile_V322c\LinkLibrary\PSoC5\GCC\libemf16noslfn.a
LOAD c:/program files (x86)/cypress/psoc creator/4.2/psoc creator/import/gnu/arm/5.4.1/bin/../lib/gcc/arm-none-eabi/5.4.1/../../../../arm-none-eabi/lib/armv7-m\libm.a
END GROUP
START GROUP
LOAD c:/program files (x86)/cypress/psoc creator/4.2/psoc creator/import/gnu/arm/5.4.1/bin/../lib/gcc/arm-none-eabi/5.4.1/armv7-m\libgcc.a
LOAD c:/program files (x86)/cypress/psoc creator/4.2/psoc creator/import/gnu/arm/5.4.1/bin/../lib/gcc/arm-none-eabi/5.4.1/../../../../arm-none-eabi/lib/armv7-m\libg_nano.a
LOAD c:/program files (x86)/cypress/psoc creator/4.2/psoc creator/import/gnu/arm/5.4.1/bin/../lib/gcc/arm-none-eabi/5.4.1/../../../../arm-none-eabi/lib/armv7-m\libc_nano.a
END GROUP
START GROUP
LOAD c:/program files (x86)/cypress/psoc creator/4.2/psoc creator/import/gnu/arm/5.4.1/bin/../lib/gcc/arm-none-eabi/5.4.1/armv7-m\libgcc.a
LOAD c:/program files (x86)/cypress/psoc creator/4.2/psoc creator/import/gnu/arm/5.4.1/bin/../lib/gcc/arm-none-eabi/5.4.1/../../../../arm-none-eabi/lib/armv7-m\libc_nano.a
END GROUP
LOAD c:/program files (x86)/cypress/psoc creator/4.2/psoc creator/import/gnu/arm/5.4.1/bin/../lib/gcc/arm-none-eabi/5.4.1/armv7-m/crtend.o
LOAD c:/program files (x86)/cypress/psoc creator/4.2/psoc creator/import/gnu/arm/5.4.1/bin/../lib/gcc/arm-none-eabi/5.4.1/armv7-m/crtn.o
START GROUP
LOAD c:/program files (x86)/cypress/psoc creator/4.2/psoc creator/import/gnu/arm/5.4.1/bin/../lib/gcc/arm-none-eabi/5.4.1/armv7-m\libgcc.a
LOAD c:/program files (x86)/cypress/psoc creator/4.2/psoc creator/import/gnu/arm/5.4.1/bin/../lib/gcc/arm-none-eabi/5.4.1/../../../../arm-none-eabi/lib/armv7-m\libc.a
LOAD c:/program files (x86)/cypress/psoc creator/4.2/psoc creator/import/gnu/arm/5.4.1/bin/../lib/gcc/arm-none-eabi/5.4.1/../../../../arm-none-eabi/lib/armv7-m\libnosys.a
END GROUP
                0x00000000                CY_APPL_ORIGIN = 0x0
                0x00000100                CY_FLASH_ROW_SIZE = 0x100
                0x00000020                CY_ECC_ROW_SIZE = 0x20
                0x00000000                CY_EE_IN_BTLDR = 0x0
                0x00000001                CY_APPL_LOADABLE = 0x1
                0x00000800                CY_EE_SIZE = 0x800
                0x00000001                CY_APPL_NUM = 0x1
                0x00000001                CY_APPL_MAX = 0x1
                0x00000040                CY_METADATA_SIZE = 0x40
                0x00000001                CY_APPL_LOADABLE = 0x1
                0x00000000                CY_CHECKSUM_EXCLUDE_SIZE = ALIGN (0x0, CY_FLASH_ROW_SIZE)
                [!provide]                PROVIDE (__cy_heap_start, _end)
                0x00000001                PROVIDE (__cy_region_num, ((__cy_regions_end - __cy_regions) / 0x10))
                0x20008000                PROVIDE (__cy_stack, (ORIGIN (ram) + LENGTH (ram)))
                [!provide]                PROVIDE (__cy_heap_end, (__cy_stack - 0x800))

.cybootloader   0x00000000     0x1d00
 *(.cybootloader)
 .cybootloader  0x00000000     0x1d00 .\CortexM3\ARM_GCC_541\Release\cybootloader.o
                0x00000000                cy_bootloader
                0x00001d00                appl1_start = CY_APPL_ORIGIN?CY_APPL_ORIGIN:ALIGN (CY_FLASH_ROW_SIZE)
                0x00020e00                appl2_start = (appl1_start + ALIGN ((((LENGTH (rom) - appl1_start) - (0x2 * CY_FLASH_ROW_SIZE)) / 0x2), CY_FLASH_ROW_SIZE))
                0x00001d00                appl_start = (CY_APPL_NUM == 0x1)?appl1_start:appl2_start
                0x000003a0                ecc_offset = ((appl_start / CY_FLASH_ROW_SIZE) * CY_ECC_ROW_SIZE)
                0x00000000                ee_offset = (CY_APPL_LOADABLE && ! (CY_EE_IN_BTLDR))?((CY_EE_SIZE / CY_APPL_MAX) * (CY_APPL_NUM - 0x1)):0x0
                0x00000800                ee_size = (CY_APPL_LOADABLE && ! (CY_EE_IN_BTLDR))?(CY_EE_SIZE / CY_APPL_MAX):CY_EE_SIZE
                0x000003a0                PROVIDE (CY_ECC_OFFSET, ecc_offset)

.text           0x00001d00    0x19f70
 CREATE_OBJECT_SYMBOLS
                0x00001d00                PROVIDE (__cy_interrupt_vector, RomVectors)
 *(.romvectors)
 .romvectors    0x00001d00       0x10 .\CortexM3\ARM_GCC_541\Release\Cm3Start.o
                0x00001d00                RomVectors
                0x00000001                ASSERT ((. != __cy_interrupt_vector), No interrupt vector)
                0x00000001                ASSERT (CY_APPL_ORIGIN?(SIZEOF (.cybootloader) <= CY_APPL_ORIGIN):0x1, Wrong image location)
                0x00001d10                PROVIDE (__cy_reset, Reset)
 *(.text.Reset)
 .text.Reset    0x00001d10        0x8 .\CortexM3\ARM_GCC_541\Release\Cm3Start.o
                0x00001d10                Reset
                0x00000001                ASSERT ((. != __cy_reset), No reset code)
 *(.dma_init)
                0x00000001                ASSERT ((((appl_start + .) <= 0x10000) || 0x1), DMA Init must be within the first 64k of flash)
 *(.text .text.* .gnu.linkonce.t.*)
 .text          0x00001d18       0x5c c:/program files (x86)/cypress/psoc creator/4.2/psoc creator/import/gnu/arm/5.4.1/bin/../lib/gcc/arm-none-eabi/5.4.1/armv7-m/crtbegin.o
 .text.commProcess
                0x00001d74      0x4dc .\CortexM3\ARM_GCC_541\Release\command_processing.o
                0x00001d74                commProcess
 .text.infoGet  0x00002250       0x70 .\CortexM3\ARM_GCC_541\Release\command_processing.o
                0x00002250                infoGet
 .text.get_param_list
                0x000022c0     0x14d0 .\CortexM3\ARM_GCC_541\Release\command_processing.o
                0x000022c0                get_param_list
 .text.manage_param_list
                0x00003790      0xd18 .\CortexM3\ARM_GCC_541\Release\command_processing.o
                0x00003790                manage_param_list
 .text.set_custom_param
                0x000044a8      0x848 .\CortexM3\ARM_GCC_541\Release\command_processing.o
                0x000044a8                set_custom_param
 .text.get_IMU_param_list
                0x00004cf0      0xdf4 .\CortexM3\ARM_GCC_541\Release\command_processing.o
                0x00004cf0                get_IMU_param_list
 .text.setZeros
                0x00005ae4       0x88 .\CortexM3\ARM_GCC_541\Release\command_processing.o
                0x00005ae4                setZeros
 .text.prepare_generic_info
                0x00005b6c     0x1914 .\CortexM3\ARM_GCC_541\Release\command_processing.o
                0x00005b6c                prepare_generic_info
 .text.prepare_counter_info
                0x00007480      0x3b4 .\CortexM3\ARM_GCC_541\Release\command_processing.o
                0x00007480                prepare_counter_info
 .text.prepare_SD_param_info
                0x00007834     0x1158 .\CortexM3\ARM_GCC_541\Release\command_processing.o
                0x00007834                prepare_SD_param_info
 .text.prepare_SD_legend
                0x0000898c       0xc8 .\CortexM3\ARM_GCC_541\Release\command_processing.o
                0x0000898c                prepare_SD_legend
 .text.prepare_SD_info
                0x00008a54      0x130 .\CortexM3\ARM_GCC_541\Release\command_processing.o
                0x00008a54                prepare_SD_info
 .text.IMU_reading_info
                0x00008b84      0x374 .\CortexM3\ARM_GCC_541\Release\command_processing.o
                0x00008b84                IMU_reading_info
 .text.commWrite_old_id
                0x00008ef8       0x84 .\CortexM3\ARM_GCC_541\Release\command_processing.o
                0x00008ef8                commWrite_old_id
 .text.commWrite
                0x00008f7c       0x88 .\CortexM3\ARM_GCC_541\Release\command_processing.o
                0x00008f7c                commWrite
 .text.commWrite_to_cuff
                0x00009004       0x80 .\CortexM3\ARM_GCC_541\Release\command_processing.o
                0x00009004                commWrite_to_cuff
 .text.LCRChecksum
                0x00009084       0x40 .\CortexM3\ARM_GCC_541\Release\command_processing.o
                0x00009084                LCRChecksum
 .text.sendAcknowledgment
                0x000090c4       0x30 .\CortexM3\ARM_GCC_541\Release\command_processing.o
                0x000090c4                sendAcknowledgment
 .text.memStore
                0x000090f4       0x98 .\CortexM3\ARM_GCC_541\Release\command_processing.o
                0x000090f4                memStore
 .text.memRecall
                0x0000918c       0x80 .\CortexM3\ARM_GCC_541\Release\command_processing.o
                0x0000918c                memRecall
 .text.memRestore
                0x0000920c       0x5c .\CortexM3\ARM_GCC_541\Release\command_processing.o
                0x0000920c                memRestore
 .text.memInit  0x00009268      0x550 .\CortexM3\ARM_GCC_541\Release\command_processing.o
                0x00009268                memInit
 .text.memInit_SoftHand
                0x000097b8      0x140 .\CortexM3\ARM_GCC_541\Release\command_processing.o
                0x000097b8                memInit_SoftHand
 .text.cmd_get_measurements
                0x000098f8       0xb4 .\CortexM3\ARM_GCC_541\Release\command_processing.o
                0x000098f8                cmd_get_measurements
 .text.cmd_get_velocities
                0x000099ac       0xb4 .\CortexM3\ARM_GCC_541\Release\command_processing.o
                0x000099ac                cmd_get_velocities
 .text.cmd_get_accelerations
                0x00009a60       0xb8 .\CortexM3\ARM_GCC_541\Release\command_processing.o
                0x00009a60                cmd_get_accelerations
 .text.cmd_set_inputs
                0x00009b18      0x1ec .\CortexM3\ARM_GCC_541\Release\command_processing.o
                0x00009b18                cmd_set_inputs
 .text.cmd_activate
                0x00009d04       0xc0 .\CortexM3\ARM_GCC_541\Release\command_processing.o
                0x00009d04                cmd_activate
 .text.cmd_get_activate
                0x00009dc4       0x5c .\CortexM3\ARM_GCC_541\Release\command_processing.o
                0x00009dc4                cmd_get_activate
 .text.cmd_get_curr_and_meas
                0x00009e20      0x13c .\CortexM3\ARM_GCC_541\Release\command_processing.o
                0x00009e20                cmd_get_curr_and_meas
 .text.cmd_get_currents
                0x00009f5c       0xb8 .\CortexM3\ARM_GCC_541\Release\command_processing.o
                0x00009f5c                cmd_get_currents
 .text.cmd_get_currents_for_cuff
                0x0000a014       0x5c .\CortexM3\ARM_GCC_541\Release\command_processing.o
                0x0000a014                cmd_get_currents_for_cuff
 .text.cmd_set_baudrate
                0x0000a070       0x34 .\CortexM3\ARM_GCC_541\Release\command_processing.o
                0x0000a070                cmd_set_baudrate
 .text.cmd_ping
                0x0000a0a4       0x20 .\CortexM3\ARM_GCC_541\Release\command_processing.o
                0x0000a0a4                cmd_ping
 .text.cmd_get_inputs
                0x0000a0c4       0x6c .\CortexM3\ARM_GCC_541\Release\command_processing.o
                0x0000a0c4                cmd_get_inputs
 .text.cmd_store_params
                0x0000a130      0x1bc .\CortexM3\ARM_GCC_541\Release\command_processing.o
                0x0000a130                cmd_store_params
 .text.cmd_get_emg
                0x0000a2ec       0x60 .\CortexM3\ARM_GCC_541\Release\command_processing.o
                0x0000a2ec                cmd_get_emg
 .text.cmd_get_imu_readings
                0x0000a34c      0x598 .\CortexM3\ARM_GCC_541\Release\command_processing.o
                0x0000a34c                cmd_get_imu_readings
 .text.cmd_get_encoder_map
                0x0000a8e4       0x8c .\CortexM3\ARM_GCC_541\Release\command_processing.o
                0x0000a8e4                cmd_get_encoder_map
 .text.cmd_get_encoder_raw
                0x0000a970       0xec .\CortexM3\ARM_GCC_541\Release\command_processing.o
                0x0000a970                cmd_get_encoder_raw
 .text.cmd_get_ADC_map
                0x0000aa5c       0x5c .\CortexM3\ARM_GCC_541\Release\command_processing.o
                0x0000aa5c                cmd_get_ADC_map
 .text.cmd_get_ADC_raw
                0x0000aab8       0xc0 .\CortexM3\ARM_GCC_541\Release\command_processing.o
                0x0000aab8                cmd_get_ADC_raw
 .text.ISR_RS485_RX_ExInterrupt
                0x0000ab78       0x18 .\CortexM3\ARM_GCC_541\Release\interruptions.o
                0x0000ab78                ISR_RS485_RX_ExInterrupt
 .text.ISR_CYCLES_Handler
                0x0000ab90       0x20 .\CortexM3\ARM_GCC_541\Release\interruptions.o
                0x0000ab90                ISR_CYCLES_Handler
 .text.interrupt_manager
                0x0000abb0      0x1f4 .\CortexM3\ARM_GCC_541\Release\interruptions.o
                0x0000abb0                interrupt_manager
 .text.function_scheduler
                0x0000ada4      0x314 .\CortexM3\ARM_GCC_541\Release\interruptions.o
                0x0000ada4                function_scheduler
 .text.motor_control_SH
                0x0000b0b8      0xaac .\CortexM3\ARM_GCC_541\Release\interruptions.o
                0x0000b0b8                motor_control_SH
 .text.encoder_reading_SPI
                0x0000bb64      0x7bc .\CortexM3\ARM_GCC_541\Release\interruptions.o
                0x0000bb64                encoder_reading_SPI
 .text.analog_read_end
                0x0000c320      0xd3c .\CortexM3\ARM_GCC_541\Release\interruptions.o
                0x0000c320                analog_read_end
 .text.overcurrent_control
                0x0000d05c       0xe0 .\CortexM3\ARM_GCC_541\Release\interruptions.o
                0x0000d05c                overcurrent_control
 .text.pwm_limit_search
                0x0000d13c       0x78 .\CortexM3\ARM_GCC_541\Release\interruptions.o
                0x0000d13c                pwm_limit_search
 .text.cycles_counter_update
                0x0000d1b4      0x378 .\CortexM3\ARM_GCC_541\Release\interruptions.o
                0x0000d1b4                cycles_counter_update
 .text.save_cycles_eeprom
                0x0000d52c      0x108 .\CortexM3\ARM_GCC_541\Release\interruptions.o
                0x0000d52c                save_cycles_eeprom
 .text.curr_estim
                0x0000d634      0x270 .\CortexM3\ARM_GCC_541\Release\utils.o
                0x0000d634                curr_estim
 .text.filter   0x0000d8a4       0x50 .\CortexM3\ARM_GCC_541\Release\utils.o
                0x0000d8a4                filter
 .text.my_mod   0x0000d8f4       0x50 .\CortexM3\ARM_GCC_541\Release\utils.o
                0x0000d8f4                my_mod
 .text.calibration
                0x0000d944       0xd4 .\CortexM3\ARM_GCC_541\Release\utils.o
                0x0000d944                calibration
 .text.calc_turns_fcn
                0x0000da18       0xb0 .\CortexM3\ARM_GCC_541\Release\utils.o
                0x0000da18                calc_turns_fcn
 .text.check_rest_position
                0x0000dac8      0x334 .\CortexM3\ARM_GCC_541\Release\utils.o
                0x0000dac8                check_rest_position
 .text.LED_control
                0x0000ddfc       0x90 .\CortexM3\ARM_GCC_541\Release\utils.o
                0x0000ddfc                LED_control
 *fill*         0x0000de8c        0x4 
 .text.battery_management
                0x0000de90      0x278 .\CortexM3\ARM_GCC_541\Release\utils.o
                0x0000de90                battery_management
 .text.ADC_Set_N_Channels
                0x0000e108       0x20 .\CortexM3\ARM_GCC_541\Release\utils.o
                0x0000e108                ADC_Set_N_Channels
 .text.enable_motor
                0x0000e128       0x34 .\CortexM3\ARM_GCC_541\Release\utils.o
                0x0000e128                enable_motor
 .text.reset_counters
                0x0000e15c       0x78 .\CortexM3\ARM_GCC_541\Release\utils.o
                0x0000e15c                reset_counters
 .text.invSqrt  0x0000e1d4       0x78 .\CortexM3\ARM_GCC_541\Release\utils.o
                0x0000e1d4                invSqrt
 .text.v3_normalize
                0x0000e24c       0xb0 .\CortexM3\ARM_GCC_541\Release\utils.o
                0x0000e24c                v3_normalize
 .text.v4_normalize
                0x0000e2fc       0xec .\CortexM3\ARM_GCC_541\Release\utils.o
                0x0000e2fc                v4_normalize
 .text.main     0x0000e3e8      0x55c .\CortexM3\ARM_GCC_541\Release\main.o
                0x0000e3e8                main
 .text.Change_CS_EncoderLine
                0x0000e944       0x40 .\CortexM3\ARM_GCC_541\Release\Encoder_functions.o
                0x0000e944                Change_CS_EncoderLine
 .text.InitEncoderGeneral
                0x0000e984       0x54 .\CortexM3\ARM_GCC_541\Release\Encoder_functions.o
                0x0000e984                InitEncoderGeneral
 .text.InitEncoderLine
                0x0000e9d8       0x7c .\CortexM3\ARM_GCC_541\Release\Encoder_functions.o
                0x0000e9d8                InitEncoderLine
 .text.ReadEncoderLine
                0x0000ea54      0x1e8 .\CortexM3\ARM_GCC_541\Release\Encoder_functions.o
                0x0000ea54                ReadEncoderLine
 .text.DS1302_write
                0x0000ec3c       0x48 .\CortexM3\ARM_GCC_541\Release\SD_RTC_functions.o
                0x0000ec3c                DS1302_write
 .text.DS1302_writeByte
                0x0000ec84       0x1c .\CortexM3\ARM_GCC_541\Release\SD_RTC_functions.o
                0x0000ec84                DS1302_writeByte
 .text.DS1302_read
                0x0000eca0       0x44 .\CortexM3\ARM_GCC_541\Release\SD_RTC_functions.o
                0x0000eca0                DS1302_read
 .text.DS1302_readByte
                0x0000ece4       0x5c .\CortexM3\ARM_GCC_541\Release\SD_RTC_functions.o
                0x0000ece4                DS1302_readByte
 .text.shiftOut_RTC
                0x0000ed40       0x4c .\CortexM3\ARM_GCC_541\Release\SD_RTC_functions.o
                0x0000ed40                shiftOut_RTC
 .text.store_RTC_current_time
                0x0000ed8c      0x11c .\CortexM3\ARM_GCC_541\Release\SD_RTC_functions.o
                0x0000ed8c                store_RTC_current_time
 .text.set_RTC_time
                0x0000eea8      0x16c .\CortexM3\ARM_GCC_541\Release\SD_RTC_functions.o
                0x0000eea8                set_RTC_time
 .text.InitSD_FS
                0x0000f014      0x450 .\CortexM3\ARM_GCC_541\Release\SD_RTC_functions.o
                0x0000f014                InitSD_FS
 .text.InitIMU  0x0000f464       0xdc .\CortexM3\ARM_GCC_541\Release\IMU_functions.o
                0x0000f464                InitIMU
 .text.InitIMUMagCal
                0x0000f540       0xdc .\CortexM3\ARM_GCC_541\Release\IMU_functions.o
                0x0000f540                InitIMUMagCal
 .text.ChipSelectorIMU
                0x0000f61c       0x20 .\CortexM3\ARM_GCC_541\Release\IMU_functions.o
                0x0000f61c                ChipSelectorIMU
 .text.InitIMUgeneral
                0x0000f63c      0x2c0 .\CortexM3\ARM_GCC_541\Release\IMU_functions.o
                0x0000f63c                InitIMUgeneral
 .text.ReadIMU  0x0000f8fc       0xa0 .\CortexM3\ARM_GCC_541\Release\IMU_functions.o
                0x0000f8fc                ReadIMU
 .text.ReadAcc  0x0000f99c      0x104 .\CortexM3\ARM_GCC_541\Release\IMU_functions.o
                0x0000f99c                ReadAcc
 .text.ReadGyro
                0x0000faa0      0x104 .\CortexM3\ARM_GCC_541\Release\IMU_functions.o
                0x0000faa0                ReadGyro
 .text.ReadMag  0x0000fba4       0xfc .\CortexM3\ARM_GCC_541\Release\IMU_functions.o
                0x0000fba4                ReadMag
 .text.ReadMagCal
                0x0000fca0       0x7c .\CortexM3\ARM_GCC_541\Release\IMU_functions.o
                0x0000fca0                ReadMagCal
 *fill*         0x0000fd1c        0x4 
 .text.ReadQuat
                0x0000fd20      0xb10 .\CortexM3\ARM_GCC_541\Release\IMU_functions.o
                0x0000fd20                ReadQuat
 .text.ReadAllIMUs
                0x00010830      0x288 .\CortexM3\ARM_GCC_541\Release\IMU_functions.o
                0x00010830                ReadAllIMUs
 .text.ReadTemp
                0x00010ab8       0x5c .\CortexM3\ARM_GCC_541\Release\IMU_functions.o
                0x00010ab8                ReadTemp
 .text.WriteControlRegisterIMU
                0x00010b14       0x54 .\CortexM3\ARM_GCC_541\Release\IMU_functions.o
                0x00010b14                WriteControlRegisterIMU
 .text.ReadControlRegisterIMU
                0x00010b68       0x54 .\CortexM3\ARM_GCC_541\Release\IMU_functions.o
                0x00010b68                ReadControlRegisterIMU
 .text.SPI_delay
                0x00010bbc       0x2c .\CortexM3\ARM_GCC_541\Release\IMU_functions.o
                0x00010bbc                SPI_delay
 .text.CYMEMZERO
                0x00010be8       0x1c .\CortexM3\ARM_GCC_541\Release\cyfitter_cfg.o
 .text.CYCONFIGCPY
                0x00010c04       0x20 .\CortexM3\ARM_GCC_541\Release\cyfitter_cfg.o
 .text.CyClockStartupError
                0x00010c24        0xc .\CortexM3\ARM_GCC_541\Release\cyfitter_cfg.o
 .text.cfg_write_bytes32
                0x00010c30       0x74 .\CortexM3\ARM_GCC_541\Release\cyfitter_cfg.o
 .text.ClockSetup
                0x00010ca4      0x1d8 .\CortexM3\ARM_GCC_541\Release\cyfitter_cfg.o
 .text.AnalogSetDefault
                0x00010e7c       0x80 .\CortexM3\ARM_GCC_541\Release\cyfitter_cfg.o
 .text.ADC_AMux_Set
                0x00010efc       0x40 .\CortexM3\ARM_GCC_541\Release\cyfitter_cfg.o
                0x00010efc                ADC_AMux_Set
 .text.ADC_AMux_Unset
                0x00010f3c       0x44 .\CortexM3\ARM_GCC_541\Release\cyfitter_cfg.o
                0x00010f3c                ADC_AMux_Unset
 .text.cyfitter_cfg
                0x00010f80      0x1f4 .\CortexM3\ARM_GCC_541\Release\cyfitter_cfg.o
                0x00010f80                cyfitter_cfg
 .text.IntDefaultHandler
                0x00011174       0x14 .\CortexM3\ARM_GCC_541\Release\Cm3Start.o
                0x00011174                IntDefaultHandler
 .text._sbrk    0x00011188       0x54 .\CortexM3\ARM_GCC_541\Release\Cm3Start.o
                0x00011188                _sbrk
 .text.Start_c  0x000111dc       0x98 .\CortexM3\ARM_GCC_541\Release\Cm3Start.o
                0x000111dc                Start_c
 .text.initialize_psoc
                0x00011274       0x94 .\CortexM3\ARM_GCC_541\Release\Cm3Start.o
                0x00011274                initialize_psoc
 .text.ADC_Init
                0x00011308      0x11c .\CortexM3\ARM_GCC_541\Release\firmware.a(ADC.o)
                0x00011308                ADC_Init
 .text.ADC_Enable
                0x00011424      0x158 .\CortexM3\ARM_GCC_541\Release\firmware.a(ADC.o)
                0x00011424                ADC_Enable
 .text.ADC_Start
                0x0001157c       0x30 .\CortexM3\ARM_GCC_541\Release\firmware.a(ADC.o)
                0x0001157c                ADC_Start
 .text.ADC_InitConfig
                0x000115ac      0x164 .\CortexM3\ARM_GCC_541\Release\firmware.a(ADC.o)
 .text.ADC_GainCompensation
                0x00011710      0x16c .\CortexM3\ARM_GCC_541\Release\firmware.a(ADC.o)
 .text.ADC_SetDSMRef0Reg
                0x0001187c       0x7c .\CortexM3\ARM_GCC_541\Release\firmware.a(ADC.o)
 .text.ADC_ISR1
                0x000118f8        0xc .\CortexM3\ARM_GCC_541\Release\firmware.a(ADC_INT.o)
                0x000118f8                ADC_ISR1
 .text.ADC_STATUS_Read
                0x00011904       0x18 .\CortexM3\ARM_GCC_541\Release\firmware.a(ADC_STATUS.o)
                0x00011904                ADC_STATUS_Read
 .text.DMA_DmaInitialize
                0x0001191c       0x64 .\CortexM3\ARM_GCC_541\Release\firmware.a(DMA_dma.o)
                0x0001191c                DMA_DmaInitialize
 .text.ADC_SOC_Write
                0x00011980       0x20 .\CortexM3\ARM_GCC_541\Release\firmware.a(ADC_SOC.o)
                0x00011980                ADC_SOC_Write
 .text.BLINK_05HZ_Start
                0x000119a0       0x24 .\CortexM3\ARM_GCC_541\Release\firmware.a(BLINK_05HZ.o)
                0x000119a0                BLINK_05HZ_Start
 .text.BLINK_05HZ_Init
                0x000119c4       0x6c .\CortexM3\ARM_GCC_541\Release\firmware.a(BLINK_05HZ.o)
                0x000119c4                BLINK_05HZ_Init
 .text.BLINK_05HZ_Enable
                0x00011a30       0x20 .\CortexM3\ARM_GCC_541\Release\firmware.a(BLINK_05HZ.o)
                0x00011a30                BLINK_05HZ_Enable
 .text.BLINK_05HZ_WriteCounter
                0x00011a50       0x20 .\CortexM3\ARM_GCC_541\Release\firmware.a(BLINK_05HZ.o)
                0x00011a50                BLINK_05HZ_WriteCounter
 .text.BLINK_05HZ_WritePeriod
                0x00011a70       0x20 .\CortexM3\ARM_GCC_541\Release\firmware.a(BLINK_05HZ.o)
                0x00011a70                BLINK_05HZ_WritePeriod
 .text.BLINK_05HZ_WriteCompare
                0x00011a90       0x20 .\CortexM3\ARM_GCC_541\Release\firmware.a(BLINK_05HZ.o)
                0x00011a90                BLINK_05HZ_WriteCompare
 .text.LED_CTRL_Write
                0x00011ab0       0x20 .\CortexM3\ARM_GCC_541\Release\firmware.a(LED_CTRL.o)
                0x00011ab0                LED_CTRL_Write
 .text.BLINK_CTRL_EN_Write
                0x00011ad0       0x20 .\CortexM3\ARM_GCC_541\Release\firmware.a(BLINK_CTRL_EN.o)
                0x00011ad0                BLINK_CTRL_EN_Write
 .text.BLINK_25HZ_Start
                0x00011af0       0x24 .\CortexM3\ARM_GCC_541\Release\firmware.a(BLINK_25HZ.o)
                0x00011af0                BLINK_25HZ_Start
 .text.BLINK_25HZ_Init
                0x00011b14       0x50 .\CortexM3\ARM_GCC_541\Release\firmware.a(BLINK_25HZ.o)
                0x00011b14                BLINK_25HZ_Init
 .text.BLINK_25HZ_Enable
                0x00011b64       0x20 .\CortexM3\ARM_GCC_541\Release\firmware.a(BLINK_25HZ.o)
                0x00011b64                BLINK_25HZ_Enable
 .text.BLINK_25HZ_WriteCounter
                0x00011b84       0x20 .\CortexM3\ARM_GCC_541\Release\firmware.a(BLINK_25HZ.o)
                0x00011b84                BLINK_25HZ_WriteCounter
 .text.BLINK_25HZ_WritePeriod
                0x00011ba4       0x20 .\CortexM3\ARM_GCC_541\Release\firmware.a(BLINK_25HZ.o)
                0x00011ba4                BLINK_25HZ_WritePeriod
 .text.BLINK_25HZ_WriteCompare
                0x00011bc4       0x20 .\CortexM3\ARM_GCC_541\Release\firmware.a(BLINK_25HZ.o)
                0x00011bc4                BLINK_25HZ_WriteCompare
 .text.PWM_MOTORS_Start
                0x00011be4       0x24 .\CortexM3\ARM_GCC_541\Release\firmware.a(PWM_MOTORS.o)
                0x00011be4                PWM_MOTORS_Start
 .text.PWM_MOTORS_Init
                0x00011c08       0x58 .\CortexM3\ARM_GCC_541\Release\firmware.a(PWM_MOTORS.o)
                0x00011c08                PWM_MOTORS_Init
 .text.PWM_MOTORS_Enable
                0x00011c60       0x20 .\CortexM3\ARM_GCC_541\Release\firmware.a(PWM_MOTORS.o)
                0x00011c60                PWM_MOTORS_Enable
 .text.PWM_MOTORS_WriteCounter
                0x00011c80       0x20 .\CortexM3\ARM_GCC_541\Release\firmware.a(PWM_MOTORS.o)
                0x00011c80                PWM_MOTORS_WriteCounter
 .text.PWM_MOTORS_WritePeriod
                0x00011ca0       0x20 .\CortexM3\ARM_GCC_541\Release\firmware.a(PWM_MOTORS.o)
                0x00011ca0                PWM_MOTORS_WritePeriod
 .text.PWM_MOTORS_WriteCompare1
                0x00011cc0       0x20 .\CortexM3\ARM_GCC_541\Release\firmware.a(PWM_MOTORS.o)
                0x00011cc0                PWM_MOTORS_WriteCompare1
 .text.PWM_MOTORS_WriteCompare2
                0x00011ce0       0x20 .\CortexM3\ARM_GCC_541\Release\firmware.a(PWM_MOTORS.o)
                0x00011ce0                PWM_MOTORS_WriteCompare2
 .text.EEPROM_Enable
                0x00011d00       0x10 .\CortexM3\ARM_GCC_541\Release\firmware.a(EEPROM.o)
                0x00011d00                EEPROM_Enable
 .text.EEPROM_Start
                0x00011d10        0xc .\CortexM3\ARM_GCC_541\Release\firmware.a(EEPROM.o)
                0x00011d10                EEPROM_Start
 .text.EEPROM_UpdateTemperature
                0x00011d1c       0x10 .\CortexM3\ARM_GCC_541\Release\firmware.a(EEPROM.o)
                0x00011d1c                EEPROM_UpdateTemperature
 .text.EEPROM_Write
                0x00011d2c       0xf0 .\CortexM3\ARM_GCC_541\Release\firmware.a(EEPROM.o)
                0x00011d2c                EEPROM_Write
 .text.EEPROM_StartWrite
                0x00011e1c       0xb8 .\CortexM3\ARM_GCC_541\Release\firmware.a(EEPROM.o)
                0x00011e1c                EEPROM_StartWrite
 .text.EEPROM_Query
                0x00011ed4       0x58 .\CortexM3\ARM_GCC_541\Release\firmware.a(EEPROM.o)
                0x00011ed4                EEPROM_Query
 .text.FTDI_ENABLE_Write
                0x00011f2c       0x3c .\CortexM3\ARM_GCC_541\Release\firmware.a(FTDI_ENABLE.o)
                0x00011f2c                FTDI_ENABLE_Write
 .text.RS485_CTS_Write
                0x00011f68       0x3c .\CortexM3\ARM_GCC_541\Release\firmware.a(RS485_CTS.o)
                0x00011f68                RS485_CTS_Write
 .text.PACER_TIMER_Init
                0x00011fa4       0xa0 .\CortexM3\ARM_GCC_541\Release\firmware.a(PACER_TIMER.o)
                0x00011fa4                PACER_TIMER_Init
 .text.PACER_TIMER_Enable
                0x00012044       0x48 .\CortexM3\ARM_GCC_541\Release\firmware.a(PACER_TIMER.o)
                0x00012044                PACER_TIMER_Enable
 .text.PACER_TIMER_Start
                0x0001208c       0x24 .\CortexM3\ARM_GCC_541\Release\firmware.a(PACER_TIMER.o)
                0x0001208c                PACER_TIMER_Start
 .text.PACER_TIMER_SetInterruptMode
                0x000120b0       0x20 .\CortexM3\ARM_GCC_541\Release\firmware.a(PACER_TIMER.o)
                0x000120b0                PACER_TIMER_SetInterruptMode
 .text.PACER_TIMER_WritePeriod
                0x000120d0       0x24 .\CortexM3\ARM_GCC_541\Release\firmware.a(PACER_TIMER.o)
                0x000120d0                PACER_TIMER_WritePeriod
 .text.PACER_TIMER_WriteCounter
                0x000120f4       0x20 .\CortexM3\ARM_GCC_541\Release\firmware.a(PACER_TIMER.o)
                0x000120f4                PACER_TIMER_WriteCounter
 .text.RESET_FF_Write
                0x00012114       0x20 .\CortexM3\ARM_GCC_541\Release\firmware.a(RESET_FF.o)
                0x00012114                RESET_FF_Write
 .text.FF_STATUS_Read
                0x00012134       0x18 .\CortexM3\ARM_GCC_541\Release\firmware.a(FF_STATUS.o)
                0x00012134                FF_STATUS_Read
 .text.MY_TIMER_Init
                0x0001214c       0xa0 .\CortexM3\ARM_GCC_541\Release\firmware.a(MY_TIMER.o)
                0x0001214c                MY_TIMER_Init
 .text.MY_TIMER_Enable
                0x000121ec       0x48 .\CortexM3\ARM_GCC_541\Release\firmware.a(MY_TIMER.o)
                0x000121ec                MY_TIMER_Enable
 .text.MY_TIMER_Start
                0x00012234       0x24 .\CortexM3\ARM_GCC_541\Release\firmware.a(MY_TIMER.o)
                0x00012234                MY_TIMER_Start
 .text.MY_TIMER_SetInterruptMode
                0x00012258       0x20 .\CortexM3\ARM_GCC_541\Release\firmware.a(MY_TIMER.o)
                0x00012258                MY_TIMER_SetInterruptMode
 .text.MY_TIMER_WritePeriod
                0x00012278       0x24 .\CortexM3\ARM_GCC_541\Release\firmware.a(MY_TIMER.o)
                0x00012278                MY_TIMER_WritePeriod
 .text.MY_TIMER_WriteCounter
                0x0001229c       0x20 .\CortexM3\ARM_GCC_541\Release\firmware.a(MY_TIMER.o)
                0x0001229c                MY_TIMER_WriteCounter
 .text.MY_TIMER_ReadCounter
                0x000122bc       0x20 .\CortexM3\ARM_GCC_541\Release\firmware.a(MY_TIMER.o)
                0x000122bc                MY_TIMER_ReadCounter
 .text.UART_RS485_Start
                0x000122dc       0x24 .\CortexM3\ARM_GCC_541\Release\firmware.a(UART_RS485.o)
                0x000122dc                UART_RS485_Start
 .text.UART_RS485_Init
                0x00012300       0x58 .\CortexM3\ARM_GCC_541\Release\firmware.a(UART_RS485.o)
                0x00012300                UART_RS485_Init
 .text.UART_RS485_Enable
                0x00012358       0x64 .\CortexM3\ARM_GCC_541\Release\firmware.a(UART_RS485.o)
                0x00012358                UART_RS485_Enable
 .text.UART_RS485_Stop
                0x000123bc       0x64 .\CortexM3\ARM_GCC_541\Release\firmware.a(UART_RS485.o)
                0x000123bc                UART_RS485_Stop
 .text.UART_RS485_ReadRxStatus
                0x00012420       0x40 .\CortexM3\ARM_GCC_541\Release\firmware.a(UART_RS485.o)
                0x00012420                UART_RS485_ReadRxStatus
 .text.UART_RS485_GetChar
                0x00012460       0xb4 .\CortexM3\ARM_GCC_541\Release\firmware.a(UART_RS485.o)
                0x00012460                UART_RS485_GetChar
 .text.UART_RS485_GetRxBufferSize
                0x00012514       0x90 .\CortexM3\ARM_GCC_541\Release\firmware.a(UART_RS485.o)
                0x00012514                UART_RS485_GetRxBufferSize
 .text.UART_RS485_ClearRxBuffer
                0x000125a4       0x80 .\CortexM3\ARM_GCC_541\Release\firmware.a(UART_RS485.o)
                0x000125a4                UART_RS485_ClearRxBuffer
 .text.UART_RS485_ReadTxStatus
                0x00012624       0x18 .\CortexM3\ARM_GCC_541\Release\firmware.a(UART_RS485.o)
                0x00012624                UART_RS485_ReadTxStatus
 .text.UART_RS485_PutChar
                0x0001263c       0x34 .\CortexM3\ARM_GCC_541\Release\firmware.a(UART_RS485.o)
                0x0001263c                UART_RS485_PutChar
 .text.UART_RS485_PutString
                0x00012670       0x44 .\CortexM3\ARM_GCC_541\Release\firmware.a(UART_RS485.o)
                0x00012670                UART_RS485_PutString
 .text.UART_RS485_ClearTxBuffer
                0x000126b4       0x44 .\CortexM3\ARM_GCC_541\Release\firmware.a(UART_RS485.o)
                0x000126b4                UART_RS485_ClearTxBuffer
 .text.UART_RS485_RXISR
                0x000126f8       0xd8 .\CortexM3\ARM_GCC_541\Release\firmware.a(UART_RS485_INT.o)
                0x000126f8                UART_RS485_RXISR
 .text.ISR_RS485_RX_StartEx
                0x000127d0       0x24 .\CortexM3\ARM_GCC_541\Release\firmware.a(ISR_RS485_RX.o)
                0x000127d0                ISR_RS485_RX_StartEx
 .text.ISR_RS485_RX_SetVector
                0x000127f4       0x24 .\CortexM3\ARM_GCC_541\Release\firmware.a(ISR_RS485_RX.o)
                0x000127f4                ISR_RS485_RX_SetVector
 .text.ISR_RS485_RX_SetPriority
                0x00012818       0x24 .\CortexM3\ARM_GCC_541\Release\firmware.a(ISR_RS485_RX.o)
                0x00012818                ISR_RS485_RX_SetPriority
 .text.ISR_RS485_RX_Enable
                0x0001283c       0x18 .\CortexM3\ARM_GCC_541\Release\firmware.a(ISR_RS485_RX.o)
                0x0001283c                ISR_RS485_RX_Enable
 .text.ISR_RS485_RX_Disable
                0x00012854       0x18 .\CortexM3\ARM_GCC_541\Release\firmware.a(ISR_RS485_RX.o)
                0x00012854                ISR_RS485_RX_Disable
 .text.CLOCK_UART_SetDividerRegister
                0x0001286c      0x164 .\CortexM3\ARM_GCC_541\Release\firmware.a(CLOCK_UART.o)
                0x0001286c                CLOCK_UART_SetDividerRegister
 .text.CLOCK_UART_GetDividerRegister
                0x000129d0       0x18 .\CortexM3\ARM_GCC_541\Release\firmware.a(CLOCK_UART.o)
                0x000129d0                CLOCK_UART_GetDividerRegister
 .text.CLOCK_UART_GetSourceRegister
                0x000129e8       0x1c .\CortexM3\ARM_GCC_541\Release\firmware.a(CLOCK_UART.o)
                0x000129e8                CLOCK_UART_GetSourceRegister
 .text.CYCLES_TIMER_Init
                0x00012a04       0xa0 .\CortexM3\ARM_GCC_541\Release\firmware.a(CYCLES_TIMER.o)
                0x00012a04                CYCLES_TIMER_Init
 .text.CYCLES_TIMER_Enable
                0x00012aa4       0x48 .\CortexM3\ARM_GCC_541\Release\firmware.a(CYCLES_TIMER.o)
                0x00012aa4                CYCLES_TIMER_Enable
 .text.CYCLES_TIMER_Start
                0x00012aec       0x24 .\CortexM3\ARM_GCC_541\Release\firmware.a(CYCLES_TIMER.o)
                0x00012aec                CYCLES_TIMER_Start
 .text.CYCLES_TIMER_SetInterruptMode
                0x00012b10       0x20 .\CortexM3\ARM_GCC_541\Release\firmware.a(CYCLES_TIMER.o)
                0x00012b10                CYCLES_TIMER_SetInterruptMode
 .text.CYCLES_TIMER_WritePeriod
                0x00012b30       0x24 .\CortexM3\ARM_GCC_541\Release\firmware.a(CYCLES_TIMER.o)
                0x00012b30                CYCLES_TIMER_WritePeriod
 .text.CYCLES_TIMER_WriteCounter
                0x00012b54       0x20 .\CortexM3\ARM_GCC_541\Release\firmware.a(CYCLES_TIMER.o)
                0x00012b54                CYCLES_TIMER_WriteCounter
 .text.CYCLES_TIMER_ReadCounter
                0x00012b74       0x20 .\CortexM3\ARM_GCC_541\Release\firmware.a(CYCLES_TIMER.o)
                0x00012b74                CYCLES_TIMER_ReadCounter
 .text.ISR_CYCLES_StartEx
                0x00012b94       0x24 .\CortexM3\ARM_GCC_541\Release\firmware.a(ISR_CYCLES.o)
                0x00012b94                ISR_CYCLES_StartEx
 .text.ISR_CYCLES_SetVector
                0x00012bb8       0x24 .\CortexM3\ARM_GCC_541\Release\firmware.a(ISR_CYCLES.o)
                0x00012bb8                ISR_CYCLES_SetVector
 .text.ISR_CYCLES_SetPriority
                0x00012bdc       0x24 .\CortexM3\ARM_GCC_541\Release\firmware.a(ISR_CYCLES.o)
                0x00012bdc                ISR_CYCLES_SetPriority
 .text.ISR_CYCLES_Enable
                0x00012c00       0x18 .\CortexM3\ARM_GCC_541\Release\firmware.a(ISR_CYCLES.o)
                0x00012c00                ISR_CYCLES_Enable
 .text.ISR_CYCLES_Disable
                0x00012c18       0x18 .\CortexM3\ARM_GCC_541\Release\firmware.a(ISR_CYCLES.o)
                0x00012c18                ISR_CYCLES_Disable
 .text.COUNTER_ENC_Init
                0x00012c30       0x7c .\CortexM3\ARM_GCC_541\Release\firmware.a(COUNTER_ENC.o)
                0x00012c30                COUNTER_ENC_Init
 .text.COUNTER_ENC_Enable
                0x00012cac       0x20 .\CortexM3\ARM_GCC_541\Release\firmware.a(COUNTER_ENC.o)
                0x00012cac                COUNTER_ENC_Enable
 .text.COUNTER_ENC_Start
                0x00012ccc       0x24 .\CortexM3\ARM_GCC_541\Release\firmware.a(COUNTER_ENC.o)
                0x00012ccc                COUNTER_ENC_Start
 .text.COUNTER_ENC_SetInterruptMode
                0x00012cf0       0x20 .\CortexM3\ARM_GCC_541\Release\firmware.a(COUNTER_ENC.o)
                0x00012cf0                COUNTER_ENC_SetInterruptMode
 .text.COUNTER_ENC_ReadStatusRegister
                0x00012d10       0x18 .\CortexM3\ARM_GCC_541\Release\firmware.a(COUNTER_ENC.o)
                0x00012d10                COUNTER_ENC_ReadStatusRegister
 .text.COUNTER_ENC_WriteCounter
                0x00012d28       0x20 .\CortexM3\ARM_GCC_541\Release\firmware.a(COUNTER_ENC.o)
                0x00012d28                COUNTER_ENC_WriteCounter
 .text.COUNTER_ENC_ReadCapture
                0x00012d48       0x18 .\CortexM3\ARM_GCC_541\Release\firmware.a(COUNTER_ENC.o)
                0x00012d48                COUNTER_ENC_ReadCapture
 .text.COUNTER_ENC_WritePeriod
                0x00012d60       0x20 .\CortexM3\ARM_GCC_541\Release\firmware.a(COUNTER_ENC.o)
                0x00012d60                COUNTER_ENC_WritePeriod
 .text.COUNTER_ENC_WriteCompare
                0x00012d80       0x20 .\CortexM3\ARM_GCC_541\Release\firmware.a(COUNTER_ENC.o)
                0x00012d80                COUNTER_ENC_WriteCompare
 .text.COUNTER_ENC_ClearFIFO
                0x00012da0       0x1c .\CortexM3\ARM_GCC_541\Release\firmware.a(COUNTER_ENC.o)
                0x00012da0                COUNTER_ENC_ClearFIFO
 .text.SHIFTREG_ENC_3_Start
                0x00012dbc       0x24 .\CortexM3\ARM_GCC_541\Release\firmware.a(SHIFTREG_ENC_3.o)
                0x00012dbc                SHIFTREG_ENC_3_Start
 .text.SHIFTREG_ENC_3_Enable
                0x00012de0       0x20 .\CortexM3\ARM_GCC_541\Release\firmware.a(SHIFTREG_ENC_3.o)
                0x00012de0                SHIFTREG_ENC_3_Enable
 .text.SHIFTREG_ENC_3_Init
                0x00012e00       0x10 .\CortexM3\ARM_GCC_541\Release\firmware.a(SHIFTREG_ENC_3.o)
                0x00012e00                SHIFTREG_ENC_3_Init
 .text.SHIFTREG_ENC_3_EnableInt
                0x00012e10       0x34 .\CortexM3\ARM_GCC_541\Release\firmware.a(SHIFTREG_ENC_3.o)
                0x00012e10                SHIFTREG_ENC_3_EnableInt
 .text.SHIFTREG_ENC_3_SetIntMode
                0x00012e44       0x40 .\CortexM3\ARM_GCC_541\Release\firmware.a(SHIFTREG_ENC_3.o)
                0x00012e44                SHIFTREG_ENC_3_SetIntMode
 .text.SHIFTREG_ENC_3_ReadData
                0x00012e84       0x14 .\CortexM3\ARM_GCC_541\Release\firmware.a(SHIFTREG_ENC_3.o)
                0x00012e84                SHIFTREG_ENC_3_ReadData
 .text.SHIFTREG_ENC_2_Start
                0x00012e98       0x24 .\CortexM3\ARM_GCC_541\Release\firmware.a(SHIFTREG_ENC_2.o)
                0x00012e98                SHIFTREG_ENC_2_Start
 .text.SHIFTREG_ENC_2_Enable
                0x00012ebc       0x20 .\CortexM3\ARM_GCC_541\Release\firmware.a(SHIFTREG_ENC_2.o)
                0x00012ebc                SHIFTREG_ENC_2_Enable
 .text.SHIFTREG_ENC_2_Init
                0x00012edc       0x10 .\CortexM3\ARM_GCC_541\Release\firmware.a(SHIFTREG_ENC_2.o)
                0x00012edc                SHIFTREG_ENC_2_Init
 .text.SHIFTREG_ENC_2_EnableInt
                0x00012eec       0x34 .\CortexM3\ARM_GCC_541\Release\firmware.a(SHIFTREG_ENC_2.o)
                0x00012eec                SHIFTREG_ENC_2_EnableInt
 .text.SHIFTREG_ENC_2_SetIntMode
                0x00012f20       0x40 .\CortexM3\ARM_GCC_541\Release\firmware.a(SHIFTREG_ENC_2.o)
                0x00012f20                SHIFTREG_ENC_2_SetIntMode
 .text.SHIFTREG_ENC_2_ReadData
                0x00012f60       0x14 .\CortexM3\ARM_GCC_541\Release\firmware.a(SHIFTREG_ENC_2.o)
                0x00012f60                SHIFTREG_ENC_2_ReadData
 .text.SHIFTREG_ENC_1_Start
                0x00012f74       0x24 .\CortexM3\ARM_GCC_541\Release\firmware.a(SHIFTREG_ENC_1.o)
                0x00012f74                SHIFTREG_ENC_1_Start
 .text.SHIFTREG_ENC_1_Enable
                0x00012f98       0x20 .\CortexM3\ARM_GCC_541\Release\firmware.a(SHIFTREG_ENC_1.o)
                0x00012f98                SHIFTREG_ENC_1_Enable
 .text.SHIFTREG_ENC_1_Init
                0x00012fb8       0x10 .\CortexM3\ARM_GCC_541\Release\firmware.a(SHIFTREG_ENC_1.o)
                0x00012fb8                SHIFTREG_ENC_1_Init
 .text.SHIFTREG_ENC_1_EnableInt
                0x00012fc8       0x34 .\CortexM3\ARM_GCC_541\Release\firmware.a(SHIFTREG_ENC_1.o)
                0x00012fc8                SHIFTREG_ENC_1_EnableInt
 .text.SHIFTREG_ENC_1_SetIntMode
                0x00012ffc       0x40 .\CortexM3\ARM_GCC_541\Release\firmware.a(SHIFTREG_ENC_1.o)
                0x00012ffc                SHIFTREG_ENC_1_SetIntMode
 .text.SHIFTREG_ENC_1_ReadData
                0x0001303c       0x14 .\CortexM3\ARM_GCC_541\Release\firmware.a(SHIFTREG_ENC_1.o)
                0x0001303c                SHIFTREG_ENC_1_ReadData
 .text.RESET_COUNTERS_Write
                0x00013050       0x20 .\CortexM3\ARM_GCC_541\Release\firmware.a(RESET_COUNTERS.o)
                0x00013050                RESET_COUNTERS_Write
 .text.ADC_AMux_Start
                0x00013070       0x34 .\CortexM3\ARM_GCC_541\Release\firmware.a(ADC_AMux.o)
                0x00013070                ADC_AMux_Start
 .text.ADC_AMux_Select
                0x000130a4       0x28 .\CortexM3\ARM_GCC_541\Release\firmware.a(ADC_AMux.o)
                0x000130a4                ADC_AMux_Select
 .text.ADC_Ext_CP_Clk_SetDividerRegister
                0x000130cc      0x164 .\CortexM3\ARM_GCC_541\Release\firmware.a(ADC_Ext_CP_Clk.o)
                0x000130cc                ADC_Ext_CP_Clk_SetDividerRegister
 .text.ADC_Ext_CP_Clk_GetDividerRegister
                0x00013230       0x18 .\CortexM3\ARM_GCC_541\Release\firmware.a(ADC_Ext_CP_Clk.o)
                0x00013230                ADC_Ext_CP_Clk_GetDividerRegister
 .text.ADC_Ext_CP_Clk_SetModeRegister
                0x00013248       0x34 .\CortexM3\ARM_GCC_541\Release\firmware.a(ADC_Ext_CP_Clk.o)
                0x00013248                ADC_Ext_CP_Clk_SetModeRegister
 .text.ADC_Ext_CP_Clk_GetSourceRegister
                0x0001327c       0x1c .\CortexM3\ARM_GCC_541\Release\firmware.a(ADC_Ext_CP_Clk.o)
                0x0001327c                ADC_Ext_CP_Clk_GetSourceRegister
 .text.ADC_theACLK_SetDividerRegister
                0x00013298      0x164 .\CortexM3\ARM_GCC_541\Release\firmware.a(ADC_theACLK.o)
                0x00013298                ADC_theACLK_SetDividerRegister
 .text.ADC_theACLK_GetDividerRegister
                0x000133fc       0x18 .\CortexM3\ARM_GCC_541\Release\firmware.a(ADC_theACLK.o)
                0x000133fc                ADC_theACLK_GetDividerRegister
 .text.ADC_theACLK_SetModeRegister
                0x00013414       0x34 .\CortexM3\ARM_GCC_541\Release\firmware.a(ADC_theACLK.o)
                0x00013414                ADC_theACLK_SetModeRegister
 .text.ADC_theACLK_GetSourceRegister
                0x00013448       0x1c .\CortexM3\ARM_GCC_541\Release\firmware.a(ADC_theACLK.o)
                0x00013448                ADC_theACLK_GetSourceRegister
 .text.CyDmacConfigure
                0x00013464       0x5c .\CortexM3\ARM_GCC_541\Release\firmware.a(CyDmac.o)
                0x00013464                CyDmacConfigure
 .text.CyDmaChEnable
                0x000134c0       0x8c .\CortexM3\ARM_GCC_541\Release\firmware.a(CyDmac.o)
                0x000134c0                CyDmaChEnable
 .text.CyDmaChPriority
                0x0001354c       0x64 .\CortexM3\ARM_GCC_541\Release\firmware.a(CyDmac.o)
                0x0001354c                CyDmaChPriority
 .text.CyDmaChSetExtendedAddress
                0x000135b0       0x78 .\CortexM3\ARM_GCC_541\Release\firmware.a(CyDmac.o)
                0x000135b0                CyDmaChSetExtendedAddress
 .text.CyDmaChSetInitialTd
                0x00013628       0x3c .\CortexM3\ARM_GCC_541\Release\firmware.a(CyDmac.o)
                0x00013628                CyDmaChSetInitialTd
 .text.CyDmaChSetConfiguration
                0x00013664       0xa0 .\CortexM3\ARM_GCC_541\Release\firmware.a(CyDmac.o)
                0x00013664                CyDmaChSetConfiguration
 .text.CyDmaTdAllocate
                0x00013704       0x5c .\CortexM3\ARM_GCC_541\Release\firmware.a(CyDmac.o)
                0x00013704                CyDmaTdAllocate
 .text.CyDmaTdSetConfiguration
                0x00013760       0x80 .\CortexM3\ARM_GCC_541\Release\firmware.a(CyDmac.o)
                0x00013760                CyDmaTdSetConfiguration
 .text.CyDmaTdSetAddress
                0x000137e0       0x5c .\CortexM3\ARM_GCC_541\Release\firmware.a(CyDmac.o)
                0x000137e0                CyDmaTdSetAddress
 .text.CySetTempInt
                0x0001383c       0x7c .\CortexM3\ARM_GCC_541\Release\firmware.a(CyFlash.o)
 .text.CyFlashGetSpcAlgorithm
                0x000138b8       0x70 .\CortexM3\ARM_GCC_541\Release\firmware.a(CyFlash.o)
                0x000138b8                CyFlashGetSpcAlgorithm
 .text.CySetTemp
                0x00013928       0x24 .\CortexM3\ARM_GCC_541\Release\firmware.a(CyFlash.o)
                0x00013928                CySetTemp
 .text.CyEEPROM_Start
                0x0001394c       0x8c .\CortexM3\ARM_GCC_541\Release\firmware.a(CyFlash.o)
                0x0001394c                CyEEPROM_Start
 .text.CySoftwareReset
                0x000139d8       0x20 .\CortexM3\ARM_GCC_541\Release\firmware.a(CyLib.o)
                0x000139d8                CySoftwareReset
 .text.CyDelay  0x000139f8       0x44 .\CortexM3\ARM_GCC_541\Release\firmware.a(CyLib.o)
                0x000139f8                CyDelay
 .text.CyDelayUs
                0x00013a3c       0x28 .\CortexM3\ARM_GCC_541\Release\firmware.a(CyLib.o)
                0x00013a3c                CyDelayUs
 .text.CyIntSetVector
                0x00013a64       0x48 .\CortexM3\ARM_GCC_541\Release\firmware.a(CyLib.o)
                0x00013a64                CyIntSetVector
 .text.CyIntSetPriority
                0x00013aac       0x30 .\CortexM3\ARM_GCC_541\Release\firmware.a(CyLib.o)
                0x00013aac                CyIntSetPriority
 .text.CySpcStart
                0x00013adc       0x48 .\CortexM3\ARM_GCC_541\Release\firmware.a(CySpc.o)
                0x00013adc                CySpcStart
 .text.CySpcReadData
                0x00013b24       0x54 .\CortexM3\ARM_GCC_541\Release\firmware.a(CySpc.o)
                0x00013b24                CySpcReadData
 .text.CySpcLoadRow
                0x00013b78       0x88 .\CortexM3\ARM_GCC_541\Release\firmware.a(CySpc.o)
                0x00013b78                CySpcLoadRow
 .text.CySpcWriteRow
                0x00013c00       0x98 .\CortexM3\ARM_GCC_541\Release\firmware.a(CySpc.o)
                0x00013c00                CySpcWriteRow
 .text.CySpcGetTemp
                0x00013c98       0x64 .\CortexM3\ARM_GCC_541\Release\firmware.a(CySpc.o)
                0x00013c98                CySpcGetTemp
 .text.CySpcLock
                0x00013cfc       0x68 .\CortexM3\ARM_GCC_541\Release\firmware.a(CySpc.o)
                0x00013cfc                CySpcLock
 .text.CySpcUnlock
                0x00013d64       0x50 .\CortexM3\ARM_GCC_541\Release\firmware.a(CySpc.o)
                0x00013d64                CySpcUnlock
 .text.CySpcGetAlgorithm
                0x00013db4       0x44 .\CortexM3\ARM_GCC_541\Release\firmware.a(CySpc.o)
                0x00013db4                CySpcGetAlgorithm
 .text.SPI_IMU_Init
                0x00013df8       0x34 .\CortexM3\ARM_GCC_541\Release\firmware.a(SPI_IMU.o)
                0x00013df8                SPI_IMU_Init
 .text.SPI_IMU_Enable
                0x00013e2c       0x64 .\CortexM3\ARM_GCC_541\Release\firmware.a(SPI_IMU.o)
                0x00013e2c                SPI_IMU_Enable
 .text.SPI_IMU_Start
                0x00013e90       0x24 .\CortexM3\ARM_GCC_541\Release\firmware.a(SPI_IMU.o)
                0x00013e90                SPI_IMU_Start
 .text.SPI_IMU_EnableTxInt
                0x00013eb4        0xc .\CortexM3\ARM_GCC_541\Release\firmware.a(SPI_IMU.o)
                0x00013eb4                SPI_IMU_EnableTxInt
 .text.SPI_IMU_EnableRxInt
                0x00013ec0        0xc .\CortexM3\ARM_GCC_541\Release\firmware.a(SPI_IMU.o)
                0x00013ec0                SPI_IMU_EnableRxInt
 .text.SPI_IMU_ReadTxStatus
                0x00013ecc       0x1c .\CortexM3\ARM_GCC_541\Release\firmware.a(SPI_IMU.o)
                0x00013ecc                SPI_IMU_ReadTxStatus
 .text.SPI_IMU_ReadRxStatus
                0x00013ee8       0x1c .\CortexM3\ARM_GCC_541\Release\firmware.a(SPI_IMU.o)
                0x00013ee8                SPI_IMU_ReadRxStatus
 .text.SPI_IMU_WriteTxData
                0x00013f04       0x34 .\CortexM3\ARM_GCC_541\Release\firmware.a(SPI_IMU.o)
                0x00013f04                SPI_IMU_WriteTxData
 .text.SPI_IMU_ReadRxData
                0x00013f38       0x1c .\CortexM3\ARM_GCC_541\Release\firmware.a(SPI_IMU.o)
                0x00013f38                SPI_IMU_ReadRxData
 .text.SPI_IMU_ClearRxBuffer
                0x00013f54       0x28 .\CortexM3\ARM_GCC_541\Release\firmware.a(SPI_IMU.o)
                0x00013f54                SPI_IMU_ClearRxBuffer
 .text.SPI_IMU_ClearTxBuffer
                0x00013f7c       0x44 .\CortexM3\ARM_GCC_541\Release\firmware.a(SPI_IMU.o)
                0x00013f7c                SPI_IMU_ClearTxBuffer
 .text.SPI_IMU_ClearFIFO
                0x00013fc0       0x60 .\CortexM3\ARM_GCC_541\Release\firmware.a(SPI_IMU.o)
                0x00013fc0                SPI_IMU_ClearFIFO
 .text.SPI_IMU_ReadStatus
                0x00014020       0x34 .\CortexM3\ARM_GCC_541\Release\firmware.a(SPI_IMU.o)
                0x00014020                SPI_IMU_ReadStatus
 .text.Bootloadable_Load
                0x00014054       0x18 .\CortexM3\ARM_GCC_541\Release\firmware.a(Bootloadable.o)
                0x00014054                Bootloadable_Load
 .text.MOTOR_ON_OFF_1_Write
                0x0001406c       0x20 .\CortexM3\ARM_GCC_541\Release\firmware.a(MOTOR_ON_OFF_1.o)
                0x0001406c                MOTOR_ON_OFF_1_Write
 .text.MISO_RTC_Read
                0x0001408c       0x20 .\CortexM3\ARM_GCC_541\Release\firmware.a(MISO_RTC.o)
                0x0001408c                MISO_RTC_Read
 .text.MOSI_RTC_Write
                0x000140ac       0x3c .\CortexM3\ARM_GCC_541\Release\firmware.a(MOSI_RTC.o)
                0x000140ac                MOSI_RTC_Write
 .text.CLK_RTC_Write
                0x000140e8       0x3c .\CortexM3\ARM_GCC_541\Release\firmware.a(CLK_RTC.o)
                0x000140e8                CLK_RTC_Write
 .text.CS_RTC_Write
                0x00014124       0x3c .\CortexM3\ARM_GCC_541\Release\firmware.a(CS_RTC.o)
                0x00014124                CS_RTC_Write
 .text.Chip_Select_ENCODER_LINE_Write
                0x00014160       0x20 .\CortexM3\ARM_GCC_541\Release\firmware.a(Chip_Select_ENCODER_LINE.o)
                0x00014160                Chip_Select_ENCODER_LINE_Write
 .text.Chip_Select_ENCODER_LINE_Read
                0x00014180       0x18 .\CortexM3\ARM_GCC_541\Release\firmware.a(Chip_Select_ENCODER_LINE.o)
                0x00014180                Chip_Select_ENCODER_LINE_Read
 .text.MOTOR_DIR_1_Write
                0x00014198       0x20 .\CortexM3\ARM_GCC_541\Release\firmware.a(MOTOR_DIR_1.o)
                0x00014198                MOTOR_DIR_1_Write
 .text.Chip_Select_IMU_Write
                0x000141b8       0x20 .\CortexM3\ARM_GCC_541\Release\firmware.a(Chip_Select_IMU.o)
                0x000141b8                Chip_Select_IMU_Write
 .text.MOTOR_DIR_2_Write
                0x000141d8       0x20 .\CortexM3\ARM_GCC_541\Release\firmware.a(MOTOR_DIR_2.o)
                0x000141d8                MOTOR_DIR_2_Write
 .text.MOTOR_ON_OFF_2_Write
                0x000141f8       0x20 .\CortexM3\ARM_GCC_541\Release\firmware.a(MOTOR_ON_OFF_2.o)
                0x000141f8                MOTOR_ON_OFF_2_Write
 .text.ADC_N_CHANNELS_USED_Write
                0x00014218       0x20 .\CortexM3\ARM_GCC_541\Release\firmware.a(ADC_N_CHANNELS_USED.o)
                0x00014218                ADC_N_CHANNELS_USED_Write
 .text.MY_TIMER_REG_Write
                0x00014238       0x20 .\CortexM3\ARM_GCC_541\Release\firmware.a(MY_TIMER_REG.o)
                0x00014238                MY_TIMER_REG_Write
 .text.MOTOR_DRIVER_TYPE_Write
                0x00014258       0x20 .\CortexM3\ARM_GCC_541\Release\firmware.a(MOTOR_DRIVER_TYPE.o)
                0x00014258                MOTOR_DRIVER_TYPE_Write
 .text          0x00014278       0x20 .\CortexM3\ARM_GCC_541\Release\firmware.a(CyBootAsmGnu.o)
                0x00014278                CyDelayCycles
                0x00014288                CyEnterCriticalSection
                0x00014290                CyExitCriticalSection
 .text._CopyString
                0x00014298       0x1c ..\emFile_V322c\LinkLibrary\PSoC5\GCC\libemf16noslfn.a(FAT_LFN.o)
 .text._CalcNumChar
                0x000142b4       0x1e ..\emFile_V322c\LinkLibrary\PSoC5\GCC\libemf16noslfn.a(FAT_LFN.o)
 .text._WriteName
                0x000142d2       0x32 ..\emFile_V322c\LinkLibrary\PSoC5\GCC\libemf16noslfn.a(FAT_LFN.o)
 .text._ToUpper
                0x00014304       0x10 ..\emFile_V322c\LinkLibrary\PSoC5\GCC\libemf16noslfn.a(FAT_LFN.o)
 .text._CompareChar
                0x00014314       0x44 ..\emFile_V322c\LinkLibrary\PSoC5\GCC\libemf16noslfn.a(FAT_LFN.o)
 .text._CalcCheckSum
                0x00014358       0x24 ..\emFile_V322c\LinkLibrary\PSoC5\GCC\libemf16noslfn.a(FAT_LFN.o)
 .text._SetDirPosIndex
                0x0001437c        0x8 ..\emFile_V322c\LinkLibrary\PSoC5\GCC\libemf16noslfn.a(FAT_LFN.o)
 .text.FS_FAT_SupportLFN
                0x00014384       0x10 ..\emFile_V322c\LinkLibrary\PSoC5\GCC\libemf16noslfn.a(FAT_LFN.o)
                0x00014384                FS_FAT_SupportLFN
 .text._LFN_DelLongEntry
                0x00014394       0x5e ..\emFile_V322c\LinkLibrary\PSoC5\GCC\libemf16noslfn.a(FAT_LFN.o)
 .text._CorrectTrail
                0x000143f2       0x28 ..\emFile_V322c\LinkLibrary\PSoC5\GCC\libemf16noslfn.a(FAT_LFN.o)
 .text._CalcNumLongEntries
                0x0001441a       0x16 ..\emFile_V322c\LinkLibrary\PSoC5\GCC\libemf16noslfn.a(FAT_LFN.o)
 .text._ComputeLongDirEntry
                0x00014430       0x88 ..\emFile_V322c\LinkLibrary\PSoC5\GCC\libemf16noslfn.a(FAT_LFN.o)
 .text._LFN_FindDirEntry
                0x000144b8      0x146 ..\emFile_V322c\LinkLibrary\PSoC5\GCC\libemf16noslfn.a(FAT_LFN.o)
 .text._GenerateShortEntry
                0x000145fe       0xce ..\emFile_V322c\LinkLibrary\PSoC5\GCC\libemf16noslfn.a(FAT_LFN.o)
 .text._LFN_ReadDirEntryInfo
                0x000146cc      0x1c6 ..\emFile_V322c\LinkLibrary\PSoC5\GCC\libemf16noslfn.a(FAT_LFN.o)
 .text._LFN_CreateDirEntry
                0x00014892      0x2a4 ..\emFile_V322c\LinkLibrary\PSoC5\GCC\libemf16noslfn.a(FAT_LFN.o)
 .text._ClusterId2FATOff
                0x00014b36       0x18 ..\emFile_V322c\LinkLibrary\PSoC5\GCC\libemf16noslfn.a(FAT_Misc.o)
 .text._CalcLogClusterPos
                0x00014b4e        0xe ..\emFile_V322c\LinkLibrary\PSoC5\GCC\libemf16noslfn.a(FAT_Misc.o)
 .text._ReadFromFreeClusterCache
                0x00014b5c       0x46 ..\emFile_V322c\LinkLibrary\PSoC5\GCC\libemf16noslfn.a(FAT_Misc.o)
 .text.FS_FAT_GetFATType
                0x00014ba2       0x1a ..\emFile_V322c\LinkLibrary\PSoC5\GCC\libemf16noslfn.a(FAT_Misc.o)
                0x00014ba2                FS_FAT_GetFATType
 .text.FS_FAT_ClusterId2SectorNo
                0x00014bbc        0xc ..\emFile_V322c\LinkLibrary\PSoC5\GCC\libemf16noslfn.a(FAT_Misc.o)
                0x00014bbc                FS_FAT_ClusterId2SectorNo
 .text.FS_FAT_IsValidShortNameChar
                0x00014bc8       0x34 ..\emFile_V322c\LinkLibrary\PSoC5\GCC\libemf16noslfn.a(FAT_Misc.o)
                0x00014bc8                FS_FAT_IsValidShortNameChar
 .text.FS_FAT_CopyShortName
                0x00014bfc       0x56 ..\emFile_V322c\LinkLibrary\PSoC5\GCC\libemf16noslfn.a(FAT_Misc.o)
                0x00014bfc                FS_FAT_CopyShortName
 .text._SFN_CreateDirEntry
                0x00014c52       0x5a ..\emFile_V322c\LinkLibrary\PSoC5\GCC\libemf16noslfn.a(FAT_Misc.o)
 .text._SFN_FindDirEntry
                0x00014cac       0x10 ..\emFile_V322c\LinkLibrary\PSoC5\GCC\libemf16noslfn.a(FAT_Misc.o)
 .text.FS_FAT_FindDirEntry
                0x00014cbc       0x60 ..\emFile_V322c\LinkLibrary\PSoC5\GCC\libemf16noslfn.a(FAT_Misc.o)
                0x00014cbc                FS_FAT_FindDirEntry
 .text.FS_FAT_CopyDirEntryInfo
                0x00014d1c       0x50 ..\emFile_V322c\LinkLibrary\PSoC5\GCC\libemf16noslfn.a(FAT_Misc.o)
                0x00014d1c                FS_FAT_CopyDirEntryInfo
 .text._SFN_ReadDirEntryInfo
                0x00014d6c       0x6e ..\emFile_V322c\LinkLibrary\PSoC5\GCC\libemf16noslfn.a(FAT_Misc.o)
 .text._SetFATSector
                0x00014dda        0x6 ..\emFile_V322c\LinkLibrary\PSoC5\GCC\libemf16noslfn.a(FAT_Misc.o)
 .text._WriteFATEntry
                0x00014de0      0x152 ..\emFile_V322c\LinkLibrary\PSoC5\GCC\libemf16noslfn.a(FAT_Misc.o)
 .text.FS_FAT_MarkClusterEOC
                0x00014f32        0x8 ..\emFile_V322c\LinkLibrary\PSoC5\GCC\libemf16noslfn.a(FAT_Misc.o)
                0x00014f32                FS_FAT_MarkClusterEOC
 .text.FS_FAT_SyncFAT
                0x00014f3a       0x3c ..\emFile_V322c\LinkLibrary\PSoC5\GCC\libemf16noslfn.a(FAT_Misc.o)
                0x00014f3a                FS_FAT_SyncFAT
 .text.FS_FAT_LinkCluster
                0x00014f76       0x1c ..\emFile_V322c\LinkLibrary\PSoC5\GCC\libemf16noslfn.a(FAT_Misc.o)
                0x00014f76                FS_FAT_LinkCluster
 .text.FS_FAT_ReadFATEntry
                0x00014f92       0xb2 ..\emFile_V322c\LinkLibrary\PSoC5\GCC\libemf16noslfn.a(FAT_Misc.o)
                0x00014f92                FS_FAT_ReadFATEntry
 .text.FS_FAT_GetNumAdjClustersInChain
                0x00015044       0x64 ..\emFile_V322c\LinkLibrary\PSoC5\GCC\libemf16noslfn.a(FAT_Misc.o)
                0x00015044                FS_FAT_GetNumAdjClustersInChain
 .text.FS_FAT_WalkClusterEx
                0x000150a8       0x5c ..\emFile_V322c\LinkLibrary\PSoC5\GCC\libemf16noslfn.a(FAT_Misc.o)
                0x000150a8                FS_FAT_WalkClusterEx
 .text.FS_FAT_GotoCluster
                0x00015104       0x88 ..\emFile_V322c\LinkLibrary\PSoC5\GCC\libemf16noslfn.a(FAT_Misc.o)
                0x00015104                FS_FAT_GotoCluster
 .text.FS_FAT_WalkCluster
                0x0001518c       0x18 ..\emFile_V322c\LinkLibrary\PSoC5\GCC\libemf16noslfn.a(FAT_Misc.o)
                0x0001518c                FS_FAT_WalkCluster
 .text.FS_FAT_FindLastCluster
                0x000151a4       0x34 ..\emFile_V322c\LinkLibrary\PSoC5\GCC\libemf16noslfn.a(FAT_Misc.o)
                0x000151a4                FS_FAT_FindLastCluster
 .text._CalcFreeClusterCnt
                0x000151d8       0x88 ..\emFile_V322c\LinkLibrary\PSoC5\GCC\libemf16noslfn.a(FAT_Misc.o)
 .text.FS_FAT_FindFreeCluster
                0x00015260       0xa8 ..\emFile_V322c\LinkLibrary\PSoC5\GCC\libemf16noslfn.a(FAT_Misc.o)
                0x00015260                FS_FAT_FindFreeCluster
 .text.FS_FAT_AllocCluster
                0x00015308       0x20 ..\emFile_V322c\LinkLibrary\PSoC5\GCC\libemf16noslfn.a(FAT_Misc.o)
                0x00015308                FS_FAT_AllocCluster
 .text._WriteEmptyFATSectors
                0x00015328       0x3c ..\emFile_V322c\LinkLibrary\PSoC5\GCC\libemf16noslfn.a(FAT_Misc.o)
 .text.FS_FAT_FreeClusterChain
                0x00015364       0xe0 ..\emFile_V322c\LinkLibrary\PSoC5\GCC\libemf16noslfn.a(FAT_Misc.o)
                0x00015364                FS_FAT_FreeClusterChain
 .text.FS_FAT_CheckBPB
                0x00015444      0x14c ..\emFile_V322c\LinkLibrary\PSoC5\GCC\libemf16noslfn.a(FAT_Misc.o)
                0x00015444                FS_FAT_CheckBPB
 .text.FS_FAT_InitDirEntryScan
                0x00015590       0x14 ..\emFile_V322c\LinkLibrary\PSoC5\GCC\libemf16noslfn.a(FAT_Open.o)
                0x00015590                FS_FAT_InitDirEntryScan
 .text.FS_FAT_IncDirPos
                0x000155a4        0x8 ..\emFile_V322c\LinkLibrary\PSoC5\GCC\libemf16noslfn.a(FAT_Open.o)
                0x000155a4                FS_FAT_IncDirPos
 .text._CopyDirText
                0x000155ac       0x44 ..\emFile_V322c\LinkLibrary\PSoC5\GCC\libemf16noslfn.a(FAT_Open.o)
 .text.FS_FAT_Make83Name
                0x000155f0       0xb0 ..\emFile_V322c\LinkLibrary\PSoC5\GCC\libemf16noslfn.a(FAT_Open.o)
                0x000155f0                FS_FAT_Make83Name
 .text.FS_FAT_GetDirEntry
                0x000156a0       0xb2 ..\emFile_V322c\LinkLibrary\PSoC5\GCC\libemf16noslfn.a(FAT_Open.o)
                0x000156a0                FS_FAT_GetDirEntry
 .text.FS_FAT_FindDirEntryShortEx
                0x00015752       0x5a ..\emFile_V322c\LinkLibrary\PSoC5\GCC\libemf16noslfn.a(FAT_Open.o)
                0x00015752                FS_FAT_FindDirEntryShortEx
 .text.FS_FAT_FindDirEntryShort
                0x000157ac       0x36 ..\emFile_V322c\LinkLibrary\PSoC5\GCC\libemf16noslfn.a(FAT_Open.o)
                0x000157ac                FS_FAT_FindDirEntryShort
 .text.FS_FAT_FindEmptyDirEntry
                0x000157e2       0xb0 ..\emFile_V322c\LinkLibrary\PSoC5\GCC\libemf16noslfn.a(FAT_Open.o)
                0x000157e2                FS_FAT_FindEmptyDirEntry
 .text.FS_FAT_GetFirstCluster
                0x00015892       0x1a ..\emFile_V322c\LinkLibrary\PSoC5\GCC\libemf16noslfn.a(FAT_Open.o)
                0x00015892                FS_FAT_GetFirstCluster
 .text.FS_FAT_FindPath
                0x000158ac       0x7a ..\emFile_V322c\LinkLibrary\PSoC5\GCC\libemf16noslfn.a(FAT_Open.o)
                0x000158ac                FS_FAT_FindPath
 .text.FS_FAT_DeleteFileOrDir
                0x00015926       0x48 ..\emFile_V322c\LinkLibrary\PSoC5\GCC\libemf16noslfn.a(FAT_Open.o)
                0x00015926                FS_FAT_DeleteFileOrDir
 *fill*         0x0001596e        0x2 
 .text.FS_FAT_Open
                0x00015970      0x1dc ..\emFile_V322c\LinkLibrary\PSoC5\GCC\libemf16noslfn.a(FAT_Open.o)
                0x00015970                FS_FAT_Open
 .text.FS_FAT_WriteDirEntryCluster
                0x00015b4c       0x1c ..\emFile_V322c\LinkLibrary\PSoC5\GCC\libemf16noslfn.a(FAT_Open.o)
                0x00015b4c                FS_FAT_WriteDirEntryCluster
 .text.FS_FAT_WriteDirEntry83
                0x00015b68       0x6c ..\emFile_V322c\LinkLibrary\PSoC5\GCC\libemf16noslfn.a(FAT_Open.o)
                0x00015b68                FS_FAT_WriteDirEntry83
 .text._WriteBurst
                0x00015bd4       0x24 ..\emFile_V322c\LinkLibrary\PSoC5\GCC\libemf16noslfn.a(FAT_Write.o)
 .text.FS_FAT_GotoClusterAllocIfReq
                0x00015bf8       0xa8 ..\emFile_V322c\LinkLibrary\PSoC5\GCC\libemf16noslfn.a(FAT_Write.o)
                0x00015bf8                FS_FAT_GotoClusterAllocIfReq
 .text.FS_FAT_UpdateDirEntry
                0x00015ca0       0x68 ..\emFile_V322c\LinkLibrary\PSoC5\GCC\libemf16noslfn.a(FAT_Write.o)
                0x00015ca0                FS_FAT_UpdateDirEntry
 .text.FS_FAT_Close
                0x00015d08       0x44 ..\emFile_V322c\LinkLibrary\PSoC5\GCC\libemf16noslfn.a(FAT_Write.o)
                0x00015d08                FS_FAT_Close
 .text.FS_FAT_Write
                0x00015d4c      0x1c8 ..\emFile_V322c\LinkLibrary\PSoC5\GCC\libemf16noslfn.a(FAT_Write.o)
                0x00015d4c                FS_FAT_Write
 .text.FS__CLIB_memcmp
                0x00015f14       0x20 ..\emFile_V322c\LinkLibrary\PSoC5\GCC\libemf16noslfn.a(FS_CLib.o)
                0x00015f14                FS__CLIB_memcmp
 .text.FS__CLIB_memset
                0x00015f34       0x6c ..\emFile_V322c\LinkLibrary\PSoC5\GCC\libemf16noslfn.a(FS_CLib.o)
                0x00015f34                FS__CLIB_memset
 .text.FS__CLIB_strcmp
                0x00015fa0       0x1a ..\emFile_V322c\LinkLibrary\PSoC5\GCC\libemf16noslfn.a(FS_CLib.o)
                0x00015fa0                FS__CLIB_strcmp
 .text.FS__CLIB_strlen
                0x00015fba       0x10 ..\emFile_V322c\LinkLibrary\PSoC5\GCC\libemf16noslfn.a(FS_CLib.o)
                0x00015fba                FS__CLIB_strlen
 .text.FS__CLIB_strncmp
                0x00015fca       0x26 ..\emFile_V322c\LinkLibrary\PSoC5\GCC\libemf16noslfn.a(FS_CLib.o)
                0x00015fca                FS__CLIB_strncmp
 .text.FS__CLIB_toupper
                0x00015ff0        0xe ..\emFile_V322c\LinkLibrary\PSoC5\GCC\libemf16noslfn.a(FS_CLib.o)
                0x00015ff0                FS__CLIB_toupper
 .text.FS__strchr
                0x00015ffe       0x14 ..\emFile_V322c\LinkLibrary\PSoC5\GCC\libemf16noslfn.a(FS_Core.o)
                0x00015ffe                FS__strchr
 .text.FS_LoadU32BE
                0x00016012       0x18 ..\emFile_V322c\LinkLibrary\PSoC5\GCC\libemf16noslfn.a(FS_Core.o)
                0x00016012                FS_LoadU32BE
 .text.FS_LoadU32LE
                0x0001602a       0x16 ..\emFile_V322c\LinkLibrary\PSoC5\GCC\libemf16noslfn.a(FS_Core.o)
                0x0001602a                FS_LoadU32LE
 .text.FS_StoreU32LE
                0x00016040       0x14 ..\emFile_V322c\LinkLibrary\PSoC5\GCC\libemf16noslfn.a(FS_Core.o)
                0x00016040                FS_StoreU32LE
 .text.FS_StoreU16LE
                0x00016054        0x8 ..\emFile_V322c\LinkLibrary\PSoC5\GCC\libemf16noslfn.a(FS_Core.o)
                0x00016054                FS_StoreU16LE
 .text.FS_LoadU16LE
                0x0001605c        0xa ..\emFile_V322c\LinkLibrary\PSoC5\GCC\libemf16noslfn.a(FS_Core.o)
                0x0001605c                FS_LoadU16LE
 *fill*         0x00016066        0x2 
 .text._Alloc   0x00016068       0x30 ..\emFile_V322c\LinkLibrary\PSoC5\GCC\libemf16noslfn.a(FS_Core.o)
 .text.FS_Alloc
                0x00016098        0xc ..\emFile_V322c\LinkLibrary\PSoC5\GCC\libemf16noslfn.a(FS_Core.o)
                0x00016098                FS_Alloc
 .text.FS_TryAlloc
                0x000160a4        0x4 ..\emFile_V322c\LinkLibrary\PSoC5\GCC\libemf16noslfn.a(FS_Core.o)
                0x000160a4                FS_TryAlloc
 .text.FS_Free  0x000160a8       0x1c ..\emFile_V322c\LinkLibrary\PSoC5\GCC\libemf16noslfn.a(FS_Core.o)
                0x000160a8                FS_Free
 .text.FS_AssignMemory
                0x000160c4        0xc ..\emFile_V322c\LinkLibrary\PSoC5\GCC\libemf16noslfn.a(FS_Core.o)
                0x000160c4                FS_AssignMemory
 .text.FS_AllocZeroed
                0x000160d0       0x16 ..\emFile_V322c\LinkLibrary\PSoC5\GCC\libemf16noslfn.a(FS_Core.o)
                0x000160d0                FS_AllocZeroed
 *fill*         0x000160e6        0x2 
 .text.FS_STORAGE_Init
                0x000160e8       0x28 ..\emFile_V322c\LinkLibrary\PSoC5\GCC\libemf16noslfn.a(FS_Core.o)
                0x000160e8                FS_STORAGE_Init
 .text.FS__MkDir
                0x00016110       0x24 ..\emFile_V322c\LinkLibrary\PSoC5\GCC\libemf16noslfn.a(FS_Dir.o)
                0x00016110                FS__MkDir
 .text.FS_MkDir
                0x00016134        0x4 ..\emFile_V322c\LinkLibrary\PSoC5\GCC\libemf16noslfn.a(FS_Dir.o)
                0x00016134                FS_MkDir
 .text._FreeDirHandle
                0x00016138        0xa ..\emFile_V322c\LinkLibrary\PSoC5\GCC\libemf16noslfn.a(FS_DirOld.o)
 .text.FS__RewindDir
                0x00016142        0xa ..\emFile_V322c\LinkLibrary\PSoC5\GCC\libemf16noslfn.a(FS_DirOld.o)
                0x00016142                FS__RewindDir
 .text.FS__DirEnt2Attr
                0x0001614c        0xc ..\emFile_V322c\LinkLibrary\PSoC5\GCC\libemf16noslfn.a(FS_DirOld.o)
                0x0001614c                FS__DirEnt2Attr
 .text.FS__CloseDir
                0x00016158       0x20 ..\emFile_V322c\LinkLibrary\PSoC5\GCC\libemf16noslfn.a(FS_DirOld.o)
                0x00016158                FS__CloseDir
 .text.FS_CloseDir
                0x00016178        0x4 ..\emFile_V322c\LinkLibrary\PSoC5\GCC\libemf16noslfn.a(FS_DirOld.o)
                0x00016178                FS_CloseDir
 .text.FS__ReadDir
                0x0001617c       0x4c ..\emFile_V322c\LinkLibrary\PSoC5\GCC\libemf16noslfn.a(FS_DirOld.o)
                0x0001617c                FS__ReadDir
 .text.FS__OpenDir
                0x000161c8       0x48 ..\emFile_V322c\LinkLibrary\PSoC5\GCC\libemf16noslfn.a(FS_DirOld.o)
                0x000161c8                FS__OpenDir
 .text.FS_OpenDir
                0x00016210        0x4 ..\emFile_V322c\LinkLibrary\PSoC5\GCC\libemf16noslfn.a(FS_DirOld.o)
                0x00016210                FS_OpenDir
 .text.FS_FRead
                0x00016214       0x1c ..\emFile_V322c\LinkLibrary\PSoC5\GCC\libemf16noslfn.a(FS_FRead.o)
                0x00016214                FS_FRead
 .text.FS__GetNumFiles
                0x00016230       0x56 ..\emFile_V322c\LinkLibrary\PSoC5\GCC\libemf16noslfn.a(FS_GetNumFiles.o)
                0x00016230                FS__GetNumFiles
 .text.FS_GetNumFiles
                0x00016286        0x4 ..\emFile_V322c\LinkLibrary\PSoC5\GCC\libemf16noslfn.a(FS_GetNumFiles.o)
                0x00016286                FS_GetNumFiles
 .text._ClrBusyLED
                0x0001628a        0xc ..\emFile_V322c\LinkLibrary\PSoC5\GCC\libemf16noslfn.a(FS_LogBlock.o)
 .text._SetBusyLED
                0x00016296        0xc ..\emFile_V322c\LinkLibrary\PSoC5\GCC\libemf16noslfn.a(FS_LogBlock.o)
 .text._Read    0x000162a2        0xc ..\emFile_V322c\LinkLibrary\PSoC5\GCC\libemf16noslfn.a(FS_LogBlock.o)
 .text._Write   0x000162ae       0x12 ..\emFile_V322c\LinkLibrary\PSoC5\GCC\libemf16noslfn.a(FS_LogBlock.o)
 .text.FS_LB_GetStatus
                0x000162c0        0xc ..\emFile_V322c\LinkLibrary\PSoC5\GCC\libemf16noslfn.a(FS_LogBlock.o)
                0x000162c0                FS_LB_GetStatus
 .text.FS_LB_InitMedium
                0x000162cc       0x1a ..\emFile_V322c\LinkLibrary\PSoC5\GCC\libemf16noslfn.a(FS_LogBlock.o)
                0x000162cc                FS_LB_InitMedium
 .text.FS_LB_InitMediumIfRequired
                0x000162e6       0x10 ..\emFile_V322c\LinkLibrary\PSoC5\GCC\libemf16noslfn.a(FS_LogBlock.o)
                0x000162e6                FS_LB_InitMediumIfRequired
 .text.FS_LB_ReadDevice
                0x000162f6       0x2e ..\emFile_V322c\LinkLibrary\PSoC5\GCC\libemf16noslfn.a(FS_LogBlock.o)
                0x000162f6                FS_LB_ReadDevice
 .text.FS_LB_ReadPart
                0x00016324        0xe ..\emFile_V322c\LinkLibrary\PSoC5\GCC\libemf16noslfn.a(FS_LogBlock.o)
                0x00016324                FS_LB_ReadPart
 .text.FS_LB_ReadBurst
                0x00016332       0x38 ..\emFile_V322c\LinkLibrary\PSoC5\GCC\libemf16noslfn.a(FS_LogBlock.o)
                0x00016332                FS_LB_ReadBurst
 .text.FS_LB_ReadBurstPart
                0x0001636a       0x14 ..\emFile_V322c\LinkLibrary\PSoC5\GCC\libemf16noslfn.a(FS_LogBlock.o)
                0x0001636a                FS_LB_ReadBurstPart
 .text.FS_LB_WriteBurst
                0x0001637e       0x30 ..\emFile_V322c\LinkLibrary\PSoC5\GCC\libemf16noslfn.a(FS_LogBlock.o)
                0x0001637e                FS_LB_WriteBurst
 .text.FS_LB_WriteBurstPart
                0x000163ae       0x14 ..\emFile_V322c\LinkLibrary\PSoC5\GCC\libemf16noslfn.a(FS_LogBlock.o)
                0x000163ae                FS_LB_WriteBurstPart
 .text.FS_LB_WriteMultiple
                0x000163c2       0x30 ..\emFile_V322c\LinkLibrary\PSoC5\GCC\libemf16noslfn.a(FS_LogBlock.o)
                0x000163c2                FS_LB_WriteMultiple
 .text.FS_LB_WriteMultiplePart
                0x000163f2       0x14 ..\emFile_V322c\LinkLibrary\PSoC5\GCC\libemf16noslfn.a(FS_LogBlock.o)
                0x000163f2                FS_LB_WriteMultiplePart
 .text.FS_LB_WriteDevice
                0x00016406       0x36 ..\emFile_V322c\LinkLibrary\PSoC5\GCC\libemf16noslfn.a(FS_LogBlock.o)
                0x00016406                FS_LB_WriteDevice
 .text.FS_LB_WritePart
                0x0001643c        0xe ..\emFile_V322c\LinkLibrary\PSoC5\GCC\libemf16noslfn.a(FS_LogBlock.o)
                0x0001643c                FS_LB_WritePart
 .text.FS_GetSectorSize
                0x0001644a       0x28 ..\emFile_V322c\LinkLibrary\PSoC5\GCC\libemf16noslfn.a(FS_LogBlock.o)
                0x0001644a                FS_GetSectorSize
 .text.FS_LB_GetDeviceInfo
                0x00016472       0x26 ..\emFile_V322c\LinkLibrary\PSoC5\GCC\libemf16noslfn.a(FS_LogBlock.o)
                0x00016472                FS_LB_GetDeviceInfo
 .text.FS_memcpy
                0x00016498      0x120 ..\emFile_V322c\LinkLibrary\PSoC5\GCC\libemf16noslfn.a(FS_memcpy.o)
                0x00016498                FS_memcpy
 .text.FS__AllocSectorBuffer
                0x000165b8       0x2c ..\emFile_V322c\LinkLibrary\PSoC5\GCC\libemf16noslfn.a(FS_Misc.o)
                0x000165b8                FS__AllocSectorBuffer
 .text.FS__FreeSectorBuffer
                0x000165e4       0x28 ..\emFile_V322c\LinkLibrary\PSoC5\GCC\libemf16noslfn.a(FS_Misc.o)
                0x000165e4                FS__FreeSectorBuffer
 .text.FS__SB_MarkDirty
                0x0001660c        0x6 ..\emFile_V322c\LinkLibrary\PSoC5\GCC\libemf16noslfn.a(FS_Misc.o)
                0x0001660c                FS__SB_MarkDirty
 .text.FS__SB_MarkNotDirty
                0x00016612        0x6 ..\emFile_V322c\LinkLibrary\PSoC5\GCC\libemf16noslfn.a(FS_Misc.o)
                0x00016612                FS__SB_MarkNotDirty
 .text.FS__FreeFileHandle
                0x00016618        0xa ..\emFile_V322c\LinkLibrary\PSoC5\GCC\libemf16noslfn.a(FS_Misc.o)
                0x00016618                FS__FreeFileHandle
 .text.FS__FreeFileObj
                0x00016622        0xc ..\emFile_V322c\LinkLibrary\PSoC5\GCC\libemf16noslfn.a(FS_Misc.o)
                0x00016622                FS__FreeFileObj
 *fill*         0x0001662e        0x2 
 .text.FS_Init  0x00016630       0x58 ..\emFile_V322c\LinkLibrary\PSoC5\GCC\libemf16noslfn.a(FS_Misc.o)
                0x00016630                FS_Init
 .text.FS__SB_Create
                0x00016688       0x28 ..\emFile_V322c\LinkLibrary\PSoC5\GCC\libemf16noslfn.a(FS_Misc.o)
                0x00016688                FS__SB_Create
 .text.FS__FCloseNL
                0x000166b0       0x1e ..\emFile_V322c\LinkLibrary\PSoC5\GCC\libemf16noslfn.a(FS_Misc.o)
                0x000166b0                FS__FCloseNL
 .text.FS__FClose
                0x000166ce       0x1a ..\emFile_V322c\LinkLibrary\PSoC5\GCC\libemf16noslfn.a(FS_Misc.o)
                0x000166ce                FS__FClose
 .text.FS_FClose
                0x000166e8        0xa ..\emFile_V322c\LinkLibrary\PSoC5\GCC\libemf16noslfn.a(FS_Misc.o)
                0x000166e8                FS_FClose
 *fill*         0x000166f2        0x2 
 .text.FS__AllocFileObj
                0x000166f4       0x48 ..\emFile_V322c\LinkLibrary\PSoC5\GCC\libemf16noslfn.a(FS_Misc.o)
                0x000166f4                FS__AllocFileObj
 .text.FS__AllocFileHandle
                0x0001673c       0x40 ..\emFile_V322c\LinkLibrary\PSoC5\GCC\libemf16noslfn.a(FS_Misc.o)
                0x0001673c                FS__AllocFileHandle
 .text.FS__OpenEx
                0x0001677c       0x58 ..\emFile_V322c\LinkLibrary\PSoC5\GCC\libemf16noslfn.a(FS_Misc.o)
                0x0001677c                FS__OpenEx
 .text.FS__FOpenEx
                0x000167d4       0x56 ..\emFile_V322c\LinkLibrary\PSoC5\GCC\libemf16noslfn.a(FS_Misc.o)
                0x000167d4                FS__FOpenEx
 *fill*         0x0001682a        0x2 
 .text.FS__FOpen
                0x0001682c       0x48 ..\emFile_V322c\LinkLibrary\PSoC5\GCC\libemf16noslfn.a(FS_Misc.o)
                0x0001682c                FS__FOpen
 .text.FS_FOpen
                0x00016874        0x4 ..\emFile_V322c\LinkLibrary\PSoC5\GCC\libemf16noslfn.a(FS_Misc.o)
                0x00016874                FS_FOpen
 .text.FS__SB_Write
                0x00016878       0x24 ..\emFile_V322c\LinkLibrary\PSoC5\GCC\libemf16noslfn.a(FS_Misc.o)
                0x00016878                FS__SB_Write
 .text._SB_Clean
                0x0001689c       0x24 ..\emFile_V322c\LinkLibrary\PSoC5\GCC\libemf16noslfn.a(FS_Misc.o)
 .text.FS__SB_SetSector
                0x000168c0       0x20 ..\emFile_V322c\LinkLibrary\PSoC5\GCC\libemf16noslfn.a(FS_Misc.o)
                0x000168c0                FS__SB_SetSector
 .text.FS__SB_MarkValid
                0x000168e0       0x10 ..\emFile_V322c\LinkLibrary\PSoC5\GCC\libemf16noslfn.a(FS_Misc.o)
                0x000168e0                FS__SB_MarkValid
 .text.FS__SB_Clean
                0x000168f0        0x4 ..\emFile_V322c\LinkLibrary\PSoC5\GCC\libemf16noslfn.a(FS_Misc.o)
                0x000168f0                FS__SB_Clean
 .text.FS__SB_Delete
                0x000168f4       0x12 ..\emFile_V322c\LinkLibrary\PSoC5\GCC\libemf16noslfn.a(FS_Misc.o)
                0x000168f4                FS__SB_Delete
 .text.FS__SB_Flush
                0x00016906        0x8 ..\emFile_V322c\LinkLibrary\PSoC5\GCC\libemf16noslfn.a(FS_Misc.o)
                0x00016906                FS__SB_Flush
 .text.FS__SB_Read
                0x0001690e       0x2a ..\emFile_V322c\LinkLibrary\PSoC5\GCC\libemf16noslfn.a(FS_Misc.o)
                0x0001690e                FS__SB_Read
 .text.FS__Read
                0x00016938       0x2e ..\emFile_V322c\LinkLibrary\PSoC5\GCC\libemf16noslfn.a(FS_Read.o)
                0x00016938                FS__Read
 .text.FS__AddPhysDevice
                0x00016966       0x10 ..\emFile_V322c\LinkLibrary\PSoC5\GCC\libemf16noslfn.a(FS_Storage.o)
                0x00016966                FS__AddPhysDevice
 *fill*         0x00016976        0x2 
 .text.FS__FindVolume
                0x00016978       0x78 ..\emFile_V322c\LinkLibrary\PSoC5\GCC\libemf16noslfn.a(FS_Storage.o)
                0x00016978                FS__FindVolume
 .text.FS__AddDevice
                0x000169f0       0x68 ..\emFile_V322c\LinkLibrary\PSoC5\GCC\libemf16noslfn.a(FS_Storage.o)
                0x000169f0                FS__AddDevice
 .text.FS_AddDevice
                0x00016a58        0x4 ..\emFile_V322c\LinkLibrary\PSoC5\GCC\libemf16noslfn.a(FS_Storage.o)
                0x00016a58                FS_AddDevice
 .text._Mount   0x00016a5c       0x2e ..\emFile_V322c\LinkLibrary\PSoC5\GCC\libemf16noslfn.a(FS_Volume.o)
 .text.FS__AutoMount
                0x00016a8a       0x14 ..\emFile_V322c\LinkLibrary\PSoC5\GCC\libemf16noslfn.a(FS_Volume.o)
                0x00016a8a                FS__AutoMount
 .text.FS__Write
                0x00016a9e       0x3a ..\emFile_V322c\LinkLibrary\PSoC5\GCC\libemf16noslfn.a(FS_Write.o)
                0x00016a9e                FS__Write
 .text.FS_Write
                0x00016ad8        0x4 ..\emFile_V322c\LinkLibrary\PSoC5\GCC\libemf16noslfn.a(FS_Write.o)
                0x00016ad8                FS_Write
 .text.FS_FAT_CloseDir
                0x00016adc        0xc ..\emFile_V322c\LinkLibrary\PSoC5\GCC\libemf16noslfn.a(FAT_Dir.o)
                0x00016adc                FS_FAT_CloseDir
 .text.FS_FAT_ReadDir
                0x00016ae8       0x38 ..\emFile_V322c\LinkLibrary\PSoC5\GCC\libemf16noslfn.a(FAT_Dir.o)
                0x00016ae8                FS_FAT_ReadDir
 .text.FS_FAT_OpenDir
                0x00016b20       0x72 ..\emFile_V322c\LinkLibrary\PSoC5\GCC\libemf16noslfn.a(FAT_Dir.o)
                0x00016b20                FS_FAT_OpenDir
 *fill*         0x00016b92        0x2 
 .text.FS_FAT_CreateDirEx
                0x00016b94      0x110 ..\emFile_V322c\LinkLibrary\PSoC5\GCC\libemf16noslfn.a(FAT_Dir.o)
                0x00016b94                FS_FAT_CreateDirEx
 .text.FS_FAT_CreateDir
                0x00016ca4       0x64 ..\emFile_V322c\LinkLibrary\PSoC5\GCC\libemf16noslfn.a(FAT_Dir.o)
                0x00016ca4                FS_FAT_CreateDir
 .text._ReadBurst
                0x00016d08       0x24 ..\emFile_V322c\LinkLibrary\PSoC5\GCC\libemf16noslfn.a(FAT_Read.o)
 .text.FS_FAT_Read
                0x00016d2c      0x194 ..\emFile_V322c\LinkLibrary\PSoC5\GCC\libemf16noslfn.a(FAT_Read.o)
                0x00016d2c                FS_FAT_Read
 .text._IsBPB   0x00016ec0       0x1e ..\emFile_V322c\LinkLibrary\PSoC5\GCC\libemf16noslfn.a(FS_Partition.o)
 .text._HasSignature
                0x00016ede       0x18 ..\emFile_V322c\LinkLibrary\PSoC5\GCC\libemf16noslfn.a(FS_Partition.o)
 .text._GetPartitionStartSector
                0x00016ef6        0xc ..\emFile_V322c\LinkLibrary\PSoC5\GCC\libemf16noslfn.a(FS_Partition.o)
 .text.FS__GetMediaStartSecEx
                0x00016f02       0x6e ..\emFile_V322c\LinkLibrary\PSoC5\GCC\libemf16noslfn.a(FS_Partition.o)
                0x00016f02                FS__GetMediaStartSecEx
 .text.FS__LocatePartition
                0x00016f70       0x44 ..\emFile_V322c\LinkLibrary\PSoC5\GCC\libemf16noslfn.a(FS_Partition.o)
                0x00016f70                FS__LocatePartition
 .text.sqrt     0x00016fb4       0xb8 c:/program files (x86)/cypress/psoc creator/4.2/psoc creator/import/gnu/arm/5.4.1/bin/../lib/gcc/arm-none-eabi/5.4.1/../../../../arm-none-eabi/lib/armv7-m\libm.a(lib_a-w_sqrt.o)
                0x00016fb4                sqrt
 .text.__ieee754_sqrt
                0x0001706c      0x188 c:/program files (x86)/cypress/psoc creator/4.2/psoc creator/import/gnu/arm/5.4.1/bin/../lib/gcc/arm-none-eabi/5.4.1/../../../../arm-none-eabi/lib/armv7-m\libm.a(lib_a-e_sqrt.o)
                0x0001706c                __ieee754_sqrt
 .text.matherr  0x000171f4        0x4 c:/program files (x86)/cypress/psoc creator/4.2/psoc creator/import/gnu/arm/5.4.1/bin/../lib/gcc/arm-none-eabi/5.4.1/../../../../arm-none-eabi/lib/armv7-m\libm.a(lib_a-s_matherr.o)
                0x000171f4                matherr
 .text.FS_X_AddDevices
                0x000171f8       0x20 .\CortexM3\ARM_GCC_541\Release\firmware.a(SD_ConfigMMC_SPI.o)
                0x000171f8                FS_X_AddDevices
 .text.FS_X_GetTimeDate
                0x00017218       0x58 .\CortexM3\ARM_GCC_541\Release\firmware.a(SD_ConfigMMC_SPI.o)
                0x00017218                FS_X_GetTimeDate
 .text._CalcDataCRC16Dummy
                0x00017270        0x6 ..\emFile_V322c\LinkLibrary\PSoC5\GCC\libemf16noslfn.a(MMC_Drv.o)
 *fill*         0x00017276        0x2 
 .text._MMC_GetNumUnits
                0x00017278        0xc ..\emFile_V322c\LinkLibrary\PSoC5\GCC\libemf16noslfn.a(MMC_Drv.o)
 .text._MMC_GetDriverName
                0x00017284        0x8 ..\emFile_V322c\LinkLibrary\PSoC5\GCC\libemf16noslfn.a(MMC_Drv.o)
 .text._MMC_GetStatus
                0x0001728c        0x4 ..\emFile_V322c\LinkLibrary\PSoC5\GCC\libemf16noslfn.a(MMC_Drv.o)
 .text._CheckR1
                0x00017290       0x38 ..\emFile_V322c\LinkLibrary\PSoC5\GCC\libemf16noslfn.a(MMC_Drv.o)
 .text._WaitToGetReady
                0x000172c8       0x26 ..\emFile_V322c\LinkLibrary\PSoC5\GCC\libemf16noslfn.a(MMC_Drv.o)
 .text._SendEmptyCycles
                0x000172ee       0x24 ..\emFile_V322c\LinkLibrary\PSoC5\GCC\libemf16noslfn.a(MMC_Drv.o)
 *fill*         0x00017312        0x2 
 .text._MMC_AddDevice
                0x00017314       0x2c ..\emFile_V322c\LinkLibrary\PSoC5\GCC\libemf16noslfn.a(MMC_Drv.o)
 .text.T.53     0x00017340       0x14 ..\emFile_V322c\LinkLibrary\PSoC5\GCC\libemf16noslfn.a(MMC_Drv.o)
 .text._GetFromCSD
                0x00017354       0x34 ..\emFile_V322c\LinkLibrary\PSoC5\GCC\libemf16noslfn.a(MMC_Drv.o)
 .text._ExecCmdR1
                0x00017388       0x98 ..\emFile_V322c\LinkLibrary\PSoC5\GCC\libemf16noslfn.a(MMC_Drv.o)
 .text._ReadCSD
                0x00017420       0x86 ..\emFile_V322c\LinkLibrary\PSoC5\GCC\libemf16noslfn.a(MMC_Drv.o)
 *fill*         0x000174a6        0x2 
 .text._MMC_Read
                0x000174a8      0x130 ..\emFile_V322c\LinkLibrary\PSoC5\GCC\libemf16noslfn.a(MMC_Drv.o)
 .text._MMC_Write
                0x000175d8      0x13c ..\emFile_V322c\LinkLibrary\PSoC5\GCC\libemf16noslfn.a(MMC_Drv.o)
 .text._ApplyCSD
                0x00017714      0x228 ..\emFile_V322c\LinkLibrary\PSoC5\GCC\libemf16noslfn.a(MMC_Drv.o)
 .text._MMC_Init
                0x0001793c      0x1c0 ..\emFile_V322c\LinkLibrary\PSoC5\GCC\libemf16noslfn.a(MMC_Drv.o)
 .text._MMC_InitMedium
                0x00017afc       0x28 ..\emFile_V322c\LinkLibrary\PSoC5\GCC\libemf16noslfn.a(MMC_Drv.o)
 .text._MMC_IoCtl
                0x00017b24       0x60 ..\emFile_V322c\LinkLibrary\PSoC5\GCC\libemf16noslfn.a(MMC_Drv.o)
 .text.SD_Init  0x00017b84       0x6c .\CortexM3\ARM_GCC_541\Release\firmware.a(SD_MMC_HW_SPI.o)
 .text.SD_ReadWriteSPI
                0x00017bf0       0x68 .\CortexM3\ARM_GCC_541\Release\firmware.a(SD_MMC_HW_SPI.o)
 .text.FS_MMC_HW_X_EnableCS
                0x00017c58       0x28 .\CortexM3\ARM_GCC_541\Release\firmware.a(SD_MMC_HW_SPI.o)
                0x00017c58                FS_MMC_HW_X_EnableCS
 .text.FS_MMC_HW_X_DisableCS
                0x00017c80       0x28 .\CortexM3\ARM_GCC_541\Release\firmware.a(SD_MMC_HW_SPI.o)
                0x00017c80                FS_MMC_HW_X_DisableCS
 .text.FS_MMC_HW_X_IsWriteProtected
                0x00017ca8       0x28 .\CortexM3\ARM_GCC_541\Release\firmware.a(SD_MMC_HW_SPI.o)
                0x00017ca8                FS_MMC_HW_X_IsWriteProtected
 .text.FS_MMC_HW_X_SetMaxSpeed
                0x00017cd0       0x88 .\CortexM3\ARM_GCC_541\Release\firmware.a(SD_MMC_HW_SPI.o)
                0x00017cd0                FS_MMC_HW_X_SetMaxSpeed
 .text.FS_MMC_HW_X_SetVoltage
                0x00017d58       0x68 .\CortexM3\ARM_GCC_541\Release\firmware.a(SD_MMC_HW_SPI.o)
                0x00017d58                FS_MMC_HW_X_SetVoltage
 .text.FS_MMC_HW_X_IsPresent
                0x00017dc0       0x30 .\CortexM3\ARM_GCC_541\Release\firmware.a(SD_MMC_HW_SPI.o)
                0x00017dc0                FS_MMC_HW_X_IsPresent
 .text.FS_MMC_HW_X_Read
                0x00017df0       0x38 .\CortexM3\ARM_GCC_541\Release\firmware.a(SD_MMC_HW_SPI.o)
                0x00017df0                FS_MMC_HW_X_Read
 .text.FS_MMC_HW_X_Write
                0x00017e28       0x34 .\CortexM3\ARM_GCC_541\Release\firmware.a(SD_MMC_HW_SPI.o)
                0x00017e28                FS_MMC_HW_X_Write
 .text.SD_SPI0_Init
                0x00017e5c       0x34 .\CortexM3\ARM_GCC_541\Release\firmware.a(SD_SPI0.o)
                0x00017e5c                SD_SPI0_Init
 .text.SD_SPI0_Enable
                0x00017e90       0x64 .\CortexM3\ARM_GCC_541\Release\firmware.a(SD_SPI0.o)
                0x00017e90                SD_SPI0_Enable
 .text.SD_SPI0_Start
                0x00017ef4       0x24 .\CortexM3\ARM_GCC_541\Release\firmware.a(SD_SPI0.o)
                0x00017ef4                SD_SPI0_Start
 .text.SD_SPI0_EnableTxInt
                0x00017f18        0xc .\CortexM3\ARM_GCC_541\Release\firmware.a(SD_SPI0.o)
                0x00017f18                SD_SPI0_EnableTxInt
 .text.SD_SPI0_EnableRxInt
                0x00017f24        0xc .\CortexM3\ARM_GCC_541\Release\firmware.a(SD_SPI0.o)
                0x00017f24                SD_SPI0_EnableRxInt
 .text.SD_SPI0_ReadTxStatus
                0x00017f30       0x1c .\CortexM3\ARM_GCC_541\Release\firmware.a(SD_SPI0.o)
                0x00017f30                SD_SPI0_ReadTxStatus
 .text.SD_SPI0_ReadRxStatus
                0x00017f4c       0x1c .\CortexM3\ARM_GCC_541\Release\firmware.a(SD_SPI0.o)
                0x00017f4c                SD_SPI0_ReadRxStatus
 .text.SD_SPI0_WriteTxData
                0x00017f68       0x34 .\CortexM3\ARM_GCC_541\Release\firmware.a(SD_SPI0.o)
                0x00017f68                SD_SPI0_WriteTxData
 .text.SD_SPI0_ReadRxData
                0x00017f9c       0x1c .\CortexM3\ARM_GCC_541\Release\firmware.a(SD_SPI0.o)
                0x00017f9c                SD_SPI0_ReadRxData
 .text.SD_SPI0_ClearFIFO
                0x00017fb8       0x60 .\CortexM3\ARM_GCC_541\Release\firmware.a(SD_SPI0.o)
                0x00017fb8                SD_SPI0_ClearFIFO
 .text.SD_Clock_1_Start
                0x00018018       0x34 .\CortexM3\ARM_GCC_541\Release\firmware.a(SD_Clock_1.o)
                0x00018018                SD_Clock_1_Start
 .text.SD_Clock_1_Stop
                0x0001804c       0x34 .\CortexM3\ARM_GCC_541\Release\firmware.a(SD_Clock_1.o)
                0x0001804c                SD_Clock_1_Stop
 .text.SD_Clock_1_SetDividerRegister
                0x00018080      0x164 .\CortexM3\ARM_GCC_541\Release\firmware.a(SD_Clock_1.o)
                0x00018080                SD_Clock_1_SetDividerRegister
 .text.SD_Clock_1_GetDividerRegister
                0x000181e4       0x18 .\CortexM3\ARM_GCC_541\Release\firmware.a(SD_Clock_1.o)
                0x000181e4                SD_Clock_1_GetDividerRegister
 .text.SD_Clock_1_GetSourceRegister
                0x000181fc       0x1c .\CortexM3\ARM_GCC_541\Release\firmware.a(SD_Clock_1.o)
                0x000181fc                SD_Clock_1_GetSourceRegister
 .text.SD_SPI0_CS_Write
                0x00018218       0x3c .\CortexM3\ARM_GCC_541\Release\firmware.a(SD_SPI0_CS.o)
                0x00018218                SD_SPI0_CS_Write
 .text          0x00018254      0x370 c:/program files (x86)/cypress/psoc creator/4.2/psoc creator/import/gnu/arm/5.4.1/bin/../lib/gcc/arm-none-eabi/5.4.1/armv7-m\libgcc.a(_arm_addsubdf3.o)
                0x00018254                __aeabi_drsub
                0x0001825c                __aeabi_dsub
                0x0001825c                __subdf3
                0x00018260                __aeabi_dadd
                0x00018260                __adddf3
                0x000184d8                __floatunsidf
                0x000184d8                __aeabi_ui2d
                0x000184f8                __floatsidf
                0x000184f8                __aeabi_i2d
                0x0001851c                __aeabi_f2d
                0x0001851c                __extendsfdf2
                0x00018558                __floatundidf
                0x00018558                __aeabi_ul2d
                0x00018568                __floatdidf
                0x00018568                __aeabi_l2d
 .text          0x000185c4      0x424 c:/program files (x86)/cypress/psoc creator/4.2/psoc creator/import/gnu/arm/5.4.1/bin/../lib/gcc/arm-none-eabi/5.4.1/armv7-m\libgcc.a(_arm_muldivdf3.o)
                0x000185c4                __aeabi_dmul
                0x000185c4                __muldf3
                0x00018818                __divdf3