Archive member included to satisfy reference by file (symbol)

.\CortexM3\ARM_GCC_541\Release\Generic.a(Chip_Select_IMU.o)
                              .\CortexM3\ARM_GCC_541\Release\IMU_functions.o (Chip_Select_IMU_Write)
.\CortexM3\ARM_GCC_541\Release\Generic.a(EEPROM.o)
                              .\CortexM3\ARM_GCC_541\Release\main.o (EEPROM_Start)
.\CortexM3\ARM_GCC_541\Release\Generic.a(FTDI_ENABLE.o)
                              .\CortexM3\ARM_GCC_541\Release\command_processing.o (FTDI_ENABLE_Write)
.\CortexM3\ARM_GCC_541\Release\Generic.a(RS485_CTS.o)
                              .\CortexM3\ARM_GCC_541\Release\command_processing.o (RS485_CTS_Write)
.\CortexM3\ARM_GCC_541\Release\Generic.a(PWM_MOTORS.o)
                              .\CortexM3\ARM_GCC_541\Release\main.o (PWM_MOTORS_Start)
.\CortexM3\ARM_GCC_541\Release\Generic.a(PACER_TIMER.o)
                              .\CortexM3\ARM_GCC_541\Release\main.o (PACER_TIMER_Start)
.\CortexM3\ARM_GCC_541\Release\Generic.a(RESET_FF.o)
                              .\CortexM3\ARM_GCC_541\Release\main.o (RESET_FF_Write)
.\CortexM3\ARM_GCC_541\Release\Generic.a(FF_STATUS.o)
                              .\CortexM3\ARM_GCC_541\Release\main.o (FF_STATUS_Read)
.\CortexM3\ARM_GCC_541\Release\Generic.a(MY_TIMER.o)
                              .\CortexM3\ARM_GCC_541\Release\main.o (MY_TIMER_Start)
.\CortexM3\ARM_GCC_541\Release\Generic.a(UART_RS485.o)
                              .\CortexM3\ARM_GCC_541\Release\main.o (UART_RS485_Start)
.\CortexM3\ARM_GCC_541\Release\Generic.a(UART_RS485_INT.o)
                              .\CortexM3\ARM_GCC_541\Release\Generic.a(UART_RS485.o) (UART_RS485_RXISR)
.\CortexM3\ARM_GCC_541\Release\Generic.a(ISR_RS485_RX.o)
                              .\CortexM3\ARM_GCC_541\Release\command_processing.o (ISR_RS485_RX_Disable)
.\CortexM3\ARM_GCC_541\Release\Generic.a(CLOCK_UART.o)
                              .\CortexM3\ARM_GCC_541\Release\command_processing.o (CLOCK_UART_SetDividerRegister)
.\CortexM3\ARM_GCC_541\Release\Generic.a(CYCLES_TIMER.o)
                              .\CortexM3\ARM_GCC_541\Release\main.o (CYCLES_TIMER_Start)
.\CortexM3\ARM_GCC_541\Release\Generic.a(ISR_CYCLES.o)
                              .\CortexM3\ARM_GCC_541\Release\main.o (ISR_CYCLES_StartEx)
.\CortexM3\ARM_GCC_541\Release\Generic.a(Bootloadable.o)
                              .\CortexM3\ARM_GCC_541\Release\command_processing.o (Bootloadable_Load)
.\CortexM3\ARM_GCC_541\Release\Generic.a(CS_RTC.o)
                              .\CortexM3\ARM_GCC_541\Release\SD_RTC_functions.o (CS_RTC_Write)
.\CortexM3\ARM_GCC_541\Release\Generic.a(CLK_RTC.o)
                              .\CortexM3\ARM_GCC_541\Release\SD_RTC_functions.o (CLK_RTC_Write)
.\CortexM3\ARM_GCC_541\Release\Generic.a(MOSI_RTC.o)
                              .\CortexM3\ARM_GCC_541\Release\SD_RTC_functions.o (MOSI_RTC_Write)
.\CortexM3\ARM_GCC_541\Release\Generic.a(MISO_RTC.o)
                              .\CortexM3\ARM_GCC_541\Release\SD_RTC_functions.o (MISO_RTC_Read)
.\CortexM3\ARM_GCC_541\Release\Generic.a(SPI_IMU.o)
                              .\CortexM3\ARM_GCC_541\Release\main.o (SPI_IMU_Init)
.\CortexM3\ARM_GCC_541\Release\Generic.a(MOTOR_DIR_2.o)
                              .\CortexM3\ARM_GCC_541\Release\interruptions.o (MOTOR_DIR_2_Write)
.\CortexM3\ARM_GCC_541\Release\Generic.a(BLINK_05HZ.o)
                              .\CortexM3\ARM_GCC_541\Release\main.o (BLINK_05HZ_Start)
.\CortexM3\ARM_GCC_541\Release\Generic.a(LED_CTRL.o)
                              .\CortexM3\ARM_GCC_541\Release\utils.o (LED_CTRL_Write)
.\CortexM3\ARM_GCC_541\Release\Generic.a(BLINK_CTRL_EN.o)
                              .\CortexM3\ARM_GCC_541\Release\utils.o (BLINK_CTRL_EN_Write)
.\CortexM3\ARM_GCC_541\Release\Generic.a(BLINK_25HZ.o)
                              .\CortexM3\ARM_GCC_541\Release\main.o (BLINK_25HZ_Start)
.\CortexM3\ARM_GCC_541\Release\Generic.a(ADC_SOC.o)
                              .\CortexM3\ARM_GCC_541\Release\interruptions.o (ADC_SOC_Write)
.\CortexM3\ARM_GCC_541\Release\Generic.a(DMA_dma.o)
                              .\CortexM3\ARM_GCC_541\Release\main.o (DMA_DmaInitialize)
.\CortexM3\ARM_GCC_541\Release\Generic.a(ADC_STATUS.o)
                              .\CortexM3\ARM_GCC_541\Release\interruptions.o (ADC_STATUS_Read)
.\CortexM3\ARM_GCC_541\Release\Generic.a(ADC.o)
                              .\CortexM3\ARM_GCC_541\Release\main.o (ADC_Start)
.\CortexM3\ARM_GCC_541\Release\Generic.a(ADC_INT.o)
                              .\CortexM3\ARM_GCC_541\Release\Generic.a(ADC.o) (ADC_ISR1)
.\CortexM3\ARM_GCC_541\Release\Generic.a(MOTOR_ON_OFF_1.o)
                              .\CortexM3\ARM_GCC_541\Release\utils.o (MOTOR_ON_OFF_1_Write)
.\CortexM3\ARM_GCC_541\Release\Generic.a(ADC_N_CHANNELS_USED.o)
                              .\CortexM3\ARM_GCC_541\Release\utils.o (ADC_N_CHANNELS_USED_Write)
.\CortexM3\ARM_GCC_541\Release\Generic.a(COUNTER_ENC.o)
[...]
Memory Configuration

Name             Origin             Length             Attributes
rom              0x00000000         0x00040000         xr
ram              0x1fff8000         0x00010000         xrw
*default*        0x00000000         0xffffffff

Linker script and memory map

LOAD c:/program files (x86)/cypress/psoc creator/4.2/psoc creator/import/gnu/arm/5.4.1/bin/../lib/gcc/arm-none-eabi/5.4.1/armv7-m/crti.o
LOAD c:/program files (x86)/cypress/psoc creator/4.2/psoc creator/import/gnu/arm/5.4.1/bin/../lib/gcc/arm-none-eabi/5.4.1/armv7-m/crtbegin.o
LOAD c:/program files (x86)/cypress/psoc creator/4.2/psoc creator/import/gnu/arm/5.4.1/bin/../lib/gcc/arm-none-eabi/5.4.1/../../../../arm-none-eabi/lib/armv7-m/crt0.o
START GROUP
LOAD .\CortexM3\ARM_GCC_541\Release\command_processing.o
LOAD .\CortexM3\ARM_GCC_541\Release\Encoder_functions.o
LOAD .\CortexM3\ARM_GCC_541\Release\globals.o
LOAD .\CortexM3\ARM_GCC_541\Release\IMU_functions.o
LOAD .\CortexM3\ARM_GCC_541\Release\interruptions.o
LOAD .\CortexM3\ARM_GCC_541\Release\main.o
LOAD .\CortexM3\ARM_GCC_541\Release\SD_RTC_functions.o
LOAD .\CortexM3\ARM_GCC_541\Release\utils.o
LOAD .\CortexM3\ARM_GCC_541\Release\cyfitter_cfg.o
LOAD .\CortexM3\ARM_GCC_541\Release\cybootloader.o
LOAD .\CortexM3\ARM_GCC_541\Release\cymetadata.o
LOAD .\CortexM3\ARM_GCC_541\Release\Cm3Start.o
LOAD .\CortexM3\ARM_GCC_541\Release\Generic.a
LOAD C:\Program Files (x86)\Cypress\PSoC Creator\4.2\PSoC Creator\psoc\content\cycomponentlibrary\CyComponentLibrary.cylib\CortexM3\ARM_GCC_541\Release\CyComponentLibrary.a
LOAD ..\src\emFile_V322c\LinkLibrary\PSoC5\GCC\libemf16noslfn.a
LOAD c:/program files (x86)/cypress/psoc creator/4.2/psoc creator/import/gnu/arm/5.4.1/bin/../lib/gcc/arm-none-eabi/5.4.1/../../../../arm-none-eabi/lib/armv7-m\libm.a
END GROUP
START GROUP
LOAD c:/program files (x86)/cypress/psoc creator/4.2/psoc creator/import/gnu/arm/5.4.1/bin/../lib/gcc/arm-none-eabi/5.4.1/armv7-m\libgcc.a
LOAD c:/program files (x86)/cypress/psoc creator/4.2/psoc creator/import/gnu/arm/5.4.1/bin/../lib/gcc/arm-none-eabi/5.4.1/../../../../arm-none-eabi/lib/armv7-m\libg_nano.a
LOAD c:/program files (x86)/cypress/psoc creator/4.2/psoc creator/import/gnu/arm/5.4.1/bin/../lib/gcc/arm-none-eabi/5.4.1/../../../../arm-none-eabi/lib/armv7-m\libc_nano.a
END GROUP
START GROUP
LOAD c:/program files (x86)/cypress/psoc creator/4.2/psoc creator/import/gnu/arm/5.4.1/bin/../lib/gcc/arm-none-eabi/5.4.1/armv7-m\libgcc.a
LOAD c:/program files (x86)/cypress/psoc creator/4.2/psoc creator/import/gnu/arm/5.4.1/bin/../lib/gcc/arm-none-eabi/5.4.1/../../../../arm-none-eabi/lib/armv7-m\libc_nano.a
END GROUP
LOAD c:/program files (x86)/cypress/psoc creator/4.2/psoc creator/import/gnu/arm/5.4.1/bin/../lib/gcc/arm-none-eabi/5.4.1/armv7-m/crtend.o
LOAD c:/program files (x86)/cypress/psoc creator/4.2/psoc creator/import/gnu/arm/5.4.1/bin/../lib/gcc/arm-none-eabi/5.4.1/armv7-m/crtn.o
START GROUP
LOAD c:/program files (x86)/cypress/psoc creator/4.2/psoc creator/import/gnu/arm/5.4.1/bin/../lib/gcc/arm-none-eabi/5.4.1/armv7-m\libgcc.a
LOAD c:/program files (x86)/cypress/psoc creator/4.2/psoc creator/import/gnu/arm/5.4.1/bin/../lib/gcc/arm-none-eabi/5.4.1/../../../../arm-none-eabi/lib/armv7-m\libc.a
LOAD c:/program files (x86)/cypress/psoc creator/4.2/psoc creator/import/gnu/arm/5.4.1/bin/../lib/gcc/arm-none-eabi/5.4.1/../../../../arm-none-eabi/lib/armv7-m\libnosys.a
END GROUP
                0x00000000                CY_APPL_ORIGIN = 0x0
                0x00000100                CY_FLASH_ROW_SIZE = 0x100
                0x00000020                CY_ECC_ROW_SIZE = 0x20
                0x00000000                CY_EE_IN_BTLDR = 0x0
                0x00000001                CY_APPL_LOADABLE = 0x1
                0x00000800                CY_EE_SIZE = 0x800
                0x00000001                CY_APPL_NUM = 0x1
                0x00000001                CY_APPL_MAX = 0x1
                0x00000040                CY_METADATA_SIZE = 0x40
                0x00000001                CY_APPL_LOADABLE = 0x1
                0x00000000                CY_CHECKSUM_EXCLUDE_SIZE = ALIGN (0x0, CY_FLASH_ROW_SIZE)
                [!provide]                PROVIDE (__cy_heap_start, _end)
                0x00000001                PROVIDE (__cy_region_num, ((__cy_regions_end - __cy_regions) / 0x10))
                0x20008000                PROVIDE (__cy_stack, (ORIGIN (ram) + LENGTH (ram)))
                [!provide]                PROVIDE (__cy_heap_end, (__cy_stack - 0x800))

.cybootloader   0x00000000     0x1d00
 *(.cybootloader)
 .cybootloader  0x00000000     0x1d00 .\CortexM3\ARM_GCC_541\Release\cybootloader.o
                0x00000000                cy_bootloader
                0x00001d00                appl1_start = CY_APPL_ORIGIN?CY_APPL_ORIGIN:ALIGN (CY_FLASH_ROW_SIZE)
                0x00020e00                appl2_start = (appl1_start + ALIGN ((((LENGTH (rom) - appl1_start) - (0x2 * CY_FLASH_ROW_SIZE)) / 0x2), CY_FLASH_ROW_SIZE))
                0x00001d00                appl_start = (CY_APPL_NUM == 0x1)?appl1_start:appl2_start
                0x000003a0                ecc_offset = ((appl_start / CY_FLASH_ROW_SIZE) * CY_ECC_ROW_SIZE)
                0x00000000                ee_offset = (CY_APPL_LOADABLE && ! (CY_EE_IN_BTLDR))?((CY_EE_SIZE / CY_APPL_MAX) * (CY_APPL_NUM - 0x1)):0x0
                0x00000800                ee_size = (CY_APPL_LOADABLE && ! (CY_EE_IN_BTLDR))?(CY_EE_SIZE / CY_APPL_MAX):CY_EE_SIZE
                0x000003a0                PROVIDE (CY_ECC_OFFSET, ecc_offset)

.text           0x00001d00    0x1e6d0
 CREATE_OBJECT_SYMBOLS
                0x00001d00                PROVIDE (__cy_interrupt_vector, RomVectors)
 *(.romvectors)
 .romvectors    0x00001d00       0x10 .\CortexM3\ARM_GCC_541\Release\Cm3Start.o
                0x00001d00                RomVectors
                0x00000001                ASSERT ((. != __cy_interrupt_vector), No interrupt vector)
                0x00000001                ASSERT (CY_APPL_ORIGIN?(SIZEOF (.cybootloader) <= CY_APPL_ORIGIN):0x1, Wrong image location)
                0x00001d10                PROVIDE (__cy_reset, Reset)
 *(.text.Reset)
 .text.Reset    0x00001d10        0x8 .\CortexM3\ARM_GCC_541\Release\Cm3Start.o
                0x00001d10                Reset
                0x00000001                ASSERT ((. != __cy_reset), No reset code)
 *(.dma_init)
                0x00000001                ASSERT ((((appl_start + .) <= 0x10000) || 0x1), DMA Init must be within the first 64k of flash)
 *(.text .text.* .gnu.linkonce.t.*)
 .text          0x00001d18       0x5c c:/program files (x86)/cypress/psoc creator/4.2/psoc creator/import/gnu/arm/5.4.1/bin/../lib/gcc/arm-none-eabi/5.4.1/armv7-m/crtbegin.o
 .text.commProcess
                0x00001d74      0x4dc .\CortexM3\ARM_GCC_541\Release\command_processing.o
                0x00001d74                commProcess
 .text.infoGet  0x00002250      0x104 .\CortexM3\ARM_GCC_541\Release\command_processing.o
                0x00002250                infoGet
 .text.get_param_list
                0x00002354     0x2f38 .\CortexM3\ARM_GCC_541\Release\command_processing.o
                0x00002354                get_param_list
 .text.manage_param_list
                0x0000528c     0x1708 .\CortexM3\ARM_GCC_541\Release\command_processing.o
                0x0000528c                manage_param_list
 .text.set_custom_param
                0x00006994     0x1418 .\CortexM3\ARM_GCC_541\Release\command_processing.o
                0x00006994                set_custom_param
 .text.get_IMU_param_list
                0x00007dac      0xdf4 .\CortexM3\ARM_GCC_541\Release\command_processing.o
                0x00007dac                get_IMU_param_list
 .text.setZeros
                0x00008ba0       0x88 .\CortexM3\ARM_GCC_541\Release\command_processing.o
                0x00008ba0                setZeros
 .text.prepare_generic_info
                0x00008c28     0x1eb4 .\CortexM3\ARM_GCC_541\Release\command_processing.o
                0x00008c28                prepare_generic_info
 .text.prepare_counter_info
                0x0000aadc      0x3b4 .\CortexM3\ARM_GCC_541\Release\command_processing.o
                0x0000aadc                prepare_counter_info
 .text.prepare_SD_param_info
                0x0000ae90     0x1238 .\CortexM3\ARM_GCC_541\Release\command_processing.o
                0x0000ae90                prepare_SD_param_info
 .text.prepare_SD_legend
                0x0000c0c8       0xc8 .\CortexM3\ARM_GCC_541\Release\command_processing.o
                0x0000c0c8                prepare_SD_legend
 .text.prepare_SD_info
                0x0000c190      0x130 .\CortexM3\ARM_GCC_541\Release\command_processing.o
                0x0000c190                prepare_SD_info
 .text.IMU_reading_info
                0x0000c2c0      0x374 .\CortexM3\ARM_GCC_541\Release\command_processing.o
                0x0000c2c0                IMU_reading_info
 .text.commWrite_old_id
                0x0000c634       0x84 .\CortexM3\ARM_GCC_541\Release\command_processing.o
                0x0000c634                commWrite_old_id
 .text.commWrite
                0x0000c6b8       0x88 .\CortexM3\ARM_GCC_541\Release\command_processing.o
                0x0000c6b8                commWrite
 .text.commWrite_to_cuff
                0x0000c740       0x80 .\CortexM3\ARM_GCC_541\Release\command_processing.o
                0x0000c740                commWrite_to_cuff
 .text.LCRChecksum
                0x0000c7c0       0x40 .\CortexM3\ARM_GCC_541\Release\command_processing.o
                0x0000c7c0                LCRChecksum
 .text.sendAcknowledgment
                0x0000c800       0x30 .\CortexM3\ARM_GCC_541\Release\command_processing.o
                0x0000c800                sendAcknowledgment
 .text.memStore
                0x0000c830       0x98 .\CortexM3\ARM_GCC_541\Release\command_processing.o
                0x0000c830                memStore
 .text.memRecall
                0x0000c8c8       0x80 .\CortexM3\ARM_GCC_541\Release\command_processing.o
                0x0000c8c8                memRecall
 .text.memRestore
                0x0000c948       0x5c .\CortexM3\ARM_GCC_541\Release\command_processing.o
                0x0000c948                memRestore
 .text.memInit  0x0000c9a4      0x5cc .\CortexM3\ARM_GCC_541\Release\command_processing.o
                0x0000c9a4                memInit
 .text.cmd_get_measurements
                0x0000cf70       0xb4 .\CortexM3\ARM_GCC_541\Release\command_processing.o
                0x0000cf70                cmd_get_measurements
 .text.cmd_get_velocities
                0x0000d024       0xb4 .\CortexM3\ARM_GCC_541\Release\command_processing.o
                0x0000d024                cmd_get_velocities
 .text.cmd_get_accelerations
                0x0000d0d8       0xb8 .\CortexM3\ARM_GCC_541\Release\command_processing.o
                0x0000d0d8                cmd_get_accelerations
 .text.cmd_set_inputs
                0x0000d190      0x244 .\CortexM3\ARM_GCC_541\Release\command_processing.o
                0x0000d190                cmd_set_inputs
 .text.cmd_activate
                0x0000d3d4       0xc0 .\CortexM3\ARM_GCC_541\Release\command_processing.o
                0x0000d3d4                cmd_activate
 .text.cmd_get_activate
                0x0000d494       0x5c .\CortexM3\ARM_GCC_541\Release\command_processing.o
                0x0000d494                cmd_get_activate
 .text.cmd_get_curr_and_meas
                0x0000d4f0      0x13c .\CortexM3\ARM_GCC_541\Release\command_processing.o
                0x0000d4f0                cmd_get_curr_and_meas
 .text.cmd_get_currents
                0x0000d62c       0xb8 .\CortexM3\ARM_GCC_541\Release\command_processing.o
                0x0000d62c                cmd_get_currents
 .text.cmd_get_currents_for_cuff
                0x0000d6e4       0x5c .\CortexM3\ARM_GCC_541\Release\command_processing.o
                0x0000d6e4                cmd_get_currents_for_cuff
 .text.cmd_set_baudrate
                0x0000d740       0x34 .\CortexM3\ARM_GCC_541\Release\command_processing.o
                0x0000d740                cmd_set_baudrate
 .text.cmd_ping
                0x0000d774       0x20 .\CortexM3\ARM_GCC_541\Release\command_processing.o
                0x0000d774                cmd_ping
 .text.cmd_get_inputs
                0x0000d794       0x6c .\CortexM3\ARM_GCC_541\Release\command_processing.o
                0x0000d794                cmd_get_inputs
 .text.cmd_store_params
                0x0000d800      0x1bc .\CortexM3\ARM_GCC_541\Release\command_processing.o
                0x0000d800                cmd_store_params
 .text.cmd_get_emg
                0x0000d9bc       0x60 .\CortexM3\ARM_GCC_541\Release\command_processing.o
                0x0000d9bc                cmd_get_emg
 .text.cmd_get_imu_readings
                0x0000da1c      0x598 .\CortexM3\ARM_GCC_541\Release\command_processing.o
                0x0000da1c                cmd_get_imu_readings
 .text.cmd_get_encoder_map
                0x0000dfb4       0x8c .\CortexM3\ARM_GCC_541\Release\command_processing.o
                0x0000dfb4                cmd_get_encoder_map
 .text.cmd_get_encoder_raw
                0x0000e040       0xec .\CortexM3\ARM_GCC_541\Release\command_processing.o
                0x0000e040                cmd_get_encoder_raw
 .text.cmd_get_ADC_map
                0x0000e12c       0x5c .\CortexM3\ARM_GCC_541\Release\command_processing.o
                0x0000e12c                cmd_get_ADC_map
 .text.cmd_get_ADC_raw
                0x0000e188       0xc0 .\CortexM3\ARM_GCC_541\Release\command_processing.o
                0x0000e188                cmd_get_ADC_raw
 .text.Change_CS_EncoderLine
                0x0000e248       0x40 .\CortexM3\ARM_GCC_541\Release\Encoder_functions.o
                0x0000e248                Change_CS_EncoderLine
 .text.InitEncoderGeneral
                0x0000e288       0x54 .\CortexM3\ARM_GCC_541\Release\Encoder_functions.o
                0x0000e288                InitEncoderGeneral
 .text.InitEncoderLine
                0x0000e2dc       0x7c .\CortexM3\ARM_GCC_541\Release\Encoder_functions.o
                0x0000e2dc                InitEncoderLine
 .text.ReadEncoderLine
                0x0000e358      0x1e8 .\CortexM3\ARM_GCC_541\Release\Encoder_functions.o
                0x0000e358                ReadEncoderLine
 .text.InitIMU  0x0000e540       0xdc .\CortexM3\ARM_GCC_541\Release\IMU_functions.o
                0x0000e540                InitIMU
 .text.InitIMUMagCal
                0x0000e61c       0xdc .\CortexM3\ARM_GCC_541\Release\IMU_functions.o
                0x0000e61c                InitIMUMagCal
 .text.ChipSelectorIMU
                0x0000e6f8       0x20 .\CortexM3\ARM_GCC_541\Release\IMU_functions.o
                0x0000e6f8                ChipSelectorIMU
 .text.InitIMUgeneral
                0x0000e718      0x2c0 .\CortexM3\ARM_GCC_541\Release\IMU_functions.o
                0x0000e718                InitIMUgeneral
 .text.ReadIMU  0x0000e9d8       0xa0 .\CortexM3\ARM_GCC_541\Release\IMU_functions.o
                0x0000e9d8                ReadIMU
 .text.ReadAcc  0x0000ea78      0x104 .\CortexM3\ARM_GCC_541\Release\IMU_functions.o
                0x0000ea78                ReadAcc
 .text.ReadGyro
                0x0000eb7c      0x104 .\CortexM3\ARM_GCC_541\Release\IMU_functions.o
                0x0000eb7c                ReadGyro
 .text.ReadMag  0x0000ec80       0xfc .\CortexM3\ARM_GCC_541\Release\IMU_functions.o
                0x0000ec80                ReadMag
 .text.ReadMagCal
                0x0000ed7c       0x7c .\CortexM3\ARM_GCC_541\Release\IMU_functions.o
                0x0000ed7c                ReadMagCal
 .text.ReadQuat
                0x0000edf8      0xb10 .\CortexM3\ARM_GCC_541\Release\IMU_functions.o
                0x0000edf8                ReadQuat
 .text.ReadAllIMUs
                0x0000f908      0x288 .\CortexM3\ARM_GCC_541\Release\IMU_functions.o
                0x0000f908                ReadAllIMUs
 .text.ReadTemp
                0x0000fb90       0x5c .\CortexM3\ARM_GCC_541\Release\IMU_functions.o
                0x0000fb90                ReadTemp
 .text.WriteControlRegisterIMU
                0x0000fbec       0x54 .\CortexM3\ARM_GCC_541\Release\IMU_functions.o
                0x0000fbec                WriteControlRegisterIMU
 .text.ReadControlRegisterIMU
                0x0000fc40       0x54 .\CortexM3\ARM_GCC_541\Release\IMU_functions.o
                0x0000fc40                ReadControlRegisterIMU
 .text.SPI_delay
                0x0000fc94       0x2c .\CortexM3\ARM_GCC_541\Release\IMU_functions.o
                0x0000fc94                SPI_delay
 .text.ISR_RS485_RX_ExInterrupt
                0x0000fcc0       0x18 .\CortexM3\ARM_GCC_541\Release\interruptions.o
                0x0000fcc0                ISR_RS485_RX_ExInterrupt
 .text.ISR_CYCLES_Handler
                0x0000fcd8       0x20 .\CortexM3\ARM_GCC_541\Release\interruptions.o
                0x0000fcd8                ISR_CYCLES_Handler
 .text.interrupt_manager
                0x0000fcf8      0x1f4 .\CortexM3\ARM_GCC_541\Release\interruptions.o
                0x0000fcf8                interrupt_manager
 .text.function_scheduler
                0x0000feec      0x48c .\CortexM3\ARM_GCC_541\Release\interruptions.o
                0x0000feec                function_scheduler
 .text.motor_control_SH
                0x00010378      0xaf4 .\CortexM3\ARM_GCC_541\Release\interruptions.o
                0x00010378                motor_control_SH
 .text.motor_control_generic
                0x00010e6c      0xcbc .\CortexM3\ARM_GCC_541\Release\interruptions.o
                0x00010e6c                motor_control_generic
 .text.encoder_reading_SPI
                0x00011b28      0x824 .\CortexM3\ARM_GCC_541\Release\interruptions.o
                0x00011b28                encoder_reading_SPI
 .text.analog_read_end
                0x0001234c      0xd3c .\CortexM3\ARM_GCC_541\Release\interruptions.o
                0x0001234c                analog_read_end
 .text.overcurrent_control
                0x00013088       0xe0 .\CortexM3\ARM_GCC_541\Release\interruptions.o
                0x00013088                overcurrent_control
 .text.pwm_limit_search
                0x00013168       0x78 .\CortexM3\ARM_GCC_541\Release\interruptions.o
                0x00013168                pwm_limit_search
 .text.cycles_counter_update
                0x000131e0      0x3f8 .\CortexM3\ARM_GCC_541\Release\interruptions.o
                0x000131e0                cycles_counter_update
 .text.save_cycles_eeprom
                0x000135d8      0x108 .\CortexM3\ARM_GCC_541\Release\interruptions.o
                0x000135d8                save_cycles_eeprom
 .text.main     0x000136e0      0x564 .\CortexM3\ARM_GCC_541\Release\main.o
                0x000136e0                main
 .text.DS1302_write
                0x00013c44       0x48 .\CortexM3\ARM_GCC_541\Release\SD_RTC_functions.o
                0x00013c44                DS1302_write
 .text.DS1302_writeByte
                0x00013c8c       0x1c .\CortexM3\ARM_GCC_541\Release\SD_RTC_functions.o
                0x00013c8c                DS1302_writeByte
 .text.DS1302_read
                0x00013ca8       0x44 .\CortexM3\ARM_GCC_541\Release\SD_RTC_functions.o
                0x00013ca8                DS1302_read
 .text.DS1302_readByte
                0x00013cec       0x5c .\CortexM3\ARM_GCC_541\Release\SD_RTC_functions.o
                0x00013cec                DS1302_readByte
 .text.shiftOut_RTC
                0x00013d48       0x4c .\CortexM3\ARM_GCC_541\Release\SD_RTC_functions.o
                0x00013d48                shiftOut_RTC
 .text.store_RTC_current_time
                0x00013d94      0x11c .\CortexM3\ARM_GCC_541\Release\SD_RTC_functions.o
                0x00013d94                store_RTC_current_time
 .text.set_RTC_time
                0x00013eb0      0x16c .\CortexM3\ARM_GCC_541\Release\SD_RTC_functions.o
                0x00013eb0                set_RTC_time
 .text.InitSD_FS
                0x0001401c      0x410 .\CortexM3\ARM_GCC_541\Release\SD_RTC_functions.o
                0x0001401c                InitSD_FS
 .text.Read_SD_Param
                0x0001442c       0x4c .\CortexM3\ARM_GCC_541\Release\SD_RTC_functions.o
                0x0001442c                Read_SD_Param
 .text.Read_SD_Data
                0x00014478       0x6c .\CortexM3\ARM_GCC_541\Release\SD_RTC_functions.o
                0x00014478                Read_SD_Data
 .text.curr_estim
                0x000144e4      0x270 .\CortexM3\ARM_GCC_541\Release\utils.o
                0x000144e4                curr_estim
 .text.filter   0x00014754       0x50 .\CortexM3\ARM_GCC_541\Release\utils.o
                0x00014754                filter
 .text.my_mod   0x000147a4       0x50 .\CortexM3\ARM_GCC_541\Release\utils.o
                0x000147a4                my_mod
 .text.calibration
                0x000147f4       0xd4 .\CortexM3\ARM_GCC_541\Release\utils.o
                0x000147f4                calibration
 .text.calc_turns_fcn_SH
                0x000148c8       0xc4 .\CortexM3\ARM_GCC_541\Release\utils.o
                0x000148c8                calc_turns_fcn_SH
 .text.calc_turns_fcn
                0x0001498c       0x98 .\CortexM3\ARM_GCC_541\Release\utils.o
                0x0001498c                calc_turns_fcn
 .text.check_rest_position
                0x00014a24      0x334 .\CortexM3\ARM_GCC_541\Release\utils.o
                0x00014a24                check_rest_position
 .text.LED_control
                0x00014d58       0x90 .\CortexM3\ARM_GCC_541\Release\utils.o
                0x00014d58                LED_control
 .text.battery_management
                0x00014de8      0x278 .\CortexM3\ARM_GCC_541\Release\utils.o
                0x00014de8                battery_management
 .text.ADC_Set_N_Channels
                0x00015060       0x44 .\CortexM3\ARM_GCC_541\Release\utils.o
                0x00015060                ADC_Set_N_Channels
 .text.enable_motor
                0x000150a4       0x34 .\CortexM3\ARM_GCC_541\Release\utils.o
                0x000150a4                enable_motor
 .text.reset_counters
                0x000150d8       0x78 .\CortexM3\ARM_GCC_541\Release\utils.o
                0x000150d8                reset_counters
 .text.invSqrt  0x00015150       0x78 .\CortexM3\ARM_GCC_541\Release\utils.o
                0x00015150                invSqrt
 .text.v3_normalize
                0x000151c8       0xb0 .\CortexM3\ARM_GCC_541\Release\utils.o
                0x000151c8                v3_normalize
 .text.v4_normalize
                0x00015278       0xec .\CortexM3\ARM_GCC_541\Release\utils.o
                0x00015278                v4_normalize
 .text.CYMEMZERO
                0x00015364       0x1c .\CortexM3\ARM_GCC_541\Release\cyfitter_cfg.o
 .text.CYCONFIGCPY
                0x00015380       0x20 .\CortexM3\ARM_GCC_541\Release\cyfitter_cfg.o
 .text.CyClockStartupError
                0x000153a0        0xc .\CortexM3\ARM_GCC_541\Release\cyfitter_cfg.o
 .text.cfg_write_bytes32
                0x000153ac       0x74 .\CortexM3\ARM_GCC_541\Release\cyfitter_cfg.o
 .text.ClockSetup
                0x00015420      0x1d8 .\CortexM3\ARM_GCC_541\Release\cyfitter_cfg.o
 .text.AnalogSetDefault
                0x000155f8       0x80 .\CortexM3\ARM_GCC_541\Release\cyfitter_cfg.o
 .text.ADC_AMux_Set
                0x00015678       0x40 .\CortexM3\ARM_GCC_541\Release\cyfitter_cfg.o
                0x00015678                ADC_AMux_Set
 .text.ADC_AMux_Unset
                0x000156b8       0x44 .\CortexM3\ARM_GCC_541\Release\cyfitter_cfg.o
                0x000156b8                ADC_AMux_Unset
 .text.cyfitter_cfg
                0x000156fc      0x1f4 .\CortexM3\ARM_GCC_541\Release\cyfitter_cfg.o
                0x000156fc                cyfitter_cfg
 .text.IntDefaultHandler
                0x000158f0       0x14 .\CortexM3\ARM_GCC_541\Release\Cm3Start.o
                0x000158f0                IntDefaultHandler
 .text._sbrk    0x00015904       0x54 .\CortexM3\ARM_GCC_541\Release\Cm3Start.o
                0x00015904                _sbrk
 .text.Start_c  0x00015958       0x98 .\CortexM3\ARM_GCC_541\Release\Cm3Start.o
                0x00015958                Start_c
 .text.initialize_psoc
                0x000159f0       0x94 .\CortexM3\ARM_GCC_541\Release\Cm3Start.o
                0x000159f0                initialize_psoc
 .text.Chip_Select_IMU_Write
                0x00015a84       0x20 .\CortexM3\ARM_GCC_541\Release\Generic.a(Chip_Select_IMU.o)
                0x00015a84                Chip_Select_IMU_Write
 .text.EEPROM_Enable
                0x00015aa4       0x10 .\CortexM3\ARM_GCC_541\Release\Generic.a(EEPROM.o)
                0x00015aa4                EEPROM_Enable
 .text.EEPROM_Start
                0x00015ab4        0xc .\CortexM3\ARM_GCC_541\Release\Generic.a(EEPROM.o)
                0x00015ab4                EEPROM_Start
 .text.EEPROM_UpdateTemperature
                0x00015ac0       0x10 .\CortexM3\ARM_GCC_541\Release\Generic.a(EEPROM.o)
                0x00015ac0                EEPROM_UpdateTemperature
 .text.EEPROM_Write
                0x00015ad0       0xf0 .\CortexM3\ARM_GCC_541\Release\Generic.a(EEPROM.o)
                0x00015ad0                EEPROM_Write
 .text.EEPROM_StartWrite
                0x00015bc0       0xb8 .\CortexM3\ARM_GCC_541\Release\Generic.a(EEPROM.o)
                0x00015bc0                EEPROM_StartWrite
 .text.EEPROM_Query
                0x00015c78       0x58 .\CortexM3\ARM_GCC_541\Release\Generic.a(EEPROM.o)
                0x00015c78                EEPROM_Query
 .text.FTDI_ENABLE_Write
                0x00015cd0       0x3c .\CortexM3\ARM_GCC_541\Release\Generic.a(FTDI_ENABLE.o)
                0x00015cd0                FTDI_ENABLE_Write
 .text.RS485_CTS_Write
                0x00015d0c       0x3c .\CortexM3\ARM_GCC_541\Release\Generic.a(RS485_CTS.o)
                0x00015d0c                RS485_CTS_Write
 .text.PWM_MOTORS_Start
                0x00015d48       0x24 .\CortexM3\ARM_GCC_541\Release\Generic.a(PWM_MOTORS.o)
                0x00015d48                PWM_MOTORS_Start
 .text.PWM_MOTORS_Init
                0x00015d6c       0x58 .\CortexM3\ARM_GCC_541\Release\Generic.a(PWM_MOTORS.o)
                0x00015d6c                PWM_MOTORS_Init
 .text.PWM_MOTORS_Enable
                0x00015dc4       0x20 .\CortexM3\ARM_GCC_541\Release\Generic.a(PWM_MOTORS.o)
                0x00015dc4                PWM_MOTORS_Enable
 .text.PWM_MOTORS_WriteCounter
                0x00015de4       0x20 .\CortexM3\ARM_GCC_541\Release\Generic.a(PWM_MOTORS.o)
                0x00015de4                PWM_MOTORS_WriteCounter
 .text.PWM_MOTORS_WritePeriod
                0x00015e04       0x20 .\CortexM3\ARM_GCC_541\Release\Generic.a(PWM_MOTORS.o)
                0x00015e04                PWM_MOTORS_WritePeriod
 .text.PWM_MOTORS_WriteCompare1
                0x00015e24       0x20 .\CortexM3\ARM_GCC_541\Release\Generic.a(PWM_MOTORS.o)
                0x00015e24                PWM_MOTORS_WriteCompare1
 .text.PWM_MOTORS_WriteCompare2
                0x00015e44       0x20 .\CortexM3\ARM_GCC_541\Release\Generic.a(PWM_MOTORS.o)
                0x00015e44                PWM_MOTORS_WriteCompare2
 .text.PACER_TIMER_Init
                0x00015e64       0xa0 .\CortexM3\ARM_GCC_541\Release\Generic.a(PACER_TIMER.o)
                0x00015e64                PACER_TIMER_Init
 .text.PACER_TIMER_Enable
                0x00015f04       0x48 .\CortexM3\ARM_GCC_541\Release\Generic.a(PACER_TIMER.o)
                0x00015f04                PACER_TIMER_Enable
 .text.PACER_TIMER_Start
                0x00015f4c       0x24 .\CortexM3\ARM_GCC_541\Release\Generic.a(PACER_TIMER.o)
                0x00015f4c                PACER_TIMER_Start
 .text.PACER_TIMER_SetInterruptMode
                0x00015f70       0x20 .\CortexM3\ARM_GCC_541\Release\Generic.a(PACER_TIMER.o)
                0x00015f70                PACER_TIMER_SetInterruptMode
 .text.PACER_TIMER_WritePeriod
                0x00015f90       0x24 .\CortexM3\ARM_GCC_541\Release\Generic.a(PACER_TIMER.o)
                0x00015f90                PACER_TIMER_WritePeriod
 .text.PACER_TIMER_WriteCounter
                0x00015fb4       0x20 .\CortexM3\ARM_GCC_541\Release\Generic.a(PACER_TIMER.o)
                0x00015fb4                PACER_TIMER_WriteCounter
 .text.RESET_FF_Write
                0x00015fd4       0x20 .\CortexM3\ARM_GCC_541\Release\Generic.a(RESET_FF.o)
                0x00015fd4                RESET_FF_Write
 .text.FF_STATUS_Read
                0x00015ff4       0x18 .\CortexM3\ARM_GCC_541\Release\Generic.a(FF_STATUS.o)
                0x00015ff4                FF_STATUS_Read
 .text.MY_TIMER_Init
                0x0001600c       0xa0 .\CortexM3\ARM_GCC_541\Release\Generic.a(MY_TIMER.o)
                0x0001600c                MY_TIMER_Init
 .text.MY_TIMER_Enable
                0x000160ac       0x48 .\CortexM3\ARM_GCC_541\Release\Generic.a(MY_TIMER.o)
                0x000160ac                MY_TIMER_Enable
 .text.MY_TIMER_Start
                0x000160f4       0x24 .\CortexM3\ARM_GCC_541\Release\Generic.a(MY_TIMER.o)
                0x000160f4                MY_TIMER_Start
 .text.MY_TIMER_SetInterruptMode
                0x00016118       0x20 .\CortexM3\ARM_GCC_541\Release\Generic.a(MY_TIMER.o)
                0x00016118                MY_TIMER_SetInterruptMode
 .text.MY_TIMER_WritePeriod
                0x00016138       0x24 .\CortexM3\ARM_GCC_541\Release\Generic.a(MY_TIMER.o)
                0x00016138                MY_TIMER_WritePeriod
 .text.MY_TIMER_WriteCounter
                0x0001615c       0x20 .\CortexM3\ARM_GCC_541\Release\Generic.a(MY_TIMER.o)
                0x0001615c                MY_TIMER_WriteCounter
 .text.MY_TIMER_ReadCounter
                0x0001617c       0x20 .\CortexM3\ARM_GCC_541\Release\Generic.a(MY_TIMER.o)
                0x0001617c                MY_TIMER_ReadCounter
 .text.UART_RS485_Start
                0x0001619c       0x24 .\CortexM3\ARM_GCC_541\Release\Generic.a(UART_RS485.o)
                0x0001619c                UART_RS485_Start
 .text.UART_RS485_Init
                0x000161c0       0x58 .\CortexM3\ARM_GCC_541\Release\Generic.a(UART_RS485.o)
                0x000161c0                UART_RS485_Init
 .text.UART_RS485_Enable
                0x00016218       0x64 .\CortexM3\ARM_GCC_541\Release\Generic.a(UART_RS485.o)
                0x00016218                UART_RS485_Enable
 .text.UART_RS485_Stop
                0x0001627c       0x64 .\CortexM3\ARM_GCC_541\Release\Generic.a(UART_RS485.o)
                0x0001627c                UART_RS485_Stop
 .text.UART_RS485_ReadRxStatus
                0x000162e0       0x40 .\CortexM3\ARM_GCC_541\Release\Generic.a(UART_RS485.o)
                0x000162e0                UART_RS485_ReadRxStatus
 .text.UART_RS485_GetChar
                0x00016320       0xb4 .\CortexM3\ARM_GCC_541\Release\Generic.a(UART_RS485.o)
                0x00016320                UART_RS485_GetChar
 .text.UART_RS485_GetRxBufferSize
                0x000163d4       0x90 .\CortexM3\ARM_GCC_541\Release\Generic.a(UART_RS485.o)
                0x000163d4                UART_RS485_GetRxBufferSize
 .text.UART_RS485_ClearRxBuffer
                0x00016464       0x80 .\CortexM3\ARM_GCC_541\Release\Generic.a(UART_RS485.o)
                0x00016464                UART_RS485_ClearRxBuffer
 .text.UART_RS485_ReadTxStatus
                0x000164e4       0x18 .\CortexM3\ARM_GCC_541\Release\Generic.a(UART_RS485.o)
                0x000164e4                UART_RS485_ReadTxStatus
 .text.UART_RS485_PutChar
                0x000164fc       0x34 .\CortexM3\ARM_GCC_541\Release\Generic.a(UART_RS485.o)
                0x000164fc                UART_RS485_PutChar
 .text.UART_RS485_PutString
                0x00016530       0x44 .\CortexM3\ARM_GCC_541\Release\Generic.a(UART_RS485.o)
                0x00016530                UART_RS485_PutString
 .text.UART_RS485_ClearTxBuffer
                0x00016574       0x44 .\CortexM3\ARM_GCC_541\Release\Generic.a(UART_RS485.o)
                0x00016574                UART_RS485_ClearTxBuffer
 .text.UART_RS485_RXISR
                0x000165b8       0xd8 .\CortexM3\ARM_GCC_541\Release\Generic.a(UART_RS485_INT.o)
                0x000165b8                UART_RS485_RXISR
 .text.ISR_RS485_RX_StartEx
                0x00016690       0x24 .\CortexM3\ARM_GCC_541\Release\Generic.a(ISR_RS485_RX.o)
                0x00016690                ISR_RS485_RX_StartEx
 .text.ISR_RS485_RX_SetVector
                0x000166b4       0x24 .\CortexM3\ARM_GCC_541\Release\Generic.a(ISR_RS485_RX.o)
                0x000166b4                ISR_RS485_RX_SetVector
 .text.ISR_RS485_RX_SetPriority
                0x000166d8       0x24 .\CortexM3\ARM_GCC_541\Release\Generic.a(ISR_RS485_RX.o)
                0x000166d8                ISR_RS485_RX_SetPriority
 .text.ISR_RS485_RX_Enable
                0x000166fc       0x18 .\CortexM3\ARM_GCC_541\Release\Generic.a(ISR_RS485_RX.o)
                0x000166fc                ISR_RS485_RX_Enable
 .text.ISR_RS485_RX_Disable
                0x00016714       0x18 .\CortexM3\ARM_GCC_541\Release\Generic.a(ISR_RS485_RX.o)
                0x00016714                ISR_RS485_RX_Disable
 .text.CLOCK_UART_SetDividerRegister
                0x0001672c      0x164 .\CortexM3\ARM_GCC_541\Release\Generic.a(CLOCK_UART.o)
                0x0001672c                CLOCK_UART_SetDividerRegister
 .text.CLOCK_UART_GetDividerRegister
                0x00016890       0x18 .\CortexM3\ARM_GCC_541\Release\Generic.a(CLOCK_UART.o)
                0x00016890                CLOCK_UART_GetDividerRegister
 .text.CLOCK_UART_GetSourceRegister
                0x000168a8       0x1c .\CortexM3\ARM_GCC_541\Release\Generic.a(CLOCK_UART.o)
                0x000168a8                CLOCK_UART_GetSourceRegister
 .text.CYCLES_TIMER_Init
                0x000168c4       0xa0 .\CortexM3\ARM_GCC_541\Release\Generic.a(CYCLES_TIMER.o)
                0x000168c4                CYCLES_TIMER_Init
 .text.CYCLES_TIMER_Enable
                0x00016964       0x48 .\CortexM3\ARM_GCC_541\Release\Generic.a(CYCLES_TIMER.o)
                0x00016964                CYCLES_TIMER_Enable
 .text.CYCLES_TIMER_Start
                0x000169ac       0x24 .\CortexM3\ARM_GCC_541\Release\Generic.a(CYCLES_TIMER.o)
                0x000169ac                CYCLES_TIMER_Start
 .text.CYCLES_TIMER_SetInterruptMode
                0x000169d0       0x20 .\CortexM3\ARM_GCC_541\Release\Generic.a(CYCLES_TIMER.o)
                0x000169d0                CYCLES_TIMER_SetInterruptMode
 .text.CYCLES_TIMER_WritePeriod
                0x000169f0       0x24 .\CortexM3\ARM_GCC_541\Release\Generic.a(CYCLES_TIMER.o)
                0x000169f0                CYCLES_TIMER_WritePeriod
 .text.CYCLES_TIMER_WriteCounter
                0x00016a14       0x20 .\CortexM3\ARM_GCC_541\Release\Generic.a(CYCLES_TIMER.o)
                0x00016a14                CYCLES_TIMER_WriteCounter
 .text.CYCLES_TIMER_ReadCounter
                0x00016a34       0x20 .\CortexM3\ARM_GCC_541\Release\Generic.a(CYCLES_TIMER.o)
                0x00016a34                CYCLES_TIMER_ReadCounter
 .text.ISR_CYCLES_StartEx
                0x00016a54       0x24 .\CortexM3\ARM_GCC_541\Release\Generic.a(ISR_CYCLES.o)
                0x00016a54                ISR_CYCLES_StartEx
 .text.ISR_CYCLES_SetVector
                0x00016a78       0x24 .\CortexM3\ARM_GCC_541\Release\Generic.a(ISR_CYCLES.o)
                0x00016a78                ISR_CYCLES_SetVector
 .text.ISR_CYCLES_SetPriority
                0x00016a9c       0x24 .\CortexM3\ARM_GCC_541\Release\Generic.a(ISR_CYCLES.o)
                0x00016a9c                ISR_CYCLES_SetPriority
 .text.ISR_CYCLES_Enable
                0x00016ac0       0x18 .\CortexM3\ARM_GCC_541\Release\Generic.a(ISR_CYCLES.o)
                0x00016ac0                ISR_CYCLES_Enable
 .text.ISR_CYCLES_Disable
                0x00016ad8       0x18 .\CortexM3\ARM_GCC_541\Release\Generic.a(ISR_CYCLES.o)
                0x00016ad8                ISR_CYCLES_Disable
 .text.Bootloadable_Load
                0x00016af0       0x18 .\CortexM3\ARM_GCC_541\Release\Generic.a(Bootloadable.o)
                0x00016af0                Bootloadable_Load
 .text.CS_RTC_Write
                0x00016b08       0x3c .\CortexM3\ARM_GCC_541\Release\Generic.a(CS_RTC.o)
                0x00016b08                CS_RTC_Write
 .text.CLK_RTC_Write
                0x00016b44       0x3c .\CortexM3\ARM_GCC_541\Release\Generic.a(CLK_RTC.o)
                0x00016b44                CLK_RTC_Write
 .text.MOSI_RTC_Write
                0x00016b80       0x3c .\CortexM3\ARM_GCC_541\Release\Generic.a(MOSI_RTC.o)
                0x00016b80                MOSI_RTC_Write
 .text.MISO_RTC_Read
                0x00016bbc       0x20 .\CortexM3\ARM_GCC_541\Release\Generic.a(MISO_RTC.o)
                0x00016bbc                MISO_RTC_Read
 .text.SPI_IMU_Init
                0x00016bdc       0x34 .\CortexM3\ARM_GCC_541\Release\Generic.a(SPI_IMU.o)
                0x00016bdc                SPI_IMU_Init
 .text.SPI_IMU_Enable
                0x00016c10       0x64 .\CortexM3\ARM_GCC_541\Release\Generic.a(SPI_IMU.o)
                0x00016c10                SPI_IMU_Enable
 .text.SPI_IMU_Start
                0x00016c74       0x24 .\CortexM3\ARM_GCC_541\Release\Generic.a(SPI_IMU.o)
                0x00016c74                SPI_IMU_Start
 .text.SPI_IMU_EnableTxInt
                0x00016c98        0xc .\CortexM3\ARM_GCC_541\Release\Generic.a(SPI_IMU.o)
                0x00016c98                SPI_IMU_EnableTxInt
 .text.SPI_IMU_EnableRxInt
                0x00016ca4        0xc .\CortexM3\ARM_GCC_541\Release\Generic.a(SPI_IMU.o)
                0x00016ca4                SPI_IMU_EnableRxInt
 .text.SPI_IMU_ReadTxStatus
                0x00016cb0       0x1c .\CortexM3\ARM_GCC_541\Release\Generic.a(SPI_IMU.o)
                0x00016cb0                SPI_IMU_ReadTxStatus
 .text.SPI_IMU_ReadRxStatus
                0x00016ccc       0x1c .\CortexM3\ARM_GCC_541\Release\Generic.a(SPI_IMU.o)
                0x00016ccc                SPI_IMU_ReadRxStatus
 .text.SPI_IMU_WriteTxData
                0x00016ce8       0x34 .\CortexM3\ARM_GCC_541\Release\Generic.a(SPI_IMU.o)
                0x00016ce8                SPI_IMU_WriteTxData
 .text.SPI_IMU_ReadRxData
                0x00016d1c       0x1c .\CortexM3\ARM_GCC_541\Release\Generic.a(SPI_IMU.o)
                0x00016d1c                SPI_IMU_ReadRxData
 .text.SPI_IMU_ClearRxBuffer
                0x00016d38       0x28 .\CortexM3\ARM_GCC_541\Release\Generic.a(SPI_IMU.o)
                0x00016d38                SPI_IMU_ClearRxBuffer
 .text.SPI_IMU_ClearTxBuffer
                0x00016d60       0x44 .\CortexM3\ARM_GCC_541\Release\Generic.a(SPI_IMU.o)
                0x00016d60                SPI_IMU_ClearTxBuffer
 .text.SPI_IMU_ClearFIFO
                0x00016da4       0x60 .\CortexM3\ARM_GCC_541\Release\Generic.a(SPI_IMU.o)
                0x00016da4                SPI_IMU_ClearFIFO
 .text.SPI_IMU_ReadStatus
                0x00016e04       0x34 .\CortexM3\ARM_GCC_541\Release\Generic.a(SPI_IMU.o)
                0x00016e04                SPI_IMU_ReadStatus
 .text.MOTOR_DIR_2_Write
                0x00016e38       0x20 .\CortexM3\ARM_GCC_541\Release\Generic.a(MOTOR_DIR_2.o)
                0x00016e38                MOTOR_DIR_2_Write
 .text.BLINK_05HZ_Start
                0x00016e58       0x24 .\CortexM3\ARM_GCC_541\Release\Generic.a(BLINK_05HZ.o)
                0x00016e58                BLINK_05HZ_Start
 .text.BLINK_05HZ_Init
                0x00016e7c       0x6c .\CortexM3\ARM_GCC_541\Release\Generic.a(BLINK_05HZ.o)
                0x00016e7c                BLINK_05HZ_Init
 .text.BLINK_05HZ_Enable
                0x00016ee8       0x20 .\CortexM3\ARM_GCC_541\Release\Generic.a(BLINK_05HZ.o)
                0x00016ee8                BLINK_05HZ_Enable
 .text.BLINK_05HZ_WriteCounter
                0x00016f08       0x20 .\CortexM3\ARM_GCC_541\Release\Generic.a(BLINK_05HZ.o)
                0x00016f08                BLINK_05HZ_WriteCounter
 .text.BLINK_05HZ_WritePeriod
                0x00016f28       0x20 .\CortexM3\ARM_GCC_541\Release\Generic.a(BLINK_05HZ.o)
                0x00016f28                BLINK_05HZ_WritePeriod
 .text.BLINK_05HZ_WriteCompare
                0x00016f48       0x20 .\CortexM3\ARM_GCC_541\Release\Generic.a(BLINK_05HZ.o)
                0x00016f48                BLINK_05HZ_WriteCompare
 .text.LED_CTRL_Write
                0x00016f68       0x20 .\CortexM3\ARM_GCC_541\Release\Generic.a(LED_CTRL.o)
                0x00016f68                LED_CTRL_Write
 .text.BLINK_CTRL_EN_Write
                0x00016f88       0x20 .\CortexM3\ARM_GCC_541\Release\Generic.a(BLINK_CTRL_EN.o)
                0x00016f88                BLINK_CTRL_EN_Write
 .text.BLINK_25HZ_Start
                0x00016fa8       0x24 .\CortexM3\ARM_GCC_541\Release\Generic.a(BLINK_25HZ.o)
                0x00016fa8                BLINK_25HZ_Start
 .text.BLINK_25HZ_Init
                0x00016fcc       0x50 .\CortexM3\ARM_GCC_541\Release\Generic.a(BLINK_25HZ.o)
                0x00016fcc                BLINK_25HZ_Init
 .text.BLINK_25HZ_Enable
                0x0001701c       0x20 .\CortexM3\ARM_GCC_541\Release\Generic.a(BLINK_25HZ.o)
                0x0001701c                BLINK_25HZ_Enable
 .text.BLINK_25HZ_WriteCounter
                0x0001703c       0x20 .\CortexM3\ARM_GCC_541\Release\Generic.a(BLINK_25HZ.o)
                0x0001703c                BLINK_25HZ_WriteCounter
 .text.BLINK_25HZ_WritePeriod
                0x0001705c       0x20 .\CortexM3\ARM_GCC_541\Release\Generic.a(BLINK_25HZ.o)
                0x0001705c                BLINK_25HZ_WritePeriod
 .text.BLINK_25HZ_WriteCompare
                0x0001707c       0x20 .\CortexM3\ARM_GCC_541\Release\Generic.a(BLINK_25HZ.o)
                0x0001707c                BLINK_25HZ_WriteCompare
 .text.ADC_SOC_Write
                0x0001709c       0x20 .\CortexM3\ARM_GCC_541\Release\Generic.a(ADC_SOC.o)
                0x0001709c                ADC_SOC_Write
 .text.DMA_DmaInitialize
                0x000170bc       0x64 .\CortexM3\ARM_GCC_541\Release\Generic.a(DMA_dma.o)
                0x000170bc                DMA_DmaInitialize
 .text.ADC_STATUS_Read
                0x00017120       0x18 .\CortexM3\ARM_GCC_541\Release\Generic.a(ADC_STATUS.o)
                0x00017120                ADC_STATUS_Read
 .text.ADC_Init
                0x00017138      0x11c .\CortexM3\ARM_GCC_541\Release\Generic.a(ADC.o)
                0x00017138                ADC_Init
 .text.ADC_Enable
                0x00017254      0x158 .\CortexM3\ARM_GCC_541\Release\Generic.a(ADC.o)
                0x00017254                ADC_Enable
 .text.ADC_Start
                0x000173ac       0x30 .\CortexM3\ARM_GCC_541\Release\Generic.a(ADC.o)
                0x000173ac                ADC_Start
 .text.ADC_InitConfig
                0x000173dc      0x164 .\CortexM3\ARM_GCC_541\Release\Generic.a(ADC.o)
 .text.ADC_GainCompensation
                0x00017540      0x16c .\CortexM3\ARM_GCC_541\Release\Generic.a(ADC.o)
 .text.ADC_SetDSMRef0Reg
                0x000176ac       0x7c .\CortexM3\ARM_GCC_541\Release\Generic.a(ADC.o)
 .text.ADC_ISR1
                0x00017728        0xc .\CortexM3\ARM_GCC_541\Release\Generic.a(ADC_INT.o)
                0x00017728                ADC_ISR1
 .text.MOTOR_ON_OFF_1_Write
                0x00017734       0x20 .\CortexM3\ARM_GCC_541\Release\Generic.a(MOTOR_ON_OFF_1.o)
                0x00017734                MOTOR_ON_OFF_1_Write
 .text.ADC_N_CHANNELS_USED_Write
                0x00017754       0x20 .\CortexM3\ARM_GCC_541\Release\Generic.a(ADC_N_CHANNELS_USED.o)
                0x00017754                ADC_N_CHANNELS_USED_Write
 .text.COUNTER_ENC_Init
                0x00017774       0x7c .\CortexM3\ARM_GCC_541\Release\Generic.a(COUNTER_ENC.o)
                0x00017774                COUNTER_ENC_Init
 .text.COUNTER_ENC_Enable
                0x000177f0       0x20 .\CortexM3\ARM_GCC_541\Release\Generic.a(COUNTER_ENC.o)
                0x000177f0                COUNTER_ENC_Enable
 .text.COUNTER_ENC_Start
                0x00017810       0x24 .\CortexM3\ARM_GCC_541\Release\Generic.a(COUNTER_ENC.o)
                0x00017810                COUNTER_ENC_Start
 .text.COUNTER_ENC_SetInterruptMode
                0x00017834       0x20 .\CortexM3\ARM_GCC_541\Release\Generic.a(COUNTER_ENC.o)
                0x00017834                COUNTER_ENC_SetInterruptMode
 .text.COUNTER_ENC_ReadStatusRegister
                0x00017854       0x18 .\CortexM3\ARM_GCC_541\Release\Generic.a(COUNTER_ENC.o)
                0x00017854                COUNTER_ENC_ReadStatusRegister
 .text.COUNTER_ENC_WriteCounter
                0x0001786c       0x20 .\CortexM3\ARM_GCC_541\Release\Generic.a(COUNTER_ENC.o)
                0x0001786c                COUNTER_ENC_WriteCounter
 .text.COUNTER_ENC_ReadCapture
                0x0001788c       0x18 .\CortexM3\ARM_GCC_541\Release\Generic.a(COUNTER_ENC.o)
                0x0001788c                COUNTER_ENC_ReadCapture
 .text.COUNTER_ENC_WritePeriod
                0x000178a4       0x20 .\CortexM3\ARM_GCC_541\Release\Generic.a(COUNTER_ENC.o)
                0x000178a4                COUNTER_ENC_WritePeriod
 .text.COUNTER_ENC_WriteCompare
                0x000178c4       0x20 .\CortexM3\ARM_GCC_541\Release\Generic.a(COUNTER_ENC.o)
                0x000178c4                COUNTER_ENC_WriteCompare
 .text.COUNTER_ENC_ClearFIFO
                0x000178e4       0x1c .\CortexM3\ARM_GCC_541\Release\Generic.a(COUNTER_ENC.o)
                0x000178e4                COUNTER_ENC_ClearFIFO
 .text.SHIFTREG_ENC_3_Start
                0x00017900       0x24 .\CortexM3\ARM_GCC_541\Release\Generic.a(SHIFTREG_ENC_3.o)
                0x00017900                SHIFTREG_ENC_3_Start
 .text.SHIFTREG_ENC_3_Enable
                0x00017924       0x20 .\CortexM3\ARM_GCC_541\Release\Generic.a(SHIFTREG_ENC_3.o)
                0x00017924                SHIFTREG_ENC_3_Enable
 .text.SHIFTREG_ENC_3_Init
                0x00017944       0x10 .\CortexM3\ARM_GCC_541\Release\Generic.a(SHIFTREG_ENC_3.o)
                0x00017944                SHIFTREG_ENC_3_Init
 .text.SHIFTREG_ENC_3_EnableInt
                0x00017954       0x34 .\CortexM3\ARM_GCC_541\Release\Generic.a(SHIFTREG_ENC_3.o)
                0x00017954                SHIFTREG_ENC_3_EnableInt
 .text.SHIFTREG_ENC_3_SetIntMode
                0x00017988       0x40 .\CortexM3\ARM_GCC_541\Release\Generic.a(SHIFTREG_ENC_3.o)
                0x00017988                SHIFTREG_ENC_3_SetIntMode
 .text.SHIFTREG_ENC_3_ReadData
                0x000179c8       0x14 .\CortexM3\ARM_GCC_541\Release\Generic.a(SHIFTREG_ENC_3.o)
                0x000179c8                SHIFTREG_ENC_3_ReadData
 .text.SHIFTREG_ENC_2_Start
                0x000179dc       0x24 .\CortexM3\ARM_GCC_541\Release\Generic.a(SHIFTREG_ENC_2.o)
                0x000179dc                SHIFTREG_ENC_2_Start
 .text.SHIFTREG_ENC_2_Enable
                0x00017a00       0x20 .\CortexM3\ARM_GCC_541\Release\Generic.a(SHIFTREG_ENC_2.o)
                0x00017a00                SHIFTREG_ENC_2_Enable
 .text.SHIFTREG_ENC_2_Init
                0x00017a20       0x10 .\CortexM3\ARM_GCC_541\Release\Generic.a(SHIFTREG_ENC_2.o)
                0x00017a20                SHIFTREG_ENC_2_Init
 .text.SHIFTREG_ENC_2_EnableInt
                0x00017a30       0x34 .\CortexM3\ARM_GCC_541\Release\Generic.a(SHIFTREG_ENC_2.o)
                0x00017a30                SHIFTREG_ENC_2_EnableInt
 .text.SHIFTREG_ENC_2_SetIntMode
                0x00017a64       0x40 .\CortexM3\ARM_GCC_541\Release\Generic.a(SHIFTREG_ENC_2.o)
                0x00017a64                SHIFTREG_ENC_2_SetIntMode
 .text.SHIFTREG_ENC_2_ReadData
                0x00017aa4       0x14 .\CortexM3\ARM_GCC_541\Release\Generic.a(SHIFTREG_ENC_2.o)
                0x00017aa4                SHIFTREG_ENC_2_ReadData
 .text.SHIFTREG_ENC_1_Start
                0x00017ab8       0x24 .\CortexM3\ARM_GCC_541\Release\Generic.a(SHIFTREG_ENC_1.o)
                0x00017ab8                SHIFTREG_ENC_1_Start
 .text.SHIFTREG_ENC_1_Enable
                0x00017adc       0x20 .\CortexM3\ARM_GCC_541\Release\Generic.a(SHIFTREG_ENC_1.o)
                0x00017adc                SHIFTREG_ENC_1_Enable
 .text.SHIFTREG_ENC_1_Init
                0x00017afc       0x10 .\CortexM3\ARM_GCC_541\Release\Generic.a(SHIFTREG_ENC_1.o)
                0x00017afc                SHIFTREG_ENC_1_Init
 .text.SHIFTREG_ENC_1_EnableInt
                0x00017b0c       0x34 .\CortexM3\ARM_GCC_541\Release\Generic.a(SHIFTREG_ENC_1.o)
                0x00017b0c                SHIFTREG_ENC_1_EnableInt
 .text.SHIFTREG_ENC_1_SetIntMode
                0x00017b40       0x40 .\CortexM3\ARM_GCC_541\Release\Generic.a(SHIFTREG_ENC_1.o)
                0x00017b40                SHIFTREG_ENC_1_SetIntMode
 .text.SHIFTREG_ENC_1_ReadData
                0x00017b80       0x14 .\CortexM3\ARM_GCC_541\Release\Generic.a(SHIFTREG_ENC_1.o)
                0x00017b80                SHIFTREG_ENC_1_ReadData
 .text.RESET_COUNTERS_Write
                0x00017b94       0x20 .\CortexM3\ARM_GCC_541\Release\Generic.a(RESET_COUNTERS.o)
                0x00017b94                RESET_COUNTERS_Write
 .text.Chip_Select_ENCODER_LINE_Write
                0x00017bb4       0x20 .\CortexM3\ARM_GCC_541\Release\Generic.a(Chip_Select_ENCODER_LINE.o)
                0x00017bb4                Chip_Select_ENCODER_LINE_Write
 .text.Chip_Select_ENCODER_LINE_Read
                0x00017bd4       0x18 .\CortexM3\ARM_GCC_541\Release\Generic.a(Chip_Select_ENCODER_LINE.o)
                0x00017bd4                Chip_Select_ENCODER_LINE_Read
 .text.MY_TIMER_REG_Write
                0x00017bec       0x20 .\CortexM3\ARM_GCC_541\Release\Generic.a(MY_TIMER_REG.o)
                0x00017bec                MY_TIMER_REG_Write
 .text.MOTOR_DRIVER_TYPE_Write
                0x00017c0c       0x20 .\CortexM3\ARM_GCC_541\Release\Generic.a(MOTOR_DRIVER_TYPE.o)
                0x00017c0c                MOTOR_DRIVER_TYPE_Write
 .text.MOTOR_ON_OFF_2_Write
                0x00017c2c       0x20 .\CortexM3\ARM_GCC_541\Release\Generic.a(MOTOR_ON_OFF_2.o)
                0x00017c2c                MOTOR_ON_OFF_2_Write
 .text.ADC_AMux_Start
                0x00017c4c       0x34 .\CortexM3\ARM_GCC_541\Release\Generic.a(ADC_AMux.o)
                0x00017c4c                ADC_AMux_Start
 .text.ADC_AMux_Select
                0x00017c80       0x28 .\CortexM3\ARM_GCC_541\Release\Generic.a(ADC_AMux.o)
                0x00017c80                ADC_AMux_Select
 .text.ADC_Ext_CP_Clk_SetDividerRegister
                0x00017ca8      0x164 .\CortexM3\ARM_GCC_541\Release\Generic.a(ADC_Ext_CP_Clk.o)
                0x00017ca8                ADC_Ext_CP_Clk_SetDividerRegister
 .text.ADC_Ext_CP_Clk_GetDividerRegister
                0x00017e0c       0x18 .\CortexM3\ARM_GCC_541\Release\Generic.a(ADC_Ext_CP_Clk.o)
                0x00017e0c                ADC_Ext_CP_Clk_GetDividerRegister
 .text.ADC_Ext_CP_Clk_SetModeRegister
                0x00017e24       0x34 .\CortexM3\ARM_GCC_541\Release\Generic.a(ADC_Ext_CP_Clk.o)
                0x00017e24                ADC_Ext_CP_Clk_SetModeRegister
 .text.ADC_Ext_CP_Clk_GetSourceRegister
                0x00017e58       0x1c .\CortexM3\ARM_GCC_541\Release\Generic.a(ADC_Ext_CP_Clk.o)
                0x00017e58                ADC_Ext_CP_Clk_GetSourceRegister
 .text.ADC_theACLK_SetDividerRegister
                0x00017e74      0x164 .\CortexM3\ARM_GCC_541\Release\Generic.a(ADC_theACLK.o)
                0x00017e74                ADC_theACLK_SetDividerRegister
 .text.ADC_theACLK_GetDividerRegister
                0x00017fd8       0x18 .\CortexM3\ARM_GCC_541\Release\Generic.a(ADC_theACLK.o)
                0x00017fd8                ADC_theACLK_GetDividerRegister
 .text.ADC_theACLK_SetModeRegister
                0x00017ff0       0x34 .\CortexM3\ARM_GCC_541\Release\Generic.a(ADC_theACLK.o)
                0x00017ff0                ADC_theACLK_SetModeRegister
 .text.ADC_theACLK_GetSourceRegister
                0x00018024       0x1c .\CortexM3\ARM_GCC_541\Release\Generic.a(ADC_theACLK.o)
                0x00018024                ADC_theACLK_GetSourceRegister
 .text.CyDmacConfigure
                0x00018040       0x5c .\CortexM3\ARM_GCC_541\Release\Generic.a(CyDmac.o)
                0x00018040                CyDmacConfigure
 .text.CyDmaChEnable
                0x0001809c       0x8c .\CortexM3\ARM_GCC_541\Release\Generic.a(CyDmac.o)
                0x0001809c                CyDmaChEnable
 .text.CyDmaChPriority
                0x00018128       0x64 .\CortexM3\ARM_GCC_541\Release\Generic.a(CyDmac.o)
                0x00018128                CyDmaChPriority
 .text.CyDmaChSetExtendedAddress
                0x0001818c       0x78 .\CortexM3\ARM_GCC_541\Release\Generic.a(CyDmac.o)
                0x0001818c                CyDmaChSetExtendedAddress
 .text.CyDmaChSetInitialTd
                0x00018204       0x3c .\CortexM3\ARM_GCC_541\Release\Generic.a(CyDmac.o)
                0x00018204                CyDmaChSetInitialTd
 .text.CyDmaChSetConfiguration
                0x00018240       0xa0 .\CortexM3\ARM_GCC_541\Release\Generic.a(CyDmac.o)
                0x00018240                CyDmaChSetConfiguration
 .text.CyDmaTdAllocate
                0x000182e0       0x5c .\CortexM3\ARM_GCC_541\Release\Generic.a(CyDmac.o)
                0x000182e0                CyDmaTdAllocate
 .text.CyDmaTdSetConfiguration
                0x0001833c       0x80 .\CortexM3\ARM_GCC_541\Release\Generic.a(CyDmac.o)
                0x0001833c                CyDmaTdSetConfiguration
 .text.CyDmaTdSetAddress
                0x000183bc       0x5c .\CortexM3\ARM_GCC_541\Release\Generic.a(CyDmac.o)
                0x000183bc                CyDmaTdSetAddress
 .text.CySetTempInt
                0x00018418       0x7c .\CortexM3\ARM_GCC_541\Release\Generic.a(CyFlash.o)
 .text.CyFlashGetSpcAlgorithm
                0x00018494       0x70 .\CortexM3\ARM_GCC_541\Release\Generic.a(CyFlash.o)
                0x00018494                CyFlashGetSpcAlgorithm
 .text.CySetTemp
                0x00018504       0x24 .\CortexM3\ARM_GCC_541\Release\Generic.a(CyFlash.o)
                0x00018504                CySetTemp
 .text.CyEEPROM_Start
                0x00018528       0x8c .\CortexM3\ARM_GCC_541\Release\Generic.a(CyFlash.o)
                0x00018528                CyEEPROM_Start
 .text.CySoftwareReset
                0x000185b4       0x20 .\CortexM3\ARM_GCC_541\Release\Generic.a(CyLib.o)
                0x000185b4                CySoftwareReset
 .text.CyDelay  0x000185d4       0x44 .\CortexM3\ARM_GCC_541\Release\Generic.a(CyLib.o)
                0x000185d4                CyDelay
 .text.CyDelayUs
                0x00018618       0x28 .\CortexM3\ARM_GCC_541\Release\Generic.a(CyLib.o)
                0x00018618                CyDelayUs
 .text.CyIntSetVector
                0x00018640       0x48 .\CortexM3\ARM_GCC_541\Release\Generic.a(CyLib.o)
                0x00018640                CyIntSetVector
 .text.CyIntSetPriority
                0x00018688       0x30 .\CortexM3\ARM_GCC_541\Release\Generic.a(CyLib.o)
                0x00018688                CyIntSetPriority
 .text.CySpcStart
                0x000186b8       0x48 .\CortexM3\ARM_GCC_541\Release\Generic.a(CySpc.o)
                0x000186b8                CySpcStart
 .text.CySpcReadData
                0x00018700       0x54 .\CortexM3\ARM_GCC_541\Release\Generic.a(CySpc.o)
                0x00018700                CySpcReadData
 .text.CySpcLoadRow
                0x00018754       0x88 .\CortexM3\ARM_GCC_541\Release\Generic.a(CySpc.o)
                0x00018754                CySpcLoadRow
 .text.CySpcWriteRow
                0x000187dc       0x98 .\CortexM3\ARM_GCC_541\Release\Generic.a(CySpc.o)
                0x000187dc                CySpcWriteRow
 .text.CySpcGetTemp
                0x00018874       0x64 .\CortexM3\ARM_GCC_541\Release\Generic.a(CySpc.o)
                0x00018874                CySpcGetTemp
 .text.CySpcLock
                0x000188d8       0x68 .\CortexM3\ARM_GCC_541\Release\Generic.a(CySpc.o)
                0x000188d8                CySpcLock
 .text.CySpcUnlock
                0x00018940       0x50 .\CortexM3\ARM_GCC_541\Release\Generic.a(CySpc.o)
                0x00018940                CySpcUnlock
 .text.CySpcGetAlgorithm
                0x00018990       0x44 .\CortexM3\ARM_GCC_541\Release\Generic.a(CySpc.o)
                0x00018990                CySpcGetAlgorithm
 *fill*         0x000189d4        0x4 
 .text          0x000189d8       0x20 .\CortexM3\ARM_GCC_541\Release\Generic.a(CyBootAsmGnu.o)
                0x000189d8                CyDelayCycles
                0x000189e8                CyEnterCriticalSection
                0x000189f0                CyExitCriticalSection
 .text._CopyString
                0x000189f8       0x1c ..\src\emFile_V322c\LinkLibrary\PSoC5\GCC\libemf16noslfn.a(FAT_LFN.o)
 .text._CalcNumChar
                0x00018a14       0x1e ..\src\emFile_V322c\LinkLibrary\PSoC5\GCC\libemf16noslfn.a(FAT_LFN.o)
 .text._WriteName
                0x00018a32       0x32 ..\src\emFile_V322c\LinkLibrary\PSoC5\GCC\libemf16noslfn.a(FAT_LFN.o)
 .text._ToUpper
                0x00018a64       0x10 ..\src\emFile_V322c\LinkLibrary\PSoC5\GCC\libemf16noslfn.a(FAT_LFN.o)
 .text._CompareChar
                0x00018a74       0x44 ..\src\emFile_V322c\LinkLibrary\PSoC5\GCC\libemf16noslfn.a(FAT_LFN.o)
 .text._CalcCheckSum
                0x00018ab8       0x24 ..\src\emFile_V322c\LinkLibrary\PSoC5\GCC\libemf16noslfn.a(FAT_LFN.o)
 .text._SetDirPosIndex
                0x00018adc        0x8 ..\src\emFile_V322c\LinkLibrary\PSoC5\GCC\libemf16noslfn.a(FAT_LFN.o)
 .text.FS_FAT_SupportLFN
                0x00018ae4       0x10 ..\src\emFile_V322c\LinkLibrary\PSoC5\GCC\libemf16noslfn.a(FAT_LFN.o)
                0x00018ae4                FS_FAT_SupportLFN
 .text._LFN_DelLongEntry
                0x00018af4       0x5e ..\src\emFile_V322c\LinkLibrary\PSoC5\GCC\libemf16noslfn.a(FAT_LFN.o)
 .text._CorrectTrail
                0x00018b52       0x28 ..\src\emFile_V322c\LinkLibrary\PSoC5\GCC\libemf16noslfn.a(FAT_LFN.o)
 .text._CalcNumLongEntries
                0x00018b7a       0x16 ..\src\emFile_V322c\LinkLibrary\PSoC5\GCC\libemf16noslfn.a(FAT_LFN.o)
 .text._ComputeLongDirEntry
                0x00018b90       0x88 ..\src\emFile_V322c\LinkLibrary\PSoC5\GCC\libemf16noslfn.a(FAT_LFN.o)
 .text._LFN_FindDirEntry
                0x00018c18      0x146 ..\src\emFile_V322c\LinkLibrary\PSoC5\GCC\libemf16noslfn.a(FAT_LFN.o)
 .text._GenerateShortEntry
                0x00018d5e       0xce ..\src\emFile_V322c\LinkLibrary\PSoC5\GCC\libemf16noslfn.a(FAT_LFN.o)
 .text._LFN_ReadDirEntryInfo
                0x00018e2c      0x1c6 ..\src\emFile_V322c\LinkLibrary\PSoC5\GCC\libemf16noslfn.a(FAT_LFN.o)
 .text._LFN_CreateDirEntry
                0x00018ff2      0x2a4 ..\src\emFile_V322c\LinkLibrary\PSoC5\GCC\libemf16noslfn.a(FAT_LFN.o)
 .text._ClusterId2FATOff
                0x00019296       0x18 ..\src\emFile_V322c\LinkLibrary\PSoC5\GCC\libemf16noslfn.a(FAT_Misc.o)
 .text._CalcLogClusterPos
                0x000192ae        0xe ..\src\emFile_V322c\LinkLibrary\PSoC5\GCC\libemf16noslfn.a(FAT_Misc.o)
 .text._ReadFromFreeClusterCache
                0x000192bc       0x46 ..\src\emFile_V322c\LinkLibrary\PSoC5\GCC\libemf16noslfn.a(FAT_Misc.o)
 .text.FS_FAT_GetFATType
                0x00019302       0x1a ..\src\emFile_V322c\LinkLibrary\PSoC5\GCC\libemf16noslfn.a(FAT_Misc.o)
                0x00019302                FS_FAT_GetFATType
 .text.FS_FAT_ClusterId2SectorNo
                0x0001931c        0xc ..\src\emFile_V322c\LinkLibrary\PSoC5\GCC\libemf16noslfn.a(FAT_Misc.o)
                0x0001931c                FS_FAT_ClusterId2SectorNo
 .text.FS_FAT_IsValidShortNameChar
                0x00019328       0x34 ..\src\emFile_V322c\LinkLibrary\PSoC5\GCC\libemf16noslfn.a(FAT_Misc.o)
                0x00019328                FS_FAT_IsValidShortNameChar
 .text.FS_FAT_CopyShortName
                0x0001935c       0x56 ..\src\emFile_V322c\LinkLibrary\PSoC5\GCC\libemf16noslfn.a(FAT_Misc.o)
                0x0001935c                FS_FAT_CopyShortName
 .text._SFN_CreateDirEntry
                0x000193b2       0x5a ..\src\emFile_V322c\LinkLibrary\PSoC5\GCC\libemf16noslfn.a(FAT_Misc.o)
 .text._SFN_FindDirEntry
                0x0001940c       0x10 ..\src\emFile_V322c\LinkLibrary\PSoC5\GCC\libemf16noslfn.a(FAT_Misc.o)
 .text.FS_FAT_FindDirEntry
                0x0001941c       0x60 ..\src\emFile_V322c\LinkLibrary\PSoC5\GCC\libemf16noslfn.a(FAT_Misc.o)
                0x0001941c                FS_FAT_FindDirEntry
 .text.FS_FAT_CopyDirEntryInfo
                0x0001947c       0x50 ..\src\emFile_V322c\LinkLibrary\PSoC5\GCC\libemf16noslfn.a(FAT_Misc.o)
                0x0001947c                FS_FAT_CopyDirEntryInfo
 .text._SFN_ReadDirEntryInfo
                0x000194cc       0x6e ..\src\emFile_V322c\LinkLibrary\PSoC5\GCC\libemf16noslfn.a(FAT_Misc.o)
 .text._SetFATSector
                0x0001953a        0x6 ..\src\emFile_V322c\LinkLibrary\PSoC5\GCC\libemf16noslfn.a(FAT_Misc.o)
 .text._WriteFATEntry
                0x00019540      0x152 ..\src\emFile_V322c\LinkLibrary\PSoC5\GCC\libemf16noslfn.a(FAT_Misc.o)
 .text.FS_FAT_MarkClusterEOC
                0x00019692        0x8 ..\src\emFile_V322c\LinkLibrary\PSoC5\GCC\libemf16noslfn.a(FAT_Misc.o)
                0x00019692                FS_FAT_MarkClusterEOC
 .text.FS_FAT_SyncFAT
                0x0001969a       0x3c ..\src\emFile_V322c\LinkLibrary\PSoC5\GCC\libemf16noslfn.a(FAT_Misc.o)
                0x0001969a                FS_FAT_SyncFAT
 .text.FS_FAT_LinkCluster
                0x000196d6       0x1c ..\src\emFile_V322c\LinkLibrary\PSoC5\GCC\libemf16noslfn.a(FAT_Misc.o)
                0x000196d6                FS_FAT_LinkCluster
 .text.FS_FAT_ReadFATEntry
                0x000196f2       0xb2 ..\src\emFile_V322c\LinkLibrary\PSoC5\GCC\libemf16noslfn.a(FAT_Misc.o)
                0x000196f2                FS_FAT_ReadFATEntry
 .text.FS_FAT_GetNumAdjClustersInChain
                0x000197a4       0x64 ..\src\emFile_V322c\LinkLibrary\PSoC5\GCC\libemf16noslfn.a(FAT_Misc.o)
                0x000197a4                FS_FAT_GetNumAdjClustersInChain
 .text.FS_FAT_WalkClusterEx
                0x00019808       0x5c ..\src\emFile_V322c\LinkLibrary\PSoC5\GCC\libemf16noslfn.a(FAT_Misc.o)
                0x00019808                FS_FAT_WalkClusterEx
 .text.FS_FAT_GotoCluster
                0x00019864       0x88 ..\src\emFile_V322c\LinkLibrary\PSoC5\GCC\libemf16noslfn.a(FAT_Misc.o)
                0x00019864                FS_FAT_GotoCluster
 .text.FS_FAT_WalkCluster
                0x000198ec       0x18 ..\src\emFile_V322c\LinkLibrary\PSoC5\GCC\libemf16noslfn.a(FAT_Misc.o)
                0x000198ec                FS_FAT_WalkCluster
 .text.FS_FAT_FindLastCluster
                0x00019904       0x34 ..\src\emFile_V322c\LinkLibrary\PSoC5\GCC\libemf16noslfn.a(FAT_Misc.o)
                0x00019904                FS_FAT_FindLastCluster
 .text._CalcFreeClusterCnt
                0x00019938       0x88 ..\src\emFile_V322c\LinkLibrary\PSoC5\GCC\libemf16noslfn.a(FAT_Misc.o)
 .text.FS_FAT_FindFreeCluster
                0x000199c0       0xa8 ..\src\emFile_V322c\LinkLibrary\PSoC5\GCC\libemf16noslfn.a(FAT_Misc.o)
                0x000199c0                FS_FAT_FindFreeCluster
 .text.FS_FAT_AllocCluster
                0x00019a68       0x20 ..\src\emFile_V322c\LinkLibrary\PSoC5\GCC\libemf16noslfn.a(FAT_Misc.o)
                0x00019a68                FS_FAT_AllocCluster
 .text._WriteEmptyFATSectors
                0x00019a88       0x3c ..\src\emFile_V322c\LinkLibrary\PSoC5\GCC\libemf16noslfn.a(FAT_Misc.o)
 .text.FS_FAT_FreeClusterChain
                0x00019ac4       0xe0 ..\src\emFile_V322c\LinkLibrary\PSoC5\GCC\libemf16noslfn.a(FAT_Misc.o)
                0x00019ac4                FS_FAT_FreeClusterChain
 .text.FS_FAT_CheckBPB
                0x00019ba4      0x14c ..\src\emFile_V322c\LinkLibrary\PSoC5\GCC\libemf16noslfn.a(FAT_Misc.o)
                0x00019ba4                FS_FAT_CheckBPB
 .text.FS_FAT_InitDirEntryScan
                0x00019cf0       0x14 ..\src\emFile_V322c\LinkLibrary\PSoC5\GCC\libemf16noslfn.a(FAT_Open.o)
                0x00019cf0                FS_FAT_InitDirEntryScan
 .text.FS_FAT_IncDirPos
                0x00019d04        0x8 ..\src\emFile_V322c\LinkLibrary\PSoC5\GCC\libemf16noslfn.a(FAT_Open.o)
                0x00019d04                FS_FAT_IncDirPos
 .text._CopyDirText
                0x00019d0c       0x44 ..\src\emFile_V322c\LinkLibrary\PSoC5\GCC\libemf16noslfn.a(FAT_Open.o)
 .text.FS_FAT_Make83Name
                0x00019d50       0xb0 ..\src\emFile_V322c\LinkLibrary\PSoC5\GCC\libemf16noslfn.a(FAT_Open.o)
                0x00019d50                FS_FAT_Make83Name
 .text.FS_FAT_GetDirEntry
                0x00019e00       0xb2 ..\src\emFile_V322c\LinkLibrary\PSoC5\GCC\libemf16noslfn.a(FAT_Open.o)
                0x00019e00                FS_FAT_GetDirEntry
 .text.FS_FAT_FindDirEntryShortEx
                0x00019eb2       0x5a ..\src\emFile_V322c\LinkLibrary\PSoC5\GCC\libemf16noslfn.a(FAT_Open.o)
                0x00019eb2                FS_FAT_FindDirEntryShortEx
 .text.FS_FAT_FindDirEntryShort
                0x00019f0c       0x36 ..\src\emFile_V322c\LinkLibrary\PSoC5\GCC\libemf16noslfn.a(FAT_Open.o)
                0x00019f0c                FS_FAT_FindDirEntryShort
 .text.FS_FAT_FindEmptyDirEntry
                0x00019f42       0xb0 ..\src\emFile_V322c\LinkLibrary\PSoC5\GCC\libemf16noslfn.a(FAT_Open.o)
                0x00019f42                FS_FAT_FindEmptyDirEntry
 .text.FS_FAT_GetFirstCluster
                0x00019ff2       0x1a ..\src\emFile_V322c\LinkLibrary\PSoC5\GCC\libemf16noslfn.a(FAT_Open.o)
                0x00019ff2                FS_FAT_GetFirstCluster
 .text.FS_FAT_FindPath
                0x0001a00c       0x7a ..\src\emFile_V322c\LinkLibrary\PSoC5\GCC\libemf16noslfn.a(FAT_Open.o)
                0x0001a00c                FS_FAT_FindPath
 .text.FS_FAT_DeleteFileOrDir
                0x0001a086       0x48 ..\src\emFile_V322c\LinkLibrary\PSoC5\GCC\libemf16noslfn.a(FAT_Open.o)
                0x0001a086                FS_FAT_DeleteFileOrDir
 *fill*         0x0001a0ce        0x2 
 .text.FS_FAT_Open
                0x0001a0d0      0x1dc ..\src\emFile_V322c\LinkLibrary\PSoC5\GCC\libemf16noslfn.a(FAT_Open.o)
                0x0001a0d0                FS_FAT_Open
 .text.FS_FAT_WriteDirEntryCluster
                0x0001a2ac       0x1c ..\src\emFile_V322c\LinkLibrary\PSoC5\GCC\libemf16noslfn.a(FAT_Open.o)
                0x0001a2ac                FS_FAT_WriteDirEntryCluster
 .text.FS_FAT_WriteDirEntry83
                0x0001a2c8       0x6c ..\src\emFile_V322c\LinkLibrary\PSoC5\GCC\libemf16noslfn.a(FAT_Open.o)
                0x0001a2c8                FS_FAT_WriteDirEntry83
 .text._WriteBurst
                0x0001a334       0x24 ..\src\emFile_V322c\LinkLibrary\PSoC5\GCC\libemf16noslfn.a(FAT_Write.o)
 .text.FS_FAT_GotoClusterAllocIfReq
                0x0001a358       0xa8 ..\src\emFile_V322c\LinkLibrary\PSoC5\GCC\libemf16noslfn.a(FAT_Write.o)
                0x0001a358                FS_FAT_GotoClusterAllocIfReq
 .text.FS_FAT_UpdateDirEntry
                0x0001a400       0x68 ..\src\emFile_V322c\LinkLibrary\PSoC5\GCC\libemf16noslfn.a(FAT_Write.o)
                0x0001a400                FS_FAT_UpdateDirEntry
 .text.FS_FAT_Close
                0x0001a468       0x44 ..\src\emFile_V322c\LinkLibrary\PSoC5\GCC\libemf16noslfn.a(FAT_Write.o)
                0x0001a468                FS_FAT_Close
 .text.FS_FAT_Write
                0x0001a4ac      0x1c8 ..\src\emFile_V322c\LinkLibrary\PSoC5\GCC\libemf16noslfn.a(FAT_Write.o)
                0x0001a4ac                FS_FAT_Write
 .text.FS__CLIB_memcmp
                0x0001a674       0x20 ..\src\emFile_V322c\LinkLibrary\PSoC5\GCC\libemf16noslfn.a(FS_CLib.o)
                0x0001a674                FS__CLIB_memcmp
 .text.FS__CLIB_memset
                0x0001a694       0x6c ..\src\emFile_V322c\LinkLibrary\PSoC5\GCC\libemf16noslfn.a(FS_CLib.o)
                0x0001a694                FS__CLIB_memset
 .text.FS__CLIB_strcmp
                0x0001a700       0x1a ..\src\emFile_V322c\LinkLibrary\PSoC5\GCC\libemf16noslfn.a(FS_CLib.o)
                0x0001a700                FS__CLIB_strcmp
 .text.FS__CLIB_strlen
                0x0001a71a       0x10 ..\src\emFile_V322c\LinkLibrary\PSoC5\GCC\libemf16noslfn.a(FS_CLib.o)
                0x0001a71a                FS__CLIB_strlen
 .text.FS__CLIB_strncmp
                0x0001a72a       0x26 ..\src\emFile_V322c\LinkLibrary\PSoC5\GCC\libemf16noslfn.a(FS_CLib.o)
                0x0001a72a                FS__CLIB_strncmp
 .text.FS__CLIB_toupper
                0x0001a750        0xe ..\src\emFile_V322c\LinkLibrary\PSoC5\GCC\libemf16noslfn.a(FS_CLib.o)
                0x0001a750                FS__CLIB_toupper
 .text.FS__strchr
                0x0001a75e       0x14 ..\src\emFile_V322c\LinkLibrary\PSoC5\GCC\libemf16noslfn.a(FS_Core.o)
                0x0001a75e                FS__strchr
 .text.FS_LoadU32BE
                0x0001a772       0x18 ..\src\emFile_V322c\LinkLibrary\PSoC5\GCC\libemf16noslfn.a(FS_Core.o)
                0x0001a772                FS_LoadU32BE
 .text.FS_LoadU32LE
                0x0001a78a       0x16 ..\src\emFile_V322c\LinkLibrary\PSoC5\GCC\libemf16noslfn.a(FS_Core.o)
                0x0001a78a                FS_LoadU32LE
 .text.FS_StoreU32LE
                0x0001a7a0       0x14 ..\src\emFile_V322c\LinkLibrary\PSoC5\GCC\libemf16noslfn.a(FS_Core.o)
                0x0001a7a0                FS_StoreU32LE
 .text.FS_StoreU16LE
                0x0001a7b4        0x8 ..\src\emFile_V322c\LinkLibrary\PSoC5\GCC\libemf16noslfn.a(FS_Core.o)
                0x0001a7b4                FS_StoreU16LE
 .text.FS_LoadU16LE
                0x0001a7bc        0xa ..\src\emFile_V322c\LinkLibrary\PSoC5\GCC\libemf16noslfn.a(FS_Core.o)
                0x0001a7bc                FS_LoadU16LE
 *fill*         0x0001a7c6        0x2 
 .text._Alloc   0x0001a7c8       0x30 ..\src\emFile_V322c\LinkLibrary\PSoC5\GCC\libemf16noslfn.a(FS_Core.o)
 .text.FS_Alloc
                0x0001a7f8        0xc ..\src\emFile_V322c\LinkLibrary\PSoC5\GCC\libemf16noslfn.a(FS_Core.o)
                0x0001a7f8                FS_Alloc
 .text.FS_TryAlloc
                0x0001a804        0x4 ..\src\emFile_V322c\LinkLibrary\PSoC5\GCC\libemf16noslfn.a(FS_Core.o)
                0x0001a804                FS_TryAlloc
 .text.FS_Free  0x0001a808       0x1c ..\src\emFile_V322c\LinkLibrary\PSoC5\GCC\libemf16noslfn.a(FS_Core.o)
                0x0001a808                FS_Free
 .text.FS_AssignMemory
                0x0001a824        0xc ..\src\emFile_V322c\LinkLibrary\PSoC5\GCC\libemf16noslfn.a(FS_Core.o)
                0x0001a824                FS_AssignMemory
 .text.FS_AllocZeroed
                0x0001a830       0x16 ..\src\emFile_V322c\LinkLibrary\PSoC5\GCC\libemf16noslfn.a(FS_Core.o)
                0x0001a830                FS_AllocZeroed
 *fill*         0x0001a846        0x2 
 .text.FS_STORAGE_Init
                0x0001a848       0x28 ..\src\emFile_V322c\LinkLibrary\PSoC5\GCC\libemf16noslfn.a(FS_Core.o)
                0x0001a848                FS_STORAGE_Init
 .text.FS__MkDir
                0x0001a870       0x24 ..\src\emFile_V322c\LinkLibrary\PSoC5\GCC\libemf16noslfn.a(FS_Dir.o)
                0x0001a870                FS__MkDir
 .text.FS_MkDir
                0x0001a894        0x4 ..\src\emFile_V322c\LinkLibrary\PSoC5\GCC\libemf16noslfn.a(FS_Dir.o)
                0x0001a894                FS_MkDir
 .text._FreeDirHandle
                0x0001a898        0xa ..\src\emFile_V322c\LinkLibrary\PSoC5\GCC\libemf16noslfn.a(FS_DirOld.o)
 .text.FS__RewindDir
                0x0001a8a2        0xa ..\src\emFile_V322c\LinkLibrary\PSoC5\GCC\libemf16noslfn.a(FS_DirOld.o)
                0x0001a8a2                FS__RewindDir
 .text.FS__DirEnt2Attr
                0x0001a8ac        0xc ..\src\emFile_V322c\LinkLibrary\PSoC5\GCC\libemf16noslfn.a(FS_DirOld.o)
                0x0001a8ac                FS__DirEnt2Attr
 .text.FS__CloseDir
                0x0001a8b8       0x20 ..\src\emFile_V322c\LinkLibrary\PSoC5\GCC\libemf16noslfn.a(FS_DirOld.o)
                0x0001a8b8                FS__CloseDir
 .text.FS_CloseDir
                0x0001a8d8        0x4 ..\src\emFile_V322c\LinkLibrary\PSoC5\GCC\libemf16noslfn.a(FS_DirOld.o)
                0x0001a8d8                FS_CloseDir
 .text.FS__ReadDir
                0x0001a8dc       0x4c ..\src\emFile_V322c\LinkLibrary\PSoC5\GCC\libemf16noslfn.a(FS_DirOld.o)
                0x0001a8dc                FS__ReadDir
 .text.FS__OpenDir
                0x0001a928       0x48 ..\src\emFile_V322c\LinkLibrary\PSoC5\GCC\libemf16noslfn.a(FS_DirOld.o)
                0x0001a928                FS__OpenDir
 .text.FS_OpenDir
                0x0001a970        0x4 ..\src\emFile_V322c\LinkLibrary\PSoC5\GCC\libemf16noslfn.a(FS_DirOld.o)
                0x0001a970                FS_OpenDir
 .text.FS_FRead
                0x0001a974       0x1c ..\src\emFile_V322c\LinkLibrary\PSoC5\GCC\libemf16noslfn.a(FS_FRead.o)
                0x0001a974                FS_FRead
 .text.FS__GetNumFiles
                0x0001a990       0x56 ..\src\emFile_V322c\LinkLibrary\PSoC5\GCC\libemf16noslfn.a(FS_GetNumFiles.o)
                0x0001a990                FS__GetNumFiles
 .text.FS_GetNumFiles
                0x0001a9e6        0x4 ..\src\emFile_V322c\LinkLibrary\PSoC5\GCC\libemf16noslfn.a(FS_GetNumFiles.o)
                0x0001a9e6                FS_GetNumFiles
 .text._ClrBusyLED
                0x0001a9ea        0xc ..\src\emFile_V322c\LinkLibrary\PSoC5\GCC\libemf16noslfn.a(FS_LogBlock.o)
 .text._SetBusyLED
                0x0001a9f6        0xc ..\src\emFile_V322c\LinkLibrary\PSoC5\GCC\libemf16noslfn.a(FS_LogBlock.o)
 .text._Read    0x0001aa02        0xc ..\src\emFile_V322c\LinkLibrary\PSoC5\GCC\libemf16noslfn.a(FS_LogBlock.o)
 .text._Write   0x0001aa0e       0x12 ..\src\emFile_V322c\LinkLibrary\PSoC5\GCC\libemf16noslfn.a(FS_LogBlock.o)
 .text.FS_LB_GetStatus
                0x0001aa20        0xc ..\src\emFile_V322c\LinkLibrary\PSoC5\GCC\libemf16noslfn.a(FS_LogBlock.o)
                0x0001aa20                FS_LB_GetStatus
 .text.FS_LB_InitMedium
                0x0001aa2c       0x1a ..\src\emFile_V322c\LinkLibrary\PSoC5\GCC\libemf16noslfn.a(FS_LogBlock.o)
                0x0001aa2c                FS_LB_InitMedium
 .text.FS_LB_InitMediumIfRequired
                0x0001aa46       0x10 ..\src\emFile_V322c\LinkLibrary\PSoC5\GCC\libemf16noslfn.a(FS_LogBlock.o)
                0x0001aa46                FS_LB_InitMediumIfRequired
 .text.FS_LB_ReadDevice
                0x0001aa56       0x2e ..\src\emFile_V322c\LinkLibrary\PSoC5\GCC\libemf16noslfn.a(FS_LogBlock.o)
                0x0001aa56                FS_LB_ReadDevice
 .text.FS_LB_ReadPart
                0x0001aa84        0xe ..\src\emFile_V322c\LinkLibrary\PSoC5\GCC\libemf16noslfn.a(FS_LogBlock.o)
                0x0001aa84                FS_LB_ReadPart
 .text.FS_LB_ReadBurst
                0x0001aa92       0x38 ..\src\emFile_V322c\LinkLibrary\PSoC5\GCC\libemf16noslfn.a(FS_LogBlock.o)
                0x0001aa92                FS_LB_ReadBurst
 .text.FS_LB_ReadBurstPart
                0x0001aaca       0x14 ..\src\emFile_V322c\LinkLibrary\PSoC5\GCC\libemf16noslfn.a(FS_LogBlock.o)
                0x0001aaca                FS_LB_ReadBurstPart
 .text.FS_LB_WriteBurst
                0x0001aade       0x30 ..\src\emFile_V322c\LinkLibrary\PSoC5\GCC\libemf16noslfn.a(FS_LogBlock.o)
                0x0001aade                FS_LB_WriteBurst
 .text.FS_LB_WriteBurstPart
                0x0001ab0e       0x14 ..\src\emFile_V322c\LinkLibrary\PSoC5\GCC\libemf16noslfn.a(FS_LogBlock.o)
                0x0001ab0e                FS_LB_WriteBurstPart
 .text.FS_LB_WriteMultiple
                0x0001ab22       0x30 ..\src\emFile_V322c\LinkLibrary\PSoC5\GCC\libemf16noslfn.a(FS_LogBlock.o)
                0x0001ab22                FS_LB_WriteMultiple
 .text.FS_LB_WriteMultiplePart
                0x0001ab52       0x14 ..\src\emFile_V322c\LinkLibrary\PSoC5\GCC\libemf16noslfn.a(FS_LogBlock.o)
                0x0001ab52                FS_LB_WriteMultiplePart
 .text.FS_LB_WriteDevice
                0x0001ab66       0x36 ..\src\emFile_V322c\LinkLibrary\PSoC5\GCC\libemf16noslfn.a(FS_LogBlock.o)
                0x0001ab66                FS_LB_WriteDevice
 .text.FS_LB_WritePart
                0x0001ab9c        0xe ..\src\emFile_V322c\LinkLibrary\PSoC5\GCC\libemf16noslfn.a(FS_LogBlock.o)
                0x0001ab9c                FS_LB_WritePart
 .text.FS_GetSectorSize
                0x0001abaa       0x28 ..\src\emFile_V322c\LinkLibrary\PSoC5\GCC\libemf16noslfn.a(FS_LogBlock.o)
                0x0001abaa                FS_GetSectorSize
 .text.FS_LB_GetDeviceInfo
                0x0001abd2       0x26 ..\src\emFile_V322c\LinkLibrary\PSoC5\GCC\libemf16noslfn.a(FS_LogBlock.o)
                0x0001abd2                FS_LB_GetDeviceInfo
 .text.FS_memcpy
                0x0001abf8      0x120 ..\src\emFile_V322c\LinkLibrary\PSoC5\GCC\libemf16noslfn.a(FS_memcpy.o)
                0x0001abf8                FS_memcpy
 .text.FS__AllocSectorBuffer
                0x0001ad18       0x2c ..\src\emFile_V322c\LinkLibrary\PSoC5\GCC\libemf16noslfn.a(FS_Misc.o)
                0x0001ad18                FS__AllocSectorBuffer
 .text.FS__FreeSectorBuffer
                0x0001ad44       0x28 ..\src\emFile_V322c\LinkLibrary\PSoC5\GCC\libemf16noslfn.a(FS_Misc.o)
                0x0001ad44                FS__FreeSectorBuffer
 .text.FS__SB_MarkDirty
                0x0001ad6c        0x6 ..\src\emFile_V322c\LinkLibrary\PSoC5\GCC\libemf16noslfn.a(FS_Misc.o)
                0x0001ad6c                FS__SB_MarkDirty
 .text.FS__SB_MarkNotDirty
                0x0001ad72        0x6 ..\src\emFile_V322c\LinkLibrary\PSoC5\GCC\libemf16noslfn.a(FS_Misc.o)
                0x0001ad72                FS__SB_MarkNotDirty
 .text.FS__FreeFileHandle
                0x0001ad78        0xa ..\src\emFile_V322c\LinkLibrary\PSoC5\GCC\libemf16noslfn.a(FS_Misc.o)
                0x0001ad78                FS__FreeFileHandle
 .text.FS__FreeFileObj
                0x0001ad82        0xc ..\src\emFile_V322c\LinkLibrary\PSoC5\GCC\libemf16noslfn.a(FS_Misc.o)
                0x0001ad82                FS__FreeFileObj
 *fill*         0x0001ad8e        0x2 
 .text.FS_Init  0x0001ad90       0x58 ..\src\emFile_V322c\LinkLibrary\PSoC5\GCC\libemf16noslfn.a(FS_Misc.o)
                0x0001ad90                FS_Init
 .text.FS__SB_Create
                0x0001ade8       0x28 ..\src\emFile_V322c\LinkLibrary\PSoC5\GCC\libemf16noslfn.a(FS_Misc.o)
                0x0001ade8                FS__SB_Create
 .text.FS__FCloseNL
                0x0001ae10       0x1e ..\src\emFile_V322c\LinkLibrary\PSoC5\GCC\libemf16noslfn.a(FS_Misc.o)
                0x0001ae10                FS__FCloseNL
 .text.FS__FClose
                0x0001ae2e       0x1a ..\src\emFile_V322c\LinkLibrary\PSoC5\GCC\libemf16noslfn.a(FS_Misc.o)
                0x0001ae2e                FS__FClose
 .text.FS_FClose
                0x0001ae48        0xa ..\src\emFile_V322c\LinkLibrary\PSoC5\GCC\libemf16noslfn.a(FS_Misc.o)
                0x0001ae48                FS_FClose
 *fill*         0x0001ae52        0x2 
 .text.FS__AllocFileObj
                0x0001ae54       0x48 ..\src\emFile_V322c\LinkLibrary\PSoC5\GCC\libemf16noslfn.a(FS_Misc.o)
                0x0001ae54                FS__AllocFileObj
 .text.FS__AllocFileHandle
                0x0001ae9c       0x40 ..\src\emFile_V322c\LinkLibrary\PSoC5\GCC\libemf16noslfn.a(FS_Misc.o)
                0x0001ae9c                FS__AllocFileHandle
 .text.FS__OpenEx
                0x0001aedc       0x58 ..\src\emFile_V322c\LinkLibrary\PSoC5\GCC\libemf16noslfn.a(FS_Misc.o)
                0x0001aedc                FS__OpenEx
 .text.FS__FOpenEx
                0x0001af34       0x56 ..\src\emFile_V322c\LinkLibrary\PSoC5\GCC\libemf16noslfn.a(FS_Misc.o)
                0x0001af34                FS__FOpenEx
 *fill*         0x0001af8a        0x2 
 .text.FS__FOpen
                0x0001af8c       0x48 ..\src\emFile_V322c\LinkLibrary\PSoC5\GCC\libemf16noslfn.a(FS_Misc.o)
                0x0001af8c                FS__FOpen
 .text.FS_FOpen
                0x0001afd4        0x4 ..\src\emFile_V322c\LinkLibrary\PSoC5\GCC\libemf16noslfn.a(FS_Misc.o)
                0x0001afd4                FS_FOpen
 .text.FS__SB_Write
                0x0001afd8       0x24 ..\src\emFile_V322c\LinkLibrary\PSoC5\GCC\libemf16noslfn.a(FS_Misc.o)
                0x0001afd8                FS__SB_Write
 .text._SB_Clean
                0x0001affc       0x24 ..\src\emFile_V322c\LinkLibrary\PSoC5\GCC\libemf16noslfn.a(FS_Misc.o)
 .text.FS__SB_SetSector
                0x0001b020       0x20 ..\src\emFile_V322c\LinkLibrary\PSoC5\GCC\libemf16noslfn.a(FS_Misc.o)
                0x0001b020                FS__SB_SetSector
 .text.FS__SB_MarkValid
                0x0001b040       0x10 ..\src\emFile_V322c\LinkLibrary\PSoC5\GCC\libemf16noslfn.a(FS_Misc.o)
                0x0001b040                FS__SB_MarkValid
 .text.FS__SB_Clean
                0x0001b050        0x4 ..\src\emFile_V322c\LinkLibrary\PSoC5\GCC\libemf16noslfn.a(FS_Misc.o)
                0x0001b050                FS__SB_Clean
 .text.FS__SB_Delete
                0x0001b054       0x12 ..\src\emFile_V322c\LinkLibrary\PSoC5\GCC\libemf16noslfn.a(FS_Misc.o)
                0x0001b054                FS__SB_Delete
 .text.FS__SB_Flush
                0x0001b066        0x8 ..\src\emFile_V322c\LinkLibrary\PSoC5\GCC\libemf16noslfn.a(FS_Misc.o)
                0x0001b066                FS__SB_Flush
 .text.FS__SB_Read
                0x0001b06e       0x2a ..\src\emFile_V322c\LinkLibrary\PSoC5\GCC\libemf16noslfn.a(FS_Misc.o)
                0x0001b06e                FS__SB_Read
 .text.FS__Read
                0x0001b098       0x2e ..\src\emFile_V322c\LinkLibrary\PSoC5\GCC\libemf16noslfn.a(FS_Read.o)
                0x0001b098                FS__Read
 .text.FS__AddPhysDevice
                0x0001b0c6       0x10 ..\src\emFile_V322c\LinkLibrary\PSoC5\GCC\libemf16noslfn.a(FS_Storage.o)
                0x0001b0c6                FS__AddPhysDevice
 *fill*         0x0001b0d6        0x2 
 .text.FS__FindVolume
                0x0001b0d8       0x78 ..\src\emFile_V322c\LinkLibrary\PSoC5\GCC\libemf16noslfn.a(FS_Storage.o)
                0x0001b0d8                FS__FindVolume
 .text.FS__AddDevice
                0x0001b150       0x68 ..\src\emFile_V322c\LinkLibrary\PSoC5\GCC\libemf16noslfn.a(FS_Storage.o)
                0x0001b150                FS__AddDevice
 .text.FS_AddDevice
                0x0001b1b8        0x4 ..\src\emFile_V322c\LinkLibrary\PSoC5\GCC\libemf16noslfn.a(FS_Storage.o)
                0x0001b1b8                FS_AddDevice
 .text._Mount   0x0001b1bc       0x2e ..\src\emFile_V322c\LinkLibrary\PSoC5\GCC\libemf16noslfn.a(FS_Volume.o)
 .text.FS__AutoMount
                0x0001b1ea       0x14 ..\src\emFile_V322c\LinkLibrary\PSoC5\GCC\libemf16noslfn.a(FS_Volume.o)
                0x0001b1ea                FS__AutoMount
 .text.FS__Write
                0x0001b1fe       0x3a ..\src\emFile_V322c\LinkLibrary\PSoC5\GCC\libemf16noslfn.a(FS_Write.o)
                0x0001b1fe                FS__Write
 .text.FS_Write
                0x0001b238        0x4 ..\src\emFile_V322c\LinkLibrary\PSoC5\GCC\libemf16noslfn.a(FS_Write.o)
                0x0001b238                FS_Write
 .text.FS_FAT_CloseDir
                0x0001b23c        0xc ..\src\emFile_V322c\LinkLibrary\PSoC5\GCC\libemf16noslfn.a(FAT_Dir.o)
                0x0001b23c                FS_FAT_CloseDir
 .text.FS_FAT_ReadDir
                0x0001b248       0x38 ..\src\emFile_V322c\LinkLibrary\PSoC5\GCC\libemf16noslfn.a(FAT_Dir.o)
                0x0001b248                FS_FAT_ReadDir
 .text.FS_FAT_OpenDir
                0x0001b280       0x72 ..\src\emFile_V322c\LinkLibrary\PSoC5\GCC\libemf16noslfn.a(FAT_Dir.o)
                0x0001b280                FS_FAT_OpenDir
 *fill*         0x0001b2f2        0x2 
 .text.FS_FAT_CreateDirEx
                0x0001b2f4      0x110 ..\src\emFile_V322c\LinkLibrary\PSoC5\GCC\libemf16noslfn.a(FAT_Dir.o)
                0x0001b2f4                FS_FAT_CreateDirEx
 .text.FS_FAT_CreateDir
                0x0001b404       0x64 ..\src\emFile_V322c\LinkLibrary\PSoC5\GCC\libemf16noslfn.a(FAT_Dir.o)
                0x0001b404                FS_FAT_CreateDir
 .text._ReadBurst
                0x0001b468       0x24 ..\src\emFile_V322c\LinkLibrary\PSoC5\GCC\libemf16noslfn.a(FAT_Read.o)
 .text.FS_FAT_Read
                0x0001b48c      0x194 ..\src\emFile_V322c\LinkLibrary\PSoC5\GCC\libemf16noslfn.a(FAT_Read.o)
                0x0001b48c                FS_FAT_Read
 .text._IsBPB   0x0001b620       0x1e ..\src\emFile_V322c\LinkLibrary\PSoC5\GCC\libemf16noslfn.a(FS_Partition.o)
 .text._HasSignature
                0x0001b63e       0x18 ..\src\emFile_V322c\LinkLibrary\PSoC5\GCC\libemf16noslfn.a(FS_Partition.o)
 .text._GetPartitionStartSector
                0x0001b656        0xc ..\src\emFile_V322c\LinkLibrary\PSoC5\GCC\libemf16noslfn.a(FS_Partition.o)
 .text.FS__GetMediaStartSecEx
                0x0001b662       0x6e ..\src\emFile_V322c\LinkLibrary\PSoC5\GCC\libemf16noslfn.a(FS_Partition.o)
                0x0001b662                FS__GetMediaStartSecEx
 .text.FS__LocatePartition
                0x0001b6d0       0x44 ..\src\emFile_V322c\LinkLibrary\PSoC5\GCC\libemf16noslfn.a(FS_Partition.o)
                0x0001b6d0                FS__LocatePartition
 .text.sqrt     0x0001b714       0xb8 c:/program files (x86)/cypress/psoc creator/4.2/psoc creator/import/gnu/arm/5.4.1/bin/../lib/gcc/arm-none-eabi/5.4.1/../../../../arm-none-eabi/lib/armv7-m\libm.a(lib_a-w_sqrt.o)
                0x0001b714                sqrt
 .text.__ieee754_sqrt
                0x0001b7cc      0x188 c:/program files (x86)/cypress/psoc creator/4.2/psoc creator/import/gnu/arm/5.4.1/bin/../lib/gcc/arm-none-eabi/5.4.1/../../../../arm-none-eabi/lib/armv7-m\libm.a(lib_a-e_sqrt.o)
                0x0001b7cc                __ieee754_sqrt
 .text.matherr  0x0001b954        0x4 c:/program files (x86)/cypress/psoc creator/4.2/psoc creator/import/gnu/arm/5.4.1/bin/../lib/gcc/arm-none-eabi/5.4.1/../../../../arm-none-eabi/lib/armv7-m\libm.a(lib_a-s_matherr.o)
                0x0001b954                matherr
 .text.FS_X_AddDevices
                0x0001b958       0x20 .\CortexM3\ARM_GCC_541\Release\Generic.a(SD_ConfigMMC_SPI.o)
                0x0001b958                FS_X_AddDevices
 .text.FS_X_GetTimeDate
                0x0001b978       0x58 .\CortexM3\ARM_GCC_541\Release\Generic.a(SD_ConfigMMC_SPI.o)
                0x0001b978                FS_X_GetTimeDate
 .text._CalcDataCRC16Dummy
                0x0001b9d0        0x6 ..\src\emFile_V322c\LinkLibrary\PSoC5\GCC\libemf16noslfn.a(MMC_Drv.o)
 *fill*         0x0001b9d6        0x2 
 .text._MMC_GetNumUnits
                0x0001b9d8        0xc ..\src\emFile_V322c\LinkLibrary\PSoC5\GCC\libemf16noslfn.a(MMC_Drv.o)
 .text._MMC_GetDriverName
                0x0001b9e4        0x8 ..\src\emFile_V322c\LinkLibrary\PSoC5\GCC\libemf16noslfn.a(MMC_Drv.o)
 .text._MMC_GetStatus
                0x0001b9ec        0x4 ..\src\emFile_V322c\LinkLibrary\PSoC5\GCC\libemf16noslfn.a(MMC_Drv.o)
 .text._CheckR1
                0x0001b9f0       0x38 ..\src\emFile_V322c\LinkLibrary\PSoC5\GCC\libemf16noslfn.a(MMC_Drv.o)
 .text._WaitToGetReady
                0x0001ba28       0x26 ..\src\emFile_V322c\LinkLibrary\PSoC5\GCC\libemf16noslfn.a(MMC_Drv.o)
 .text._SendEmptyCycles
                0x0001ba4e       0x24 ..\src\emFile_V322c\LinkLibrary\PSoC5\GCC\libemf16noslfn.a(MMC_Drv.o)
 *fill*         0x0001ba72        0x2 
 .text._MMC_AddDevice
                0x0001ba74       0x2c ..\src\emFile_V322c\LinkLibrary\PSoC5\GCC\libemf16noslfn.a(MMC_Drv.o)
 .text.T.53     0x0001baa0       0x14 ..\src\emFile_V322c\LinkLibrary\PSoC5\GCC\libemf16noslfn.a(MMC_Drv.o)
 .text._GetFromCSD
                0x0001bab4       0x34 ..\src\emFile_V322c\LinkLibrary\PSoC5\GCC\libemf16noslfn.a(MMC_Drv.o)
 .text._ExecCmdR1
                0x0001bae8       0x98 ..\src\emFile_V322c\LinkLibrary\PSoC5\GCC\libemf16noslfn.a(MMC_Drv.o)
 .text._ReadCSD
                0x0001bb80       0x86 ..\src\emFile_V322c\LinkLibrary\PSoC5\GCC\libemf16noslfn.a(MMC_Drv.o)
 *fill*         0x0001bc06        0x2 
 .text._MMC_Read
                0x0001bc08      0x130 ..\src\emFile_V322c\LinkLibrary\PSoC5\GCC\libemf16noslfn.a(MMC_Drv.o)
 .text._MMC_Write
                0x0001bd38      0x13c ..\src\emFile_V322c\LinkLibrary\PSoC5\GCC\libemf16noslfn.a(MMC_Drv.o)
 .text._ApplyCSD
                0x0001be74      0x228 ..\src\emFile_V322c\LinkLibrary\PSoC5\GCC\libemf16noslfn.a(MMC_Drv.o)
 .text._MMC_Init
                0x0001c09c      0x1c0 ..\src\emFile_V322c\LinkLibrary\PSoC5\GCC\libemf16noslfn.a(MMC_Drv.o)
 .text._MMC_InitMedium
                0x0001c25c       0x28 ..\src\emFile_V322c\LinkLibrary\PSoC5\GCC\libemf16noslfn.a(MMC_Drv.o)
 .text._MMC_IoCtl
                0x0001c284       0x60 ..\src\emFile_V322c\LinkLibrary\PSoC5\GCC\libemf16noslfn.a(MMC_Drv.o)
 .text.SD_Init  0x0001c2e4       0x6c .\CortexM3\ARM_GCC_541\Release\Generic.a(SD_MMC_HW_SPI.o)
 .text.SD_ReadWriteSPI
                0x0001c350       0x68 .\CortexM3\ARM_GCC_541\Release\Generic.a(SD_MMC_HW_SPI.o)
 .text.FS_MMC_HW_X_EnableCS
                0x0001c3b8       0x28 .\CortexM3\ARM_GCC_541\Release\Generic.a(SD_MMC_HW_SPI.o)
                0x0001c3b8                FS_MMC_HW_X_EnableCS
 .text.FS_MMC_HW_X_DisableCS
                0x0001c3e0       0x28 .\CortexM3\ARM_GCC_541\Release\Generic.a(SD_MMC_HW_SPI.o)
                0x0001c3e0                FS_MMC_HW_X_DisableCS
 .text.FS_MMC_HW_X_IsWriteProtected
                0x0001c408       0x28 .\CortexM3\ARM_GCC_541\Release\Generic.a(SD_MMC_HW_SPI.o)
                0x0001c408                FS_MMC_HW_X_IsWriteProtected
 .text.FS_MMC_HW_X_SetMaxSpeed
                0x0001c430       0x88 .\CortexM3\ARM_GCC_541\Release\Generic.a(SD_MMC_HW_SPI.o)
                0x0001c430                FS_MMC_HW_X_SetMaxSpeed
 .text.FS_MMC_HW_X_SetVoltage
                0x0001c4b8       0x68 .\CortexM3\ARM_GCC_541\Release\Generic.a(SD_MMC_HW_SPI.o)
                0x0001c4b8                FS_MMC_HW_X_SetVoltage
 .text.FS_MMC_HW_X_IsPresent
                0x0001c520       0x30 .\CortexM3\ARM_GCC_541\Release\Generic.a(SD_MMC_HW_SPI.o)
                0x0001c520                FS_MMC_HW_X_IsPresent
 .text.FS_MMC_HW_X_Read
                0x0001c550       0x38 .\CortexM3\ARM_GCC_541\Release\Generic.a(SD_MMC_HW_SPI.o)
                0x0001c550                FS_MMC_HW_X_Read
 .text.FS_MMC_HW_X_Write
                0x0001c588       0x34 .\CortexM3\ARM_GCC_541\Release\Generic.a(SD_MMC_HW_SPI.o)
                0x0001c588                FS_MMC_HW_X_Write
 .text.SD_SPI0_Init
                0x0001c5bc       0x34 .\CortexM3\ARM_GCC_541\Release\Generic.a(SD_SPI0.o)
                0x0001c5bc                SD_SPI0_Init
 .text.SD_SPI0_Enable
                0x0001c5f0       0x64 .\CortexM3\ARM_GCC_541\Release\Generic.a(SD_SPI0.o)
                0x0001c5f0                SD_SPI0_Enable
 .text.SD_SPI0_Start
                0x0001c654       0x24 .\CortexM3\ARM_GCC_541\Release\Generic.a(SD_SPI0.o)
                0x0001c654                SD_SPI0_Start
 .text.SD_SPI0_EnableTxInt
                0x0001c678        0xc .\CortexM3\ARM_GCC_541\Release\Generic.a(SD_SPI0.o)
                0x0001c678                SD_SPI0_EnableTxInt
 .text.SD_SPI0_EnableRxInt
                0x0001c684        0xc .\CortexM3\ARM_GCC_541\Release\Generic.a(SD_SPI0.o)
                0x0001c684                SD_SPI0_EnableRxInt
 .text.SD_SPI0_ReadTxStatus
                0x0001c690       0x1c .\CortexM3\ARM_GCC_541\Release\Generic.a(SD_SPI0.o)
                0x0001c690                SD_SPI0_ReadTxStatus
 .text.SD_SPI0_ReadRxStatus
                0x0001c6ac       0x1c .\CortexM3\ARM_GCC_541\Release\Generic.a(SD_SPI0.o)
                0x0001c6ac                SD_SPI0_ReadRxStatus
 .text.SD_SPI0_WriteTxData
                0x0001c6c8       0x34 .\CortexM3\ARM_GCC_541\Release\Generic.a(SD_SPI0.o)
                0x0001c6c8                SD_SPI0_WriteTxData
 .text.SD_SPI0_ReadRxData
                0x0001c6fc       0x1c .\CortexM3\ARM_GCC_541\Release\Generic.a(SD_SPI0.o)
                0x0001c6fc                SD_SPI0_ReadRxData
 .text.SD_SPI0_ClearFIFO
                0x0001c718       0x60 .\CortexM3\ARM_GCC_541\Release\Generic.a(SD_SPI0.o)
                0x0001c718                SD_SPI0_ClearFIFO
 .text.SD_Clock_1_Start
                0x0001c778       0x34 .\CortexM3\ARM_GCC_541\Release\Generic.a(SD_Clock_1.o)
                0x0001c778                SD_Clock_1_Start
 .text.SD_Clock_1_Stop
                0x0001c7ac       0x34 .\CortexM3\ARM_GCC_541\Release\Generic.a(SD_Clock_1.o)
                0x0001c7ac                SD_Clock_1_Stop
 .text.SD_Clock_1_SetDividerRegister
                0x0001c7e0      0x164 .\CortexM3\ARM_GCC_541\Release\Generic.a(SD_Clock_1.o)
                0x0001c7e0                SD_Clock_1_SetDividerRegister
 .text.SD_Clock_1_GetDividerRegister
                0x0001c944       0x18 .\CortexM3\ARM_GCC_541\Release\Generic.a(SD_Clock_1.o)
                0x0001c944                SD_Clock_1_GetDividerRegister
 .text.SD_Clock_1_GetSourceRegister
                0x0001c95c       0x1c .\CortexM3\ARM_GCC_541\Release\Generic.a(SD_Clock_1.o)
                0x0001c95c                SD_Clock_1_GetSourceRegister
 .text.SD_SPI0_CS_Write
                0x0001c978       0x3c .\CortexM3\ARM_GCC_541\Release\Generic.a(SD_SPI0_CS.o)
                0x0001c978                SD_SPI0_CS_Write
 .text          0x0001c9b4      0x370 c:/program files (x86)/cypress/psoc creator/4.2/psoc creator/import/gnu/arm/5.4.1/bin/../lib/gcc/arm-none-eabi/5.4.1/armv7-m\libgcc.a(_arm_addsubdf3.o)
                0x0001c9b4                __aeabi_drsub
                0x0001c9bc                __aeabi_dsub
                0x0001c9bc                __subdf3
                0x0001c9c0                __aeabi_dadd
                0x0001c9c0                __adddf3
                0x0001cc38                __floatunsidf
                0x0001cc38                __aeabi_ui2d
                0x0001cc58                __floatsidf